Archive member included to satisfy reference by file (symbol)

.\CortexM3\ARM_GCC_541\Debug\Prototipo.a(ADC.o)
                              .\CortexM3\ARM_GCC_541\Debug\main.o (ADC_Start)
.\CortexM3\ARM_GCC_541\Debug\Prototipo.a(ADC_INT.o)
                              .\CortexM3\ARM_GCC_541\Debug\Prototipo.a(ADC.o) (ADC_ISR)
.\CortexM3\ARM_GCC_541\Debug\Prototipo.a(UART.o)
                              .\CortexM3\ARM_GCC_541\Debug\main.o (UART_Start)
.\CortexM3\ARM_GCC_541\Debug\Prototipo.a(IRQRX.o)
                              .\CortexM3\ARM_GCC_541\Debug\main.o (IRQRX_StartEx)
.\CortexM3\ARM_GCC_541\Debug\Prototipo.a(ADC_theACLK.o)
                              .\CortexM3\ARM_GCC_541\Debug\Prototipo.a(ADC.o) (ADC_theACLK_SetModeRegister)
.\CortexM3\ARM_GCC_541\Debug\Prototipo.a(UART_IntClock.o)
                              .\CortexM3\ARM_GCC_541\Debug\Prototipo.a(UART.o) (UART_IntClock_Start)
.\CortexM3\ARM_GCC_541\Debug\Prototipo.a(CyLib.o)
                              .\CortexM3\ARM_GCC_541\Debug\Cm3Start.o (CyHalt)
.\CortexM3\ARM_GCC_541\Debug\Prototipo.a(cyPm.o)
                              .\CortexM3\ARM_GCC_541\Debug\Prototipo.a(CyLib.o) (CyPmReadStatus)
.\CortexM3\ARM_GCC_541\Debug\Prototipo.a(LED.o)
                              .\CortexM3\ARM_GCC_541\Debug\main.o (LED_Write)
.\CortexM3\ARM_GCC_541\Debug\Prototipo.a(I2C.o)
                              .\CortexM3\ARM_GCC_541\Debug\GP2Y0E03.o (I2C_Start)
.\CortexM3\ARM_GCC_541\Debug\Prototipo.a(I2C_INT.o)
                              .\CortexM3\ARM_GCC_541\Debug\Prototipo.a(I2C.o) (I2C_ISR)
.\CortexM3\ARM_GCC_541\Debug\Prototipo.a(I2C_PM.o)
                              .\CortexM3\ARM_GCC_541\Debug\Prototipo.a(I2C.o) (I2C_backup)
.\CortexM3\ARM_GCC_541\Debug\Prototipo.a(I2C_MASTER.o)
                              .\CortexM3\ARM_GCC_541\Debug\Prototipo.a(I2C.o) (I2C_mstrStatus)
.\CortexM3\ARM_GCC_541\Debug\Prototipo.a(PWM_Dir.o)
                              .\CortexM3\ARM_GCC_541\Debug\main.o (PWM_Dir_WriteCompare1)
.\CortexM3\ARM_GCC_541\Debug\Prototipo.a(PWM_Motores.o)
                              .\CortexM3\ARM_GCC_541\Debug\main.o (PWM_Motores_WriteCompare1)
.\CortexM3\ARM_GCC_541\Debug\Prototipo.a(INMI.o)
                              .\CortexM3\ARM_GCC_541\Debug\main.o (INMI_Write)
.\CortexM3\ARM_GCC_541\Debug\Prototipo.a(INMD.o)
                              .\CortexM3\ARM_GCC_541\Debug\main.o (INMD_Write)
.\CortexM3\ARM_GCC_541\Debug\Prototipo.a(Ascensor.o)
                              .\CortexM3\ARM_GCC_541\Debug\main.o (Ascensor_Write)
.\CortexM3\ARM_GCC_541\Debug\Prototipo.a(PWM_Door.o)
                              .\CortexM3\ARM_GCC_541\Debug\main.o (PWM_Door_WriteCompare)
.\CortexM3\ARM_GCC_541\Debug\Prototipo.a(INMA.o)
                              .\CortexM3\ARM_GCC_541\Debug\main.o (INMA_Write)
.\CortexM3\ARM_GCC_541\Debug\Prototipo.a(CyBootAsmGnu.o)
                              .\CortexM3\ARM_GCC_541\Debug\cyfitter_cfg.o (CyDelayCycles)
.\CortexM3\ARM_GCC_541\Debug\Prototipo.a(CyFlash.o)
                              .\CortexM3\ARM_GCC_541\Debug\Prototipo.a(cyPm.o) (CyFlash_SetWaitCycles)
.\CortexM3\ARM_GCC_541\Debug\Prototipo.a(CySpc.o)
                              .\CortexM3\ARM_GCC_541\Debug\Prototipo.a(CyFlash.o) (CySpcStart)
c:/program files (x86)/cypress/psoc creator/4.2/psoc creator/import/gnu/arm/5.4.1/bin/../lib/gcc/arm-none-eabi/5.4.1/armv7-m\libgcc.a(_arm_addsubsf3.o)
                              .\CortexM3\ARM_GCC_541\Debug\Prototipo.a(ADC.o) (__aeabi_i2f)
c:/program files (x86)/cypress/psoc creator/4.2/psoc creator/import/gnu/arm/5.4.1/bin/../lib/gcc/arm-none-eabi/5.4.1/armv7-m\libgcc.a(_arm_muldivsf3.o)
                              .\CortexM3\ARM_GCC_541\Debug\Prototipo.a(ADC.o) (__aeabi_fmul)
c:/program files (x86)/cypress/psoc creator/4.2/psoc creator/import/gnu/arm/5.4.1/bin/../lib/gcc/arm-none-eabi/5.4.1/armv7-m\libgcc.a(_aeabi_ldivmod.o)
                              .\CortexM3\ARM_GCC_541\Debug\Prototipo.a(ADC.o) (__aeabi_ldivmod)
c:/program files (x86)/cypress/psoc creator/4.2/psoc creator/import/gnu/arm/5.4.1/bin/../lib/gcc/arm-none-eabi/5.4.1/armv7-m\libgcc.a(_udivmoddi4.o)
                              c:/program files (x86)/cypress/psoc creator/4.2/psoc creator/import/gnu/arm/5.4.1/bin/../lib/gcc/arm-none-eabi/5.4.1/armv7-m\libgcc.a(_aeabi_ldivmod.o) (__udivmoddi4)
c:/program files (x86)/cypress/psoc creator/4.2/psoc creator/import/gnu/arm/5.4.1/bin/../lib/gcc/arm-none-eabi/5.4.1/armv7-m\libgcc.a(_dvmd_tls.o)
                              c:/program files (x86)/cypress/psoc creator/4.2/psoc creator/import/gnu/arm/5.4.1/bin/../lib/gcc/arm-none-eabi/5.4.1/armv7-m\libgcc.a(_aeabi_ldivmod.o) (__aeabi_ldiv0)
c:/program files (x86)/cypress/psoc creator/4.2/psoc creator/import/gnu/arm/5.4.1/bin/../lib/gcc/arm-none-eabi/5.4.1/../../../../arm-none-eabi/lib/armv7-m\libg_nano.a(lib_a-errno.o)
                              .\CortexM3\ARM_GCC_541\Debug\Cm3Start.o (__errno)
[...]
Memory Configuration

Name             Origin             Length             Attributes
rom              0x00000000         0x00040000         xr
ram              0x1fff8000         0x00010000         xrw
*default*        0x00000000         0xffffffff

Linker script and memory map

LOAD c:/program files (x86)/cypress/psoc creator/4.2/psoc creator/import/gnu/arm/5.4.1/bin/../lib/gcc/arm-none-eabi/5.4.1/armv7-m/crti.o
LOAD c:/program files (x86)/cypress/psoc creator/4.2/psoc creator/import/gnu/arm/5.4.1/bin/../lib/gcc/arm-none-eabi/5.4.1/armv7-m/crtbegin.o
LOAD c:/program files (x86)/cypress/psoc creator/4.2/psoc creator/import/gnu/arm/5.4.1/bin/../lib/gcc/arm-none-eabi/5.4.1/../../../../arm-none-eabi/lib/armv7-m/crt0.o
START GROUP
LOAD .\CortexM3\ARM_GCC_541\Debug\main.o
LOAD .\CortexM3\ARM_GCC_541\Debug\GP2Y0E03.o
LOAD .\CortexM3\ARM_GCC_541\Debug\cyfitter_cfg.o
LOAD .\CortexM3\ARM_GCC_541\Debug\cymetadata.o
LOAD .\CortexM3\ARM_GCC_541\Debug\Cm3Start.o
LOAD .\CortexM3\ARM_GCC_541\Debug\Prototipo.a
LOAD C:\Program Files (x86)\Cypress\PSoC Creator\4.2\PSoC Creator\psoc\content\cycomponentlibrary\CyComponentLibrary.cylib\CortexM3\ARM_GCC_541\Debug\CyComponentLibrary.a
END GROUP
START GROUP
LOAD c:/program files (x86)/cypress/psoc creator/4.2/psoc creator/import/gnu/arm/5.4.1/bin/../lib/gcc/arm-none-eabi/5.4.1/armv7-m\libgcc.a
LOAD c:/program files (x86)/cypress/psoc creator/4.2/psoc creator/import/gnu/arm/5.4.1/bin/../lib/gcc/arm-none-eabi/5.4.1/../../../../arm-none-eabi/lib/armv7-m\libg_nano.a
LOAD c:/program files (x86)/cypress/psoc creator/4.2/psoc creator/import/gnu/arm/5.4.1/bin/../lib/gcc/arm-none-eabi/5.4.1/../../../../arm-none-eabi/lib/armv7-m\libc_nano.a
END GROUP
START GROUP
LOAD c:/program files (x86)/cypress/psoc creator/4.2/psoc creator/import/gnu/arm/5.4.1/bin/../lib/gcc/arm-none-eabi/5.4.1/armv7-m\libgcc.a
LOAD c:/program files (x86)/cypress/psoc creator/4.2/psoc creator/import/gnu/arm/5.4.1/bin/../lib/gcc/arm-none-eabi/5.4.1/../../../../arm-none-eabi/lib/armv7-m\libc_nano.a
END GROUP
LOAD c:/program files (x86)/cypress/psoc creator/4.2/psoc creator/import/gnu/arm/5.4.1/bin/../lib/gcc/arm-none-eabi/5.4.1/armv7-m/crtend.o
LOAD c:/program files (x86)/cypress/psoc creator/4.2/psoc creator/import/gnu/arm/5.4.1/bin/../lib/gcc/arm-none-eabi/5.4.1/armv7-m/crtn.o
START GROUP
LOAD c:/program files (x86)/cypress/psoc creator/4.2/psoc creator/import/gnu/arm/5.4.1/bin/../lib/gcc/arm-none-eabi/5.4.1/armv7-m\libgcc.a
LOAD c:/program files (x86)/cypress/psoc creator/4.2/psoc creator/import/gnu/arm/5.4.1/bin/../lib/gcc/arm-none-eabi/5.4.1/../../../../arm-none-eabi/lib/armv7-m\libc.a
LOAD c:/program files (x86)/cypress/psoc creator/4.2/psoc creator/import/gnu/arm/5.4.1/bin/../lib/gcc/arm-none-eabi/5.4.1/../../../../arm-none-eabi/lib/armv7-m\libnosys.a
END GROUP
                0x00000000                CY_APPL_ORIGIN = 0x0
                0x00000100                CY_FLASH_ROW_SIZE = 0x100
                0x00000020                CY_ECC_ROW_SIZE = 0x20
                0x00000000                CY_EE_IN_BTLDR = 0x0
                0x00000000                CY_APPL_LOADABLE = 0x0
                0x00000800                CY_EE_SIZE = 0x800
                0x00000001                CY_APPL_NUM = 0x1
                0x00000001                CY_APPL_MAX = 0x1
                0x00000040                CY_METADATA_SIZE = 0x40
                0x00000000                CY_APPL_LOADABLE = 0x0
                0x00000000                CY_CHECKSUM_EXCLUDE_SIZE = ALIGN (0x0, CY_FLASH_ROW_SIZE)
                [!provide]                PROVIDE (__cy_heap_start, _end)
                0x00000001                PROVIDE (__cy_region_num, ((__cy_regions_end - __cy_regions) / 0x10))
                0x20008000                PROVIDE (__cy_stack, (ORIGIN (ram) + LENGTH (ram)))
                [!provide]                PROVIDE (__cy_heap_end, (__cy_stack - 0x800))

.cybootloader   0x00000000        0x0
 *(.cybootloader)
                0x00000000                appl1_start = CY_APPL_ORIGIN?CY_APPL_ORIGIN:ALIGN (CY_FLASH_ROW_SIZE)
                0x0001ff00                appl2_start = (appl1_start + ALIGN ((((LENGTH (rom) - appl1_start) - (0x2 * CY_FLASH_ROW_SIZE)) / 0x2), CY_FLASH_ROW_SIZE))
                0x00000000                appl_start = (CY_APPL_NUM == 0x1)?appl1_start:appl2_start
                0x00000000                ecc_offset = ((appl_start / CY_FLASH_ROW_SIZE) * CY_ECC_ROW_SIZE)
                0x00000000                ee_offset = (CY_APPL_LOADABLE && ! (CY_EE_IN_BTLDR))?((CY_EE_SIZE / CY_APPL_MAX) * (CY_APPL_NUM - 0x1)):0x0
                0x00000800                ee_size = (CY_APPL_LOADABLE && ! (CY_EE_IN_BTLDR))?(CY_EE_SIZE / CY_APPL_MAX):CY_EE_SIZE
                [!provide]                PROVIDE (CY_ECC_OFFSET, ecc_offset)

.text           0x00000000     0x1780
 CREATE_OBJECT_SYMBOLS
                0x00000000                PROVIDE (__cy_interrupt_vector, RomVectors)
 *(.romvectors)
 .romvectors    0x00000000       0x10 .\CortexM3\ARM_GCC_541\Debug\Cm3Start.o
                0x00000000                RomVectors
                0x00000001                ASSERT ((. != __cy_interrupt_vector), No interrupt vector)
                0x00000001                ASSERT (CY_APPL_ORIGIN?(SIZEOF (.cybootloader) <= CY_APPL_ORIGIN):0x1, Wrong image location)
                0x00000010                PROVIDE (__cy_reset, Reset)
 *(.text.Reset)
 .text.Reset    0x00000010       0x18 .\CortexM3\ARM_GCC_541\Debug\Cm3Start.o
                0x00000010                Reset
                0x00000001                ASSERT ((. != __cy_reset), No reset code)
 *(.dma_init)
                0x00000001                ASSERT ((((appl_start + .) <= 0x10000) || 0x1), DMA Init must be within the first 64k of flash)
 *(.text .text.* .gnu.linkonce.t.*)
 .text          0x00000028       0x5c c:/program files (x86)/cypress/psoc creator/4.2/psoc creator/import/gnu/arm/5.4.1/bin/../lib/gcc/arm-none-eabi/5.4.1/armv7-m/crtbegin.o
 .text.TurnLefth
                0x00000084       0x40 .\CortexM3\ARM_GCC_541\Debug\main.o
                0x00000084                TurnLefth
 .text.TurnRight
                0x000000c4       0x40 .\CortexM3\ARM_GCC_541\Debug\main.o
                0x000000c4                TurnRight
 .text.InterrupRx
                0x00000104      0x19c .\CortexM3\ARM_GCC_541\Debug\main.o
                0x00000104                InterrupRx
 .text.main     0x000002a0      0x17c .\CortexM3\ARM_GCC_541\Debug\main.o
                0x000002a0                main
 .text.CyClockStartupError
                0x0000041c        0x4 .\CortexM3\ARM_GCC_541\Debug\cyfitter_cfg.o
 .text.cfg_write_bytes32
                0x00000420       0x34 .\CortexM3\ARM_GCC_541\Debug\cyfitter_cfg.o
 .text.CYMEMZERO
                0x00000454        0xc .\CortexM3\ARM_GCC_541\Debug\cyfitter_cfg.o
 .text.AnalogSetDefault
                0x00000460       0x7c .\CortexM3\ARM_GCC_541\Debug\cyfitter_cfg.o
 .text.CYCONFIGCPY
                0x000004dc        0x8 .\CortexM3\ARM_GCC_541\Debug\cyfitter_cfg.o
 .text.ClockSetup
                0x000004e4      0x10c .\CortexM3\ARM_GCC_541\Debug\cyfitter_cfg.o
 .text.cyfitter_cfg
                0x000005f0      0x134 .\CortexM3\ARM_GCC_541\Debug\cyfitter_cfg.o
                0x000005f0                cyfitter_cfg
 .text.IntDefaultHandler
                0x00000724       0x10 .\CortexM3\ARM_GCC_541\Debug\Cm3Start.o
                0x00000724                IntDefaultHandler
 .text._sbrk    0x00000734       0x30 .\CortexM3\ARM_GCC_541\Debug\Cm3Start.o
                0x00000734                _sbrk
 .text.Start_c  0x00000764       0x4c .\CortexM3\ARM_GCC_541\Debug\Cm3Start.o
                0x00000764                Start_c
 .text.initialize_psoc
                0x000007b0       0x68 .\CortexM3\ARM_GCC_541\Debug\Cm3Start.o
                0x000007b0                initialize_psoc
 .text.ADC_CalcGain
                0x00000818       0x64 .\CortexM3\ARM_GCC_541\Debug\Prototipo.a(ADC.o)
 .text.ADC_Enable
                0x0000087c       0x94 .\CortexM3\ARM_GCC_541\Debug\Prototipo.a(ADC.o)
                0x0000087c                ADC_Enable
 .text.ADC_SetResolution
                0x00000910       0x38 .\CortexM3\ARM_GCC_541\Debug\Prototipo.a(ADC.o)
                0x00000910                ADC_SetResolution
 .text.ADC_Init
                0x00000948       0x3c .\CortexM3\ARM_GCC_541\Debug\Prototipo.a(ADC.o)
                0x00000948                ADC_Init
 .text.ADC_Start
                0x00000984       0x1c .\CortexM3\ARM_GCC_541\Debug\Prototipo.a(ADC.o)
                0x00000984                ADC_Start
 .text.ADC_StartConvert
                0x000009a0       0x18 .\CortexM3\ARM_GCC_541\Debug\Prototipo.a(ADC.o)
                0x000009a0                ADC_StartConvert
 .text.ADC_IsEndConversion
                0x000009b8       0x24 .\CortexM3\ARM_GCC_541\Debug\Prototipo.a(ADC.o)
                0x000009b8                ADC_IsEndConversion
 .text.ADC_GetResult16
                0x000009dc       0x18 .\CortexM3\ARM_GCC_541\Debug\Prototipo.a(ADC.o)
                0x000009dc                ADC_GetResult16
 .text.ADC_ISR  0x000009f4        0x4 .\CortexM3\ARM_GCC_541\Debug\Prototipo.a(ADC_INT.o)
                0x000009f4                ADC_ISR
 .text.UART_Init
                0x000009f8       0x28 .\CortexM3\ARM_GCC_541\Debug\Prototipo.a(UART.o)
                0x000009f8                UART_Init
 .text.UART_Enable
                0x00000a20       0x38 .\CortexM3\ARM_GCC_541\Debug\Prototipo.a(UART.o)
                0x00000a20                UART_Enable
 .text.UART_Start
                0x00000a58       0x1c .\CortexM3\ARM_GCC_541\Debug\Prototipo.a(UART.o)
                0x00000a58                UART_Start
 .text.UART_GetChar
                0x00000a74       0x2c .\CortexM3\ARM_GCC_541\Debug\Prototipo.a(UART.o)
                0x00000a74                UART_GetChar
 .text.UART_PutChar
                0x00000aa0       0x18 .\CortexM3\ARM_GCC_541\Debug\Prototipo.a(UART.o)
                0x00000aa0                UART_PutChar
 .text.UART_PutString
                0x00000ab8       0x24 .\CortexM3\ARM_GCC_541\Debug\Prototipo.a(UART.o)
                0x00000ab8                UART_PutString
 .text.IRQRX_SetVector
                0x00000adc        0xc .\CortexM3\ARM_GCC_541\Debug\Prototipo.a(IRQRX.o)
                0x00000adc                IRQRX_SetVector
 .text.IRQRX_SetPriority
                0x00000ae8       0x10 .\CortexM3\ARM_GCC_541\Debug\Prototipo.a(IRQRX.o)
                0x00000ae8                IRQRX_SetPriority
 .text.IRQRX_Enable
                0x00000af8        0xc .\CortexM3\ARM_GCC_541\Debug\Prototipo.a(IRQRX.o)
                0x00000af8                IRQRX_Enable
 .text.IRQRX_Disable
                0x00000b04        0xc .\CortexM3\ARM_GCC_541\Debug\Prototipo.a(IRQRX.o)
                0x00000b04                IRQRX_Disable
 .text.IRQRX_StartEx
                0x00000b10       0x1c .\CortexM3\ARM_GCC_541\Debug\Prototipo.a(IRQRX.o)
                0x00000b10                IRQRX_StartEx
 .text.ADC_theACLK_SetModeRegister
                0x00000b2c       0x14 .\CortexM3\ARM_GCC_541\Debug\Prototipo.a(ADC_theACLK.o)
                0x00000b2c                ADC_theACLK_SetModeRegister
 .text.UART_IntClock_Start
                0x00000b40       0x1c .\CortexM3\ARM_GCC_541\Debug\Prototipo.a(UART_IntClock.o)
                0x00000b40                UART_IntClock_Start
 .text.CyHalt   0x00000b5c        0x4 .\CortexM3\ARM_GCC_541\Debug\Prototipo.a(CyLib.o)
                0x00000b5c                CyHalt
 .text.CyDelay  0x00000b60       0x2c .\CortexM3\ARM_GCC_541\Debug\Prototipo.a(CyLib.o)
                0x00000b60                CyDelay
 .text.CyDelayUs
                0x00000b8c       0x14 .\CortexM3\ARM_GCC_541\Debug\Prototipo.a(CyLib.o)
                0x00000b8c                CyDelayUs
 .text.CyIntSetVector
                0x00000ba0       0x28 .\CortexM3\ARM_GCC_541\Debug\Prototipo.a(CyLib.o)
                0x00000ba0                CyIntSetVector
 .text.CyIntSetPriority
                0x00000bc8       0x30 .\CortexM3\ARM_GCC_541\Debug\Prototipo.a(CyLib.o)
                0x00000bc8                CyIntSetPriority
 .text.LED_Write
                0x00000bf8       0x18 .\CortexM3\ARM_GCC_541\Debug\Prototipo.a(LED.o)
                0x00000bf8                LED_Write
 .text.LED_Read
                0x00000c10       0x10 .\CortexM3\ARM_GCC_541\Debug\Prototipo.a(LED.o)
                0x00000c10                LED_Read
 .text.PWM_Dir_Enable
                0x00000c20       0x10 .\CortexM3\ARM_GCC_541\Debug\Prototipo.a(PWM_Dir.o)
                0x00000c20                PWM_Dir_Enable
 .text.PWM_Dir_WriteCounter
                0x00000c30        0xc .\CortexM3\ARM_GCC_541\Debug\Prototipo.a(PWM_Dir.o)
                0x00000c30                PWM_Dir_WriteCounter
 .text.PWM_Dir_WritePeriod
                0x00000c3c        0xc .\CortexM3\ARM_GCC_541\Debug\Prototipo.a(PWM_Dir.o)
                0x00000c3c                PWM_Dir_WritePeriod
 .text.PWM_Dir_WriteCompare1
                0x00000c48        0xc .\CortexM3\ARM_GCC_541\Debug\Prototipo.a(PWM_Dir.o)
                0x00000c48                PWM_Dir_WriteCompare1
 .text.PWM_Dir_WriteCompare2
                0x00000c54        0xc .\CortexM3\ARM_GCC_541\Debug\Prototipo.a(PWM_Dir.o)
                0x00000c54                PWM_Dir_WriteCompare2
 .text.PWM_Dir_Init
                0x00000c60       0x48 .\CortexM3\ARM_GCC_541\Debug\Prototipo.a(PWM_Dir.o)
                0x00000c60                PWM_Dir_Init
 .text.PWM_Dir_Start
                0x00000ca8       0x1c .\CortexM3\ARM_GCC_541\Debug\Prototipo.a(PWM_Dir.o)
                0x00000ca8                PWM_Dir_Start
 .text.PWM_Motores_Enable
                0x00000cc4       0x10 .\CortexM3\ARM_GCC_541\Debug\Prototipo.a(PWM_Motores.o)
                0x00000cc4                PWM_Motores_Enable
 .text.PWM_Motores_WriteCounter
                0x00000cd4        0xc .\CortexM3\ARM_GCC_541\Debug\Prototipo.a(PWM_Motores.o)
                0x00000cd4                PWM_Motores_WriteCounter
 .text.PWM_Motores_WritePeriod
                0x00000ce0        0xc .\CortexM3\ARM_GCC_541\Debug\Prototipo.a(PWM_Motores.o)
                0x00000ce0                PWM_Motores_WritePeriod
 .text.PWM_Motores_WriteCompare1
                0x00000cec        0xc .\CortexM3\ARM_GCC_541\Debug\Prototipo.a(PWM_Motores.o)
                0x00000cec                PWM_Motores_WriteCompare1
 .text.PWM_Motores_WriteCompare2
                0x00000cf8        0xc .\CortexM3\ARM_GCC_541\Debug\Prototipo.a(PWM_Motores.o)
                0x00000cf8                PWM_Motores_WriteCompare2
 .text.PWM_Motores_SetInterruptMode
                0x00000d04        0xc .\CortexM3\ARM_GCC_541\Debug\Prototipo.a(PWM_Motores.o)
                0x00000d04                PWM_Motores_SetInterruptMode
 .text.PWM_Motores_ReadStatusRegister
                0x00000d10        0xc .\CortexM3\ARM_GCC_541\Debug\Prototipo.a(PWM_Motores.o)
                0x00000d10                PWM_Motores_ReadStatusRegister
 .text.PWM_Motores_ReadCapture
                0x00000d1c        0xc .\CortexM3\ARM_GCC_541\Debug\Prototipo.a(PWM_Motores.o)
                0x00000d1c                PWM_Motores_ReadCapture
 .text.PWM_Motores_ClearFIFO
                0x00000d28       0x14 .\CortexM3\ARM_GCC_541\Debug\Prototipo.a(PWM_Motores.o)
                0x00000d28                PWM_Motores_ClearFIFO
 .text.PWM_Motores_Init
                0x00000d3c       0x58 .\CortexM3\ARM_GCC_541\Debug\Prototipo.a(PWM_Motores.o)
                0x00000d3c                PWM_Motores_Init
 .text.PWM_Motores_Start
                0x00000d94       0x1c .\CortexM3\ARM_GCC_541\Debug\Prototipo.a(PWM_Motores.o)
                0x00000d94                PWM_Motores_Start
 .text.INMI_Write
                0x00000db0       0x18 .\CortexM3\ARM_GCC_541\Debug\Prototipo.a(INMI.o)
                0x00000db0                INMI_Write
 .text.INMD_Write
                0x00000dc8       0x18 .\CortexM3\ARM_GCC_541\Debug\Prototipo.a(INMD.o)
                0x00000dc8                INMD_Write
 .text.Ascensor_Write
                0x00000de0        0xc .\CortexM3\ARM_GCC_541\Debug\Prototipo.a(Ascensor.o)
                0x00000de0                Ascensor_Write
 .text.PWM_Door_Enable
                0x00000dec       0x10 .\CortexM3\ARM_GCC_541\Debug\Prototipo.a(PWM_Door.o)
                0x00000dec                PWM_Door_Enable
 .text.PWM_Door_WriteCounter
                0x00000dfc        0xc .\CortexM3\ARM_GCC_541\Debug\Prototipo.a(PWM_Door.o)
                0x00000dfc                PWM_Door_WriteCounter
 .text.PWM_Door_WritePeriod
                0x00000e08        0xc .\CortexM3\ARM_GCC_541\Debug\Prototipo.a(PWM_Door.o)
                0x00000e08                PWM_Door_WritePeriod
 .text.PWM_Door_WriteCompare
                0x00000e14        0xc .\CortexM3\ARM_GCC_541\Debug\Prototipo.a(PWM_Door.o)
                0x00000e14                PWM_Door_WriteCompare
 .text.PWM_Door_Init
                0x00000e20       0x40 .\CortexM3\ARM_GCC_541\Debug\Prototipo.a(PWM_Door.o)
                0x00000e20                PWM_Door_Init
 .text.PWM_Door_Start
                0x00000e60       0x1c .\CortexM3\ARM_GCC_541\Debug\Prototipo.a(PWM_Door.o)
                0x00000e60                PWM_Door_Start
 .text.INMA_Write
                0x00000e7c       0x18 .\CortexM3\ARM_GCC_541\Debug\Prototipo.a(INMA.o)
                0x00000e7c                INMA_Write
 *fill*         0x00000e94        0x4 
 .text          0x00000e98       0x20 .\CortexM3\ARM_GCC_541\Debug\Prototipo.a(CyBootAsmGnu.o)
                0x00000e98                CyDelayCycles
                0x00000ea8                CyEnterCriticalSection
                0x00000eb0                CyExitCriticalSection
 .text.__errno  0x00000eb8        0xc c:/program files (x86)/cypress/psoc creator/4.2/psoc creator/import/gnu/arm/5.4.1/bin/../lib/gcc/arm-none-eabi/5.4.1/../../../../arm-none-eabi/lib/armv7-m\libg_nano.a(lib_a-errno.o)
                0x00000eb8                __errno
 .text.__libc_init_array
                0x00000ec4       0x4c c:/program files (x86)/cypress/psoc creator/4.2/psoc creator/import/gnu/arm/5.4.1/bin/../lib/gcc/arm-none-eabi/5.4.1/../../../../arm-none-eabi/lib/armv7-m\libg_nano.a(lib_a-init.o)
                0x00000ec4                __libc_init_array
 .text.memcpy   0x00000f10       0x16 c:/program files (x86)/cypress/psoc creator/4.2/psoc creator/import/gnu/arm/5.4.1/bin/../lib/gcc/arm-none-eabi/5.4.1/../../../../arm-none-eabi/lib/armv7-m\libg_nano.a(lib_a-memcpy-stub.o)
                0x00000f10                memcpy
 .text.memset   0x00000f26       0x10 c:/program files (x86)/cypress/psoc creator/4.2/psoc creator/import/gnu/arm/5.4.1/bin/../lib/gcc/arm-none-eabi/5.4.1/../../../../arm-none-eabi/lib/armv7-m\libg_nano.a(lib_a-memset.o)
                0x00000f26                memset
 *fill*         0x00000f36        0x2 
 .text.sprintf  0x00000f38       0x48 c:/program files (x86)/cypress/psoc creator/4.2/psoc creator/import/gnu/arm/5.4.1/bin/../lib/gcc/arm-none-eabi/5.4.1/../../../../arm-none-eabi/lib/armv7-m\libg_nano.a(lib_a-sprintf.o)
                0x00000f38                siprintf
                0x00000f38                sprintf
 .text.__ssputs_r
                0x00000f80       0xb2 c:/program files (x86)/cypress/psoc creator/4.2/psoc creator/import/gnu/arm/5.4.1/bin/../lib/gcc/arm-none-eabi/5.4.1/../../../../arm-none-eabi/lib/armv7-m\libg_nano.a(lib_a-nano-svfprintf.o)
                0x00000f80                __ssputs_r
 *fill*         0x00001032        0x2 
 .text._svfprintf_r
                0x00001034      0x1e8 c:/program files (x86)/cypress/psoc creator/4.2/psoc creator/import/gnu/arm/5.4.1/bin/../lib/gcc/arm-none-eabi/5.4.1/../../../../arm-none-eabi/lib/armv7-m\libg_nano.a(lib_a-nano-svfprintf.o)
                0x00001034                _svfiprintf_r
                0x00001034                _svfprintf_r
 .text._printf_common
                0x0000121c       0xec c:/program files (x86)/cypress/psoc creator/4.2/psoc creator/import/gnu/arm/5.4.1/bin/../lib/gcc/arm-none-eabi/5.4.1/../../../../arm-none-eabi/lib/armv7-m\libg_nano.a(lib_a-nano-vfprintf_i.o)
                0x0000121c                _printf_common
 .text._printf_i
                0x00001308      0x24c c:/program files (x86)/cypress/psoc creator/4.2/psoc creator/import/gnu/arm/5.4.1/bin/../lib/gcc/arm-none-eabi/5.4.1/../../../../arm-none-eabi/lib/armv7-m\libg_nano.a(lib_a-nano-vfprintf_i.o)
                0x00001308                _printf_i
 .text.memchr   0x00001554       0x1c c:/program files (x86)/cypress/psoc creator/4.2/psoc creator/import/gnu/arm/5.4.1/bin/../lib/gcc/arm-none-eabi/5.4.1/../../../../arm-none-eabi/lib/armv7-m\libg_nano.a(lib_a-memchr-stub.o)
                0x00001554                memchr
 .text.memmove  0x00001570       0x36 c:/program files (x86)/cypress/psoc creator/4.2/psoc creator/import/gnu/arm/5.4.1/bin/../lib/gcc/arm-none-eabi/5.4.1/../../../../arm-none-eabi/lib/armv7-m\libg_nano.a(lib_a-memmove.o)
                0x00001570                memmove
 *fill*         0x000015a6        0x2 
 .text._free_r  0x000015a8       0x98 c:/program files (x86)/cypress/psoc creator/4.2/psoc creator/import/gnu/arm/5.4.1/bin/../lib/gcc/arm-none-eabi/5.4.1/../../../../arm-none-eabi/lib/armv7-m\libg_nano.a(lib_a-nano-freer.o)
                0x000015a8                _free_r
 .text._malloc_r
                0x00001640       0xbc c:/program files (x86)/cypress/psoc creator/4.2/psoc creator/import/gnu/arm/5.4.1/bin/../lib/gcc/arm-none-eabi/5.4.1/../../../../arm-none-eabi/lib/armv7-m\libg_nano.a(lib_a-nano-mallocr.o)
                0x00001640                _malloc_r
 .text._realloc_r
                0x000016fc       0x4c c:/program files (x86)/cypress/psoc creator/4.2/psoc creator/import/gnu/arm/5.4.1/bin/../lib/gcc/arm-none-eabi/5.4.1/../../../../arm-none-eabi/lib/armv7-m\libg_nano.a(lib_a-nano-reallocr.o)
                0x000016fc                _realloc_r
 .text._sbrk_r  0x00001748       0x20 c:/program files (x86)/cypress/psoc creator/4.2/psoc creator/import/gnu/arm/5.4.1/bin/../lib/gcc/arm-none-eabi/5.4.1/../../../../arm-none-eabi/lib/armv7-m\libg_nano.a(lib_a-sbrkr.o)
                0x00001748                _sbrk_r
 .text.__malloc_lock
                0x00001768        0x2 c:/program files (x86)/cypress/psoc creator/4.2/psoc creator/import/gnu/arm/5.4.1/bin/../lib/gcc/arm-none-eabi/5.4.1/../../../../arm-none-eabi/lib/armv7-m\libg_nano.a(lib_a-mlock.o)
                0x00001768                __malloc_lock
 .text.__malloc_unlock
                0x0000176a        0x2 c:/program files (x86)/cypress/psoc creator/4.2/psoc creator/import/gnu/arm/5.4.1/bin/../lib/gcc/arm-none-eabi/5.4.1/../../../../arm-none-eabi/lib/armv7-m\libg_nano.a(lib_a-mlock.o)
                0x0000176a                __malloc_unlock
 .text._malloc_usable_size_r
                0x0000176c       0x14 c:/program files (x86)/cypress/psoc creator/4.2/psoc creator/import/gnu/arm/5.4.1/bin/../lib/gcc/arm-none-eabi/5.4.1/../../../../arm-none-eabi/lib/armv7-m\libg_nano.a(lib_a-nano-msizer.o)
                0x0000176c                _malloc_usable_size_r
 *(.plt)
 *(.gnu.warning)
 *(.glue_7t)
 .glue_7t       0x00001780        0x0 linker stubs
 *(.glue_7)
 .glue_7        0x00001780        0x0 linker stubs
 *(.vfp11_veneer)
 .vfp11_veneer  0x00001780        0x0 linker stubs
 *(.bootloader)
 *(.ARM.extab* .gnu.linkonce.armextab.*)
 *(.gcc_except_table)

.v4_bx          0x00001780        0x0
 .v4_bx         0x00001780        0x0 linker stubs

.iplt           0x00001780        0x0
 .iplt          0x00001780        0x0 c:/program files (x86)/cypress/psoc creator/4.2/psoc creator/import/gnu/arm/5.4.1/bin/../lib/gcc/arm-none-eabi/5.4.1/armv7-m/crtbegin.o

.eh_frame_hdr
 *(.eh_frame_hdr)

.eh_frame       0x00001780        0x4
 *(.eh_frame)
 .eh_frame      0x00001780        0x0 c:/program files (x86)/cypress/psoc creator/4.2/psoc creator/import/gnu/arm/5.4.1/bin/../lib/gcc/arm-none-eabi/5.4.1/armv7-m/crtbegin.o
 .eh_frame      0x00001780        0x4 c:/program files (x86)/cypress/psoc creator/4.2/psoc creator/import/gnu/arm/5.4.1/bin/../lib/gcc/arm-none-eabi/5.4.1/armv7-m/crtend.o
                [!provide]                PROVIDE (__exidx_start, .)

.ARM.exidx
 *(.ARM.exidx* .gnu.linkonce.armexidx.*)
                0x00001784                __exidx_end = .

.rodata         0x00001784      0x2b4
 *(.rodata .rodata.* .gnu.linkonce.r.*)
 .rodata.str1.4
                0x00001784      0x20c .\CortexM3\ARM_GCC_541\Debug\main.o
                                0x210 (size before relaxing)
 .rodata        0x00001990       0x3a .\CortexM3\ARM_GCC_541\Debug\cyfitter_cfg.o
 .rodata.str1.1
                0x000019ca        0x2 c:/program files (x86)/cypress/psoc creator/4.2/psoc creator/import/gnu/arm/5.4.1/bin/../lib/gcc/arm-none-eabi/5.4.1/../../../../arm-none-eabi/lib/armv7-m\libg_nano.a(lib_a-impure.o)
 .rodata.str1.1
                0x000019cc       0x11 c:/program files (x86)/cypress/psoc creator/4.2/psoc creator/import/gnu/arm/5.4.1/bin/../lib/gcc/arm-none-eabi/5.4.1/../../../../arm-none-eabi/lib/armv7-m\libg_nano.a(lib_a-nano-svfprintf.o)
 .rodata.str1.1
                0x000019dd       0x22 c:/program files (x86)/cypress/psoc creator/4.2/psoc creator/import/gnu/arm/5.4.1/bin/../lib/gcc/arm-none-eabi/5.4.1/../../../../arm-none-eabi/lib/armv7-m\libg_nano.a(lib_a-nano-vfprintf_i.o)
                0x00001a00                . = ALIGN (0x4)
 *fill*         0x000019ff        0x1 
 *(.init)
 .init          0x00001a00        0x4 c:/program files (x86)/cypress/psoc creator/4.2/psoc creator/import/gnu/arm/5.4.1/bin/../lib/gcc/arm-none-eabi/5.4.1/armv7-m/crti.o
                0x00001a00                _init
 .init          0x00001a04        0x8 c:/program files (x86)/cypress/psoc creator/4.2/psoc creator/import/gnu/arm/5.4.1/bin/../lib/gcc/arm-none-eabi/5.4.1/armv7-m/crtn.o
                0x00001a0c                . = ALIGN (0x4)
                0x00001a0c                __preinit_array_start = .
 *(.preinit_array)
                0x00001a0c                __preinit_array_end = .
                0x00001a0c                . = ALIGN (0x4)
                0x00001a0c                __init_array_start = .
 *(SORT(.init_array.*))
 *(.init_array)
 .init_array    0x00001a0c        0x4 c:/program files (x86)/cypress/psoc creator/4.2/psoc creator/import/gnu/arm/5.4.1/bin/../lib/gcc/arm-none-eabi/5.4.1/armv7-m/crtbegin.o
 .init_array    0x00001a10        0x4 .\CortexM3\ARM_GCC_541\Debug\Cm3Start.o
                0x00001a14                __init_array_end = .
                0x00001a14                . = ALIGN (0x4)
 *(.fini)
 .fini          0x00001a14        0x4 c:/program files (x86)/cypress/psoc creator/4.2/psoc creator/import/gnu/arm/5.4.1/bin/../lib/gcc/arm-none-eabi/5.4.1/armv7-m/crti.o
                0x00001a14                _fini
 .fini          0x00001a18        0x8 c:/program files (x86)/cypress/psoc creator/4.2/psoc creator/import/gnu/arm/5.4.1/bin/../lib/gcc/arm-none-eabi/5.4.1/armv7-m/crtn.o
                0x00001a20                . = ALIGN (0x4)
                0x00001a20                __fini_array_start = .
 *(.fini_array)
 .fini_array    0x00001a20        0x4 c:/program files (x86)/cypress/psoc creator/4.2/psoc creator/import/gnu/arm/5.4.1/bin/../lib/gcc/arm-none-eabi/5.4.1/armv7-m/crtbegin.o
 *(SORT(.fini_array.*))
                0x00001a24                __fini_array_end = .
                0x00001a24                . = ALIGN (0x4)
 *crtbegin.o(.ctors)
 *(EXCLUDE_FILE(*crtend.o) .ctors)
 *(SORT(.ctors.*))
 *crtend.o(.ctors)
                0x00001a24                . = ALIGN (0x4)
 *crtbegin.o(.dtors)
 *(EXCLUDE_FILE(*crtend.o) .dtors)
 *(SORT(.dtors.*))
 *crtend.o(.dtors)
                0x00001a24                . = ALIGN (0x4)
                0x00001a24                __cy_regions = .
                0x00001a24        0x4 LONG 0x1a38 __cy_region_init_ram
                0x00001a28        0x4 LONG 0x1fff80c8 __cy_region_start_data
                0x00001a2c        0x4 LONG 0x88 __cy_region_init_size_ram
                0x00001a30        0x4 LONG 0x58 __cy_region_zero_size_ram
                0x00001a34                __cy_regions_end = .
                0x00001a38                . = ALIGN (0x8)
 *fill*         0x00001a34        0x4 
                0x00001a38                _etext = .

.cy_checksum_exclude
                0x00001a38        0x0
 *(.cy_checksum_exclude)

.ramvectors     0x1fff8000       0xc0
                0x1fff8000                __cy_region_start_ram = .
 *(.ramvectors)
 .ramvectors    0x1fff8000       0xc0 .\CortexM3\ARM_GCC_541\Debug\Cm3Start.o
                0x1fff8000                CyRamVectors

.noinit         0x1fff80c0        0x1
 *(.noinit)
 .noinit        0x1fff80c0        0x1 .\CortexM3\ARM_GCC_541\Debug\Prototipo.a(CyLib.o)
                0x1fff80c0                CyResetStatus

.data           0x1fff80c8       0x88 load address 0x00001a38
                0x1fff80c8                __cy_region_start_data = .
 *(.jcr)
 .jcr           0x1fff80c8        0x0 c:/program files (x86)/cypress/psoc creator/4.2/psoc creator/import/gnu/arm/5.4.1/bin/../lib/gcc/arm-none-eabi/5.4.1/armv7-m/crtbegin.o
 .jcr           0x1fff80c8        0x4 c:/program files (x86)/cypress/psoc creator/4.2/psoc creator/import/gnu/arm/5.4.1/bin/../lib/gcc/arm-none-eabi/5.4.1/armv7-m/crtend.o
 *(.got.plt)
 *(.got)
 *(.shdata)
 *(.data .data.* .gnu.linkonce.d.*)
 .data          0x1fff80cc        0x8 .\CortexM3\ARM_GCC_541\Debug\main.o
                0x1fff80cc                direccioni
                0x1fff80d0                direcciond
 .data          0x1fff80d4        0x4 .\CortexM3\ARM_GCC_541\Debug\Cm3Start.o
 .data          0x1fff80d8       0x10 .\CortexM3\ARM_GCC_541\Debug\Prototipo.a(CyLib.o)
                0x1fff80d8                cydelay_32k_ms
                0x1fff80dc                cydelay_freq_khz
                0x1fff80e0                cydelay_freq_mhz
                0x1fff80e4                cydelay_freq_hz
 .data.impure_data
                0x1fff80e8       0x60 c:/program files (x86)/cypress/psoc creator/4.2/psoc creator/import/gnu/arm/5.4.1/bin/../lib/gcc/arm-none-eabi/5.4.1/../../../../arm-none-eabi/lib/armv7-m\libg_nano.a(lib_a-impure.o)
 .data._impure_ptr
                0x1fff8148        0x4 c:/program files (x86)/cypress/psoc creator/4.2/psoc creator/import/gnu/arm/5.4.1/bin/../lib/gcc/arm-none-eabi/5.4.1/../../../../arm-none-eabi/lib/armv7-m\libg_nano.a(lib_a-impure.o)
                0x1fff8148                _impure_ptr
                0x1fff8150                . = ALIGN (0x8)
 *fill*         0x1fff814c        0x4 
 *(.ram)
                0x1fff8150                _edata = .

.igot.plt       0x1fff8150        0x0 load address 0x00001ac0
 .igot.plt      0x1fff8150        0x0 c:/program files (x86)/cypress/psoc creator/4.2/psoc creator/import/gnu/arm/5.4.1/bin/../lib/gcc/arm-none-eabi/5.4.1/armv7-m/crtbegin.o

.bss            0x1fff8150       0x58 load address 0x00001ac0
                0x1fff8150                PROVIDE (__bss_start__, .)
 *(.shbss)
 *(.bss .bss.* .gnu.linkonce.b.*)
 .bss           0x1fff8150       0x1c c:/program files (x86)/cypress/psoc creator/4.2/psoc creator/import/gnu/arm/5.4.1/bin/../lib/gcc/arm-none-eabi/5.4.1/armv7-m/crtbegin.o
 .bss           0x1fff816c       0x12 .\CortexM3\ARM_GCC_541\Debug\main.o
                0x1fff816c                banderag
                0x1fff8170                buffer2
                0x1fff817c                banderaDoor
                0x1fff817d                bandera1
 .bss           0x1fff817e        0x1 .\CortexM3\ARM_GCC_541\Debug\Prototipo.a(ADC.o)
                0x1fff817e                ADC_initVar
 .bss           0x1fff817f        0x2 .\CortexM3\ARM_GCC_541\Debug\Prototipo.a(UART.o)
                0x1fff817f                UART_initVar
 .bss           0x1fff8181        0x1 .\CortexM3\ARM_GCC_541\Debug\Prototipo.a(PWM_Dir.o)
                0x1fff8181                PWM_Dir_initVar
 .bss           0x1fff8182        0x1 .\CortexM3\ARM_GCC_541\Debug\Prototipo.a(PWM_Motores.o)
                0x1fff8182                PWM_Motores_initVar
 .bss           0x1fff8183        0x1 .\CortexM3\ARM_GCC_541\Debug\Prototipo.a(PWM_Door.o)
                0x1fff8183                PWM_Door_initVar
 .bss.__malloc_sbrk_start
                0x1fff8184        0x4 c:/program files (x86)/cypress/psoc creator/4.2/psoc creator/import/gnu/arm/5.4.1/bin/../lib/gcc/arm-none-eabi/5.4.1/../../../../arm-none-eabi/lib/armv7-m\libg_nano.a(lib_a-nano-mallocr.o)
                0x1fff8184                __malloc_sbrk_start
 .bss.__malloc_free_list
                0x1fff8188        0x4 c:/program files (x86)/cypress/psoc creator/4.2/psoc creator/import/gnu/arm/5.4.1/bin/../lib/gcc/arm-none-eabi/5.4.1/../../../../arm-none-eabi/lib/armv7-m\libg_nano.a(lib_a-nano-mallocr.o)
                0x1fff8188                __malloc_free_list
 *(COMMON)
 COMMON         0x1fff818c        0x8 .\CortexM3\ARM_GCC_541\Debug\main.o
                0x1fff818c                valor
                0x1fff818e                temp
                0x1fff8190                dato
                0x1fff8192                count
 COMMON         0x1fff8194        0xa .\CortexM3\ARM_GCC_541\Debug\Prototipo.a(ADC.o)
                0x1fff8194                ADC_countsPer10Volt
                0x1fff8198                ADC_shift
                0x1fff819a                ADC_countsPerVolt
                0x1fff819c                ADC_offset
 *fill*         0x1fff819e        0x2 
 COMMON         0x1fff81a0        0x4 c:/program files (x86)/cypress/psoc creator/4.2/psoc creator/import/gnu/arm/5.4.1/bin/../lib/gcc/arm-none-eabi/5.4.1/../../../../arm-none-eabi/lib/armv7-m\libg_nano.a(lib_a-reent.o)
                0x1fff81a0                errno
                0x1fff81a8                . = ALIGN (0x8)
 *fill*         0x1fff81a4        0x4 
 *(.ram.b)
                0x1fff81a8                _end = .
                0x1fff81a8                __end = .
                0x1fff81a8                PROVIDE (end, .)
                0x1fff81a8                PROVIDE (__bss_end__, .)
                0x00001a38                __cy_region_init_ram = LOADADDR (.data)
                0x00000088                __cy_region_init_size_ram = (_edata - ADDR (.data))
                0x00000058                __cy_region_zero_size_ram = (_end - _edata)

.heap           0x1fff81a8       0x80 load address 0x00001ac0
                0x1fff81a8                . = _end
                0x1fff8228                . = (. + 0x80)
 *fill*         0x1fff81a8       0x80 
                0x1fff8228                __cy_heap_limit = .

.stack          0x20007800      0x800
                0x20007800                __cy_stack_limit = .
                0x20008000                . = (. + 0x800)
 *fill*         0x20007800      0x800 
                0x00000001                ASSERT ((__cy_stack_limit >= __cy_heap_limit), region RAM overflowed with stack)
                0x00000000                cy_checksum_exclude_size = (CY_APPL_LOADABLE == 0x1)?SIZEOF (.cy_checksum_exclude):0x0
                0x00000001                ASSERT ((cy_checksum_exclude_size <= CY_CHECKSUM_EXCLUDE_SIZE), CY_BOOT: Section .cy_checksum_exclude size exceedes specified limit.)

.cyloadermeta
 *(.cyloadermeta)

.cyloadablemeta
 *(.cyloadablemeta)

.cyconfigecc    0x80000000      0x6e4
 *(.cyconfigecc)
 .cyconfigecc   0x80000000      0x6e4 .\CortexM3\ARM_GCC_541\Debug\cymetadata.o
                0x80000000                cy_meta_configecc

.cycustnvl      0x90000000        0x4
 *(.cycustnvl)
 .cycustnvl     0x90000000        0x4 .\CortexM3\ARM_GCC_541\Debug\cymetadata.o
                0x90000000                cy_meta_custnvl

.cywolatch      0x90100000        0x4
 *(.cywolatch)
 .cywolatch     0x90100000        0x4 .\CortexM3\ARM_GCC_541\Debug\cymetadata.o
                0x90100000                cy_meta_wonvl

.cyeeprom       0x90200000        0x0
 *(.cyeeprom)
                0x00000001                ASSERT ((. <= ((0x90200000 + ee_offset) + ee_size)), .cyeeprom data will not fit in EEPROM)

.cyflashprotect
                0x90400000      0x100
 *(.cyflashprotect)
 .cyflashprotect
                0x90400000      0x100 .\CortexM3\ARM_GCC_541\Debug\cymetadata.o
                0x90400000                cy_meta_flashprotect

.cymeta         0x90500000        0xc
 *(.cymeta)
 .cymeta        0x90500000        0xc .\CortexM3\ARM_GCC_541\Debug\cymetadata.o
                0x90500000                cy_metadata

.rel.dyn        0x00001ac0        0x0 load address 0x9050000c
 .rel.iplt      0x00001ac0        0x0 c:/program files (x86)/cypress/psoc creator/4.2/psoc creator/import/gnu/arm/5.4.1/bin/../lib/gcc/arm-none-eabi/5.4.1/armv7-m/crtbegin.o

.stab
 *(.stab)

.stabstr
 *(.stabstr)

.debug
 *(.debug)

.line
 *(.line)

.debug_srcinfo
 *(.debug_srcinfo)

.debug_sfnames
 *(.debug_sfnames)

.debug_aranges  0x00000000      0xd60
 *(.debug_aranges)
 .debug_aranges
                0x00000000       0x38 .\CortexM3\ARM_GCC_541\Debug\main.o
 .debug_aranges
                0x00000038      0x118 .\CortexM3\ARM_GCC_541\Debug\GP2Y0E03.o
 .debug_aranges
                0x00000150       0x58 .\CortexM3\ARM_GCC_541\Debug\cyfitter_cfg.o
 .debug_aranges
                0x000001a8       0x18 .\CortexM3\ARM_GCC_541\Debug\cymetadata.o
 .debug_aranges
                0x000001c0       0x48 .\CortexM3\ARM_GCC_541\Debug\Cm3Start.o
 .debug_aranges
                0x00000208       0xa8 .\CortexM3\ARM_GCC_541\Debug\Prototipo.a(ADC.o)
 .debug_aranges
                0x000002b0       0x20 .\CortexM3\ARM_GCC_541\Debug\Prototipo.a(ADC_INT.o)
 .debug_aranges
                0x000002d0       0xf0 .\CortexM3\ARM_GCC_541\Debug\Prototipo.a(UART.o)
 .debug_aranges
                0x000003c0       0x80 .\CortexM3\ARM_GCC_541\Debug\Prototipo.a(IRQRX.o)
 .debug_aranges
                0x00000440       0x80 .\CortexM3\ARM_GCC_541\Debug\Prototipo.a(ADC_theACLK.o)
 .debug_aranges
                0x000004c0       0x70 .\CortexM3\ARM_GCC_541\Debug\Prototipo.a(UART_IntClock.o)
 .debug_aranges
                0x00000530      0x2a0 .\CortexM3\ARM_GCC_541\Debug\Prototipo.a(CyLib.o)
 .debug_aranges
                0x000007d0       0x98 .\CortexM3\ARM_GCC_541\Debug\Prototipo.a(cyPm.o)
 .debug_aranges
                0x00000868       0x38 .\CortexM3\ARM_GCC_541\Debug\Prototipo.a(LED.o)
 .debug_aranges
                0x000008a0       0x38 .\CortexM3\ARM_GCC_541\Debug\Prototipo.a(I2C.o)
 .debug_aranges
                0x000008d8       0x20 .\CortexM3\ARM_GCC_541\Debug\Prototipo.a(I2C_INT.o)
 .debug_aranges
                0x000008f8       0x38 .\CortexM3\ARM_GCC_541\Debug\Prototipo.a(I2C_PM.o)
 .debug_aranges
                0x00000930       0x80 .\CortexM3\ARM_GCC_541\Debug\Prototipo.a(I2C_MASTER.o)
 .debug_aranges
                0x000009b0       0x90 .\CortexM3\ARM_GCC_541\Debug\Prototipo.a(PWM_Dir.o)
 .debug_aranges
                0x00000a40       0xa8 .\CortexM3\ARM_GCC_541\Debug\Prototipo.a(PWM_Motores.o)
 .debug_aranges
                0x00000ae8       0x38 .\CortexM3\ARM_GCC_541\Debug\Prototipo.a(INMI.o)
 .debug_aranges
                0x00000b20       0x38 .\CortexM3\ARM_GCC_541\Debug\Prototipo.a(INMD.o)
 .debug_aranges
                0x00000b58       0x28 .\CortexM3\ARM_GCC_541\Debug\Prototipo.a(Ascensor.o)
 .debug_aranges
                0x00000b80       0x80 .\CortexM3\ARM_GCC_541\Debug\Prototipo.a(PWM_Door.o)
 .debug_aranges
                0x00000c00       0x38 .\CortexM3\ARM_GCC_541\Debug\Prototipo.a(INMA.o)
 .debug_aranges
                0x00000c38       0x20 .\CortexM3\ARM_GCC_541\Debug\Prototipo.a(CyBootAsmGnu.o)
 .debug_aranges
                0x00000c58       0x88 .\CortexM3\ARM_GCC_541\Debug\Prototipo.a(CyFlash.o)
 .debug_aranges
                0x00000ce0       0x80 .\CortexM3\ARM_GCC_541\Debug\Prototipo.a(CySpc.o)

.debug_pubnames
 *(.debug_pubnames)

.debug_info     0x00000000     0x79c8
 *(.debug_info .gnu.linkonce.wi.*)
 .debug_info    0x00000000      0x93b .\CortexM3\ARM_GCC_541\Debug\main.o
 .debug_info    0x0000093b      0xe87 .\CortexM3\ARM_GCC_541\Debug\GP2Y0E03.o
 .debug_info    0x000017c2      0x63e .\CortexM3\ARM_GCC_541\Debug\cyfitter_cfg.o
 .debug_info    0x00001e00      0x139 .\CortexM3\ARM_GCC_541\Debug\cymetadata.o
 .debug_info    0x00001f39      0x3bb .\CortexM3\ARM_GCC_541\Debug\Cm3Start.o
 .debug_info    0x000022f4      0x5c0 .\CortexM3\ARM_GCC_541\Debug\Prototipo.a(ADC.o)
 .debug_info    0x000028b4       0x92 .\CortexM3\ARM_GCC_541\Debug\Prototipo.a(ADC_INT.o)
 .debug_info    0x00002946      0x60c .\CortexM3\ARM_GCC_541\Debug\Prototipo.a(UART.o)
 .debug_info    0x00002f52      0x2d2 .\CortexM3\ARM_GCC_541\Debug\Prototipo.a(IRQRX.o)
 .debug_info    0x00003224      0x2c4 .\CortexM3\ARM_GCC_541\Debug\Prototipo.a(ADC_theACLK.o)
 .debug_info    0x000034e8      0x283 .\CortexM3\ARM_GCC_541\Debug\Prototipo.a(UART_IntClock.o)
 .debug_info    0x0000376b     0x1374 .\CortexM3\ARM_GCC_541\Debug\Prototipo.a(CyLib.o)
 .debug_info    0x00004adf      0xa2a .\CortexM3\ARM_GCC_541\Debug\Prototipo.a(cyPm.o)
 .debug_info    0x00005509      0x11f .\CortexM3\ARM_GCC_541\Debug\Prototipo.a(LED.o)
 .debug_info    0x00005628      0x2ab .\CortexM3\ARM_GCC_541\Debug\Prototipo.a(I2C.o)
 .debug_info    0x000058d3      0x184 .\CortexM3\ARM_GCC_541\Debug\Prototipo.a(I2C_INT.o)
 .debug_info    0x00005a57      0x207 .\CortexM3\ARM_GCC_541\Debug\Prototipo.a(I2C_PM.o)
 .debug_info    0x00005c5e      0x407 .\CortexM3\ARM_GCC_541\Debug\Prototipo.a(I2C_MASTER.o)
 .debug_info    0x00006065      0x2e5 .\CortexM3\ARM_GCC_541\Debug\Prototipo.a(PWM_Dir.o)
 .debug_info    0x0000634a      0x381 .\CortexM3\ARM_GCC_541\Debug\Prototipo.a(PWM_Motores.o)
 .debug_info    0x000066cb      0x11f .\CortexM3\ARM_GCC_541\Debug\Prototipo.a(INMI.o)
 .debug_info    0x000067ea      0x11f .\CortexM3\ARM_GCC_541\Debug\Prototipo.a(INMD.o)
 .debug_info    0x00006909       0xd6 .\CortexM3\ARM_GCC_541\Debug\Prototipo.a(Ascensor.o)
 .debug_info    0x000069df      0x297 .\CortexM3\ARM_GCC_541\Debug\Prototipo.a(PWM_Door.o)
 .debug_info    0x00006c76      0x11f .\CortexM3\ARM_GCC_541\Debug\Prototipo.a(INMA.o)
 .debug_info    0x00006d95       0x96 .\CortexM3\ARM_GCC_541\Debug\Prototipo.a(CyBootAsmGnu.o)
 .debug_info    0x00006e2b      0x64d .\CortexM3\ARM_GCC_541\Debug\Prototipo.a(CyFlash.o)
 .debug_info    0x00007478      0x550 .\CortexM3\ARM_GCC_541\Debug\Prototipo.a(CySpc.o)

.debug_abbrev   0x00000000     0x200e
 *(.debug_abbrev)
 .debug_abbrev  0x00000000      0x117 .\CortexM3\ARM_GCC_541\Debug\main.o
 .debug_abbrev  0x00000117      0x1c5 .\CortexM3\ARM_GCC_541\Debug\GP2Y0E03.o
 .debug_abbrev  0x000002dc      0x20d .\CortexM3\ARM_GCC_541\Debug\cyfitter_cfg.o
 .debug_abbrev  0x000004e9       0x77 .\CortexM3\ARM_GCC_541\Debug\cymetadata.o
 .debug_abbrev  0x00000560      0x1e8 .\CortexM3\ARM_GCC_541\Debug\Cm3Start.o
 .debug_abbrev  0x00000748      0x1ac .\CortexM3\ARM_GCC_541\Debug\Prototipo.a(ADC.o)
 .debug_abbrev  0x000008f4       0x42 .\CortexM3\ARM_GCC_541\Debug\Prototipo.a(ADC_INT.o)
 .debug_abbrev  0x00000936      0x175 .\CortexM3\ARM_GCC_541\Debug\Prototipo.a(UART.o)
 .debug_abbrev  0x00000aab      0x173 .\CortexM3\ARM_GCC_541\Debug\Prototipo.a(IRQRX.o)
 .debug_abbrev  0x00000c1e      0x121 .\CortexM3\ARM_GCC_541\Debug\Prototipo.a(ADC_theACLK.o)
 .debug_abbrev  0x00000d3f      0x139 .\CortexM3\ARM_GCC_541\Debug\Prototipo.a(UART_IntClock.o)
 .debug_abbrev  0x00000e78      0x254 .\CortexM3\ARM_GCC_541\Debug\Prototipo.a(CyLib.o)
 .debug_abbrev  0x000010cc      0x1ab .\CortexM3\ARM_GCC_541\Debug\Prototipo.a(cyPm.o)
 .debug_abbrev  0x00001277       0x90 .\CortexM3\ARM_GCC_541\Debug\Prototipo.a(LED.o)
 .debug_abbrev  0x00001307      0x10a .\CortexM3\ARM_GCC_541\Debug\Prototipo.a(I2C.o)
 .debug_abbrev  0x00001411       0xb6 .\CortexM3\ARM_GCC_541\Debug\Prototipo.a(I2C_INT.o)
 .debug_abbrev  0x000014c7       0xfe .\CortexM3\ARM_GCC_541\Debug\Prototipo.a(I2C_PM.o)
 .debug_abbrev  0x000015c5      0x13c .\CortexM3\ARM_GCC_541\Debug\Prototipo.a(I2C_MASTER.o)
 .debug_abbrev  0x00001701      0x12d .\CortexM3\ARM_GCC_541\Debug\Prototipo.a(PWM_Dir.o)
 .debug_abbrev  0x0000182e      0x133 .\CortexM3\ARM_GCC_541\Debug\Prototipo.a(PWM_Motores.o)
 .debug_abbrev  0x00001961       0x90 .\CortexM3\ARM_GCC_541\Debug\Prototipo.a(INMI.o)
 .debug_abbrev  0x000019f1       0x90 .\CortexM3\ARM_GCC_541\Debug\Prototipo.a(INMD.o)
 .debug_abbrev  0x00001a81       0x81 .\CortexM3\ARM_GCC_541\Debug\Prototipo.a(Ascensor.o)
 .debug_abbrev  0x00001b02      0x12d .\CortexM3\ARM_GCC_541\Debug\Prototipo.a(PWM_Door.o)
 .debug_abbrev  0x00001c2f       0x90 .\CortexM3\ARM_GCC_541\Debug\Prototipo.a(INMA.o)
 .debug_abbrev  0x00001cbf       0x14 .\CortexM3\ARM_GCC_541\Debug\Prototipo.a(CyBootAsmGnu.o)
 .debug_abbrev  0x00001cd3      0x1a7 .\CortexM3\ARM_GCC_541\Debug\Prototipo.a(CyFlash.o)
 .debug_abbrev  0x00001e7a      0x194 .\CortexM3\ARM_GCC_541\Debug\Prototipo.a(CySpc.o)

.debug_line     0x00000000     0x329f
 *(.debug_line)
 .debug_line    0x00000000      0x2fd .\CortexM3\ARM_GCC_541\Debug\main.o
 .debug_line    0x000002fd      0x4aa .\CortexM3\ARM_GCC_541\Debug\GP2Y0E03.o
 .debug_line    0x000007a7      0x20c .\CortexM3\ARM_GCC_541\Debug\cyfitter_cfg.o
 .debug_line    0x000009b3      0x141 .\CortexM3\ARM_GCC_541\Debug\cymetadata.o
 .debug_line    0x00000af4      0x234 .\CortexM3\ARM_GCC_541\Debug\Cm3Start.o
 .debug_line    0x00000d28      0x216 .\CortexM3\ARM_GCC_541\Debug\Prototipo.a(ADC.o)
 .debug_line    0x00000f3e       0x50 .\CortexM3\ARM_GCC_541\Debug\Prototipo.a(ADC_INT.o)
 .debug_line    0x00000f8e      0x2bc .\CortexM3\ARM_GCC_541\Debug\Prototipo.a(UART.o)
 .debug_line    0x0000124a      0x132 .\CortexM3\ARM_GCC_541\Debug\Prototipo.a(IRQRX.o)
 .debug_line    0x0000137c      0x19d .\CortexM3\ARM_GCC_541\Debug\Prototipo.a(ADC_theACLK.o)
 .debug_line    0x00001519      0x17c .\CortexM3\ARM_GCC_541\Debug\Prototipo.a(UART_IntClock.o)
 .debug_line    0x00001695      0x816 .\CortexM3\ARM_GCC_541\Debug\Prototipo.a(CyLib.o)
 .debug_line    0x00001eab      0x367 .\CortexM3\ARM_GCC_541\Debug\Prototipo.a(cyPm.o)
 .debug_line    0x00002212       0x90 .\CortexM3\ARM_GCC_541\Debug\Prototipo.a(LED.o)
 .debug_line    0x000022a2       0xd9 .\CortexM3\ARM_GCC_541\Debug\Prototipo.a(I2C.o)
 .debug_line    0x0000237b      0x114 .\CortexM3\ARM_GCC_541\Debug\Prototipo.a(I2C_INT.o)
 .debug_line    0x0000248f       0xbb .\CortexM3\ARM_GCC_541\Debug\Prototipo.a(I2C_PM.o)
 .debug_line    0x0000254a      0x1fd .\CortexM3\ARM_GCC_541\Debug\Prototipo.a(I2C_MASTER.o)
 .debug_line    0x00002747      0x163 .\CortexM3\ARM_GCC_541\Debug\Prototipo.a(PWM_Dir.o)
 .debug_line    0x000028aa      0x1af .\CortexM3\ARM_GCC_541\Debug\Prototipo.a(PWM_Motores.o)
 .debug_line    0x00002a59       0x92 .\CortexM3\ARM_GCC_541\Debug\Prototipo.a(INMI.o)
 .debug_line    0x00002aeb       0x92 .\CortexM3\ARM_GCC_541\Debug\Prototipo.a(INMD.o)
 .debug_line    0x00002b7d       0x70 .\CortexM3\ARM_GCC_541\Debug\Prototipo.a(Ascensor.o)
 .debug_line    0x00002bed      0x140 .\CortexM3\ARM_GCC_541\Debug\Prototipo.a(PWM_Door.o)
 .debug_line    0x00002d2d       0x92 .\CortexM3\ARM_GCC_541\Debug\Prototipo.a(INMA.o)
 .debug_line    0x00002dbf       0x66 .\CortexM3\ARM_GCC_541\Debug\Prototipo.a(CyBootAsmGnu.o)
 .debug_line    0x00002e25      0x21a .\CortexM3\ARM_GCC_541\Debug\Prototipo.a(CyFlash.o)
 .debug_line    0x0000303f      0x260 .\CortexM3\ARM_GCC_541\Debug\Prototipo.a(CySpc.o)

.debug_frame    0x00000000     0x24d4
 *(.debug_frame)
 .debug_frame   0x00000000       0x84 .\CortexM3\ARM_GCC_541\Debug\main.o
 .debug_frame   0x00000084      0x3b0 .\CortexM3\ARM_GCC_541\Debug\GP2Y0E03.o
 .debug_frame   0x00000434       0xfc .\CortexM3\ARM_GCC_541\Debug\cyfitter_cfg.o
 .debug_frame   0x00000530       0xb8 .\CortexM3\ARM_GCC_541\Debug\Cm3Start.o
 .debug_frame   0x000005e8      0x1b4 .\CortexM3\ARM_GCC_541\Debug\Prototipo.a(ADC.o)
 .debug_frame   0x0000079c       0x20 .\CortexM3\ARM_GCC_541\Debug\Prototipo.a(ADC_INT.o)
 .debug_frame   0x000007bc      0x250 .\CortexM3\ARM_GCC_541\Debug\Prototipo.a(UART.o)
 .debug_frame   0x00000a0c      0x104 .\CortexM3\ARM_GCC_541\Debug\Prototipo.a(IRQRX.o)
 .debug_frame   0x00000b10      0x100 .\CortexM3\ARM_GCC_541\Debug\Prototipo.a(ADC_theACLK.o)
 .debug_frame   0x00000c10       0xe0 .\CortexM3\ARM_GCC_541\Debug\Prototipo.a(UART_IntClock.o)
 .debug_frame   0x00000cf0      0x738 .\CortexM3\ARM_GCC_541\Debug\Prototipo.a(CyLib.o)
 .debug_frame   0x00001428      0x1f8 .\CortexM3\ARM_GCC_541\Debug\Prototipo.a(cyPm.o)
 .debug_frame   0x00001620       0x50 .\CortexM3\ARM_GCC_541\Debug\Prototipo.a(LED.o)
 .debug_frame   0x00001670       0x90 .\CortexM3\ARM_GCC_541\Debug\Prototipo.a(I2C.o)
 .debug_frame   0x00001700       0x30 .\CortexM3\ARM_GCC_541\Debug\Prototipo.a(I2C_INT.o)
 .debug_frame   0x00001730       0x74 .\CortexM3\ARM_GCC_541\Debug\Prototipo.a(I2C_PM.o)
 .debug_frame   0x000017a4      0x138 .\CortexM3\ARM_GCC_541\Debug\Prototipo.a(I2C_MASTER.o)
 .debug_frame   0x000018dc      0x118 .\CortexM3\ARM_GCC_541\Debug\Prototipo.a(PWM_Dir.o)
 .debug_frame   0x000019f4      0x154 .\CortexM3\ARM_GCC_541\Debug\Prototipo.a(PWM_Motores.o)
 .debug_frame   0x00001b48       0x50 .\CortexM3\ARM_GCC_541\Debug\Prototipo.a(INMI.o)
 .debug_frame   0x00001b98       0x50 .\CortexM3\ARM_GCC_541\Debug\Prototipo.a(INMD.o)
 .debug_frame   0x00001be8       0x30 .\CortexM3\ARM_GCC_541\Debug\Prototipo.a(Ascensor.o)
 .debug_frame   0x00001c18       0xf8 .\CortexM3\ARM_GCC_541\Debug\Prototipo.a(PWM_Door.o)
 .debug_frame   0x00001d10       0x50 .\CortexM3\ARM_GCC_541\Debug\Prototipo.a(INMA.o)
 .debug_frame   0x00001d60      0x194 .\CortexM3\ARM_GCC_541\Debug\Prototipo.a(CyFlash.o)
 .debug_frame   0x00001ef4      0x180 .\CortexM3\ARM_GCC_541\Debug\Prototipo.a(CySpc.o)
 .debug_frame   0x00002074       0x44 c:/program files (x86)/cypress/psoc creator/4.2/psoc creator/import/gnu/arm/5.4.1/bin/../lib/gcc/arm-none-eabi/5.4.1/armv7-m\libgcc.a(_aeabi_ldivmod.o)
 .debug_frame   0x000020b8       0x38 c:/program files (x86)/cypress/psoc creator/4.2/psoc creator/import/gnu/arm/5.4.1/bin/../lib/gcc/arm-none-eabi/5.4.1/armv7-m\libgcc.a(_udivmoddi4.o)
 .debug_frame   0x000020f0       0x20 c:/program files (x86)/cypress/psoc creator/4.2/psoc creator/import/gnu/arm/5.4.1/bin/../lib/gcc/arm-none-eabi/5.4.1/../../../../arm-none-eabi/lib/armv7-m\libg_nano.a(lib_a-errno.o)
 .debug_frame   0x00002110       0x28 c:/program files (x86)/cypress/psoc creator/4.2/psoc creator/import/gnu/arm/5.4.1/bin/../lib/gcc/arm-none-eabi/5.4.1/../../../../arm-none-eabi/lib/armv7-m\libg_nano.a(lib_a-exit.o)
 .debug_frame   0x00002138       0x2c c:/program files (x86)/cypress/psoc creator/4.2/psoc creator/import/gnu/arm/5.4.1/bin/../lib/gcc/arm-none-eabi/5.4.1/../../../../arm-none-eabi/lib/armv7-m\libg_nano.a(lib_a-init.o)
 .debug_frame   0x00002164       0x28 c:/program files (x86)/cypress/psoc creator/4.2/psoc creator/import/gnu/arm/5.4.1/bin/../lib/gcc/arm-none-eabi/5.4.1/../../../../arm-none-eabi/lib/armv7-m\libg_nano.a(lib_a-memcpy-stub.o)
 .debug_frame   0x0000218c       0x20 c:/program files (x86)/cypress/psoc creator/4.2/psoc creator/import/gnu/arm/5.4.1/bin/../lib/gcc/arm-none-eabi/5.4.1/../../../../arm-none-eabi/lib/armv7-m\libg_nano.a(lib_a-memset.o)
 .debug_frame   0x000021ac       0x70 c:/program files (x86)/cypress/psoc creator/4.2/psoc creator/import/gnu/arm/5.4.1/bin/../lib/gcc/arm-none-eabi/5.4.1/../../../../arm-none-eabi/lib/armv7-m\libg_nano.a(lib_a-sprintf.o)
 .debug_frame   0x0000221c       0x90 c:/program files (x86)/cypress/psoc creator/4.2/psoc creator/import/gnu/arm/5.4.1/bin/../lib/gcc/arm-none-eabi/5.4.1/../../../../arm-none-eabi/lib/armv7-m\libg_nano.a(lib_a-nano-svfprintf.o)
 .debug_frame   0x000022ac       0x60 c:/program files (x86)/cypress/psoc creator/4.2/psoc creator/import/gnu/arm/5.4.1/bin/../lib/gcc/arm-none-eabi/5.4.1/../../../../arm-none-eabi/lib/armv7-m\libg_nano.a(lib_a-nano-vfprintf_i.o)
 .debug_frame   0x0000230c       0x28 c:/program files (x86)/cypress/psoc creator/4.2/psoc creator/import/gnu/arm/5.4.1/bin/../lib/gcc/arm-none-eabi/5.4.1/../../../../arm-none-eabi/lib/armv7-m\libg_nano.a(lib_a-memchr-stub.o)
 .debug_frame   0x00002334       0x28 c:/program files (x86)/cypress/psoc creator/4.2/psoc creator/import/gnu/arm/5.4.1/bin/../lib/gcc/arm-none-eabi/5.4.1/../../../../arm-none-eabi/lib/armv7-m\libg_nano.a(lib_a-memmove.o)
 .debug_frame   0x0000235c       0x38 c:/program files (x86)/cypress/psoc creator/4.2/psoc creator/import/gnu/arm/5.4.1/bin/../lib/gcc/arm-none-eabi/5.4.1/../../../../arm-none-eabi/lib/armv7-m\libg_nano.a(lib_a-nano-freer.o)
 .debug_frame   0x00002394       0x2c c:/program files (x86)/cypress/psoc creator/4.2/psoc creator/import/gnu/arm/5.4.1/bin/../lib/gcc/arm-none-eabi/5.4.1/../../../../arm-none-eabi/lib/armv7-m\libg_nano.a(lib_a-nano-mallocr.o)
 .debug_frame   0x000023c0       0x3c c:/program files (x86)/cypress/psoc creator/4.2/psoc creator/import/gnu/arm/5.4.1/bin/../lib/gcc/arm-none-eabi/5.4.1/../../../../arm-none-eabi/lib/armv7-m\libg_nano.a(lib_a-nano-reallocr.o)
 .debug_frame   0x000023fc       0x2c c:/program files (x86)/cypress/psoc creator/4.2/psoc creator/import/gnu/arm/5.4.1/bin/../lib/gcc/arm-none-eabi/5.4.1/../../../../arm-none-eabi/lib/armv7-m\libg_nano.a(lib_a-sbrkr.o)
 .debug_frame   0x00002428       0x30 c:/program files (x86)/cypress/psoc creator/4.2/psoc creator/import/gnu/arm/5.4.1/bin/../lib/gcc/arm-none-eabi/5.4.1/../../../../arm-none-eabi/lib/armv7-m\libg_nano.a(lib_a-mlock.o)
 .debug_frame   0x00002458       0x20 c:/program files (x86)/cypress/psoc creator/4.2/psoc creator/import/gnu/arm/5.4.1/bin/../lib/gcc/arm-none-eabi/5.4.1/../../../../arm-none-eabi/lib/armv7-m\libg_nano.a(lib_a-nano-msizer.o)
 .debug_frame   0x00002478       0x5c c:/program files (x86)/cypress/psoc creator/4.2/psoc creator/import/gnu/arm/5.4.1/bin/../lib/gcc/arm-none-eabi/5.4.1/../../../../arm-none-eabi/lib/armv7-m\libg_nano.a(lib_a-reent.o)

.debug_str      0x00000000     0x283b
 *(.debug_str)
 .debug_str     0x00000000      0x373 .\CortexM3\ARM_GCC_541\Debug\main.o
                                0x3c1 (size before relaxing)
 .debug_str     0x00000373      0x319 .\CortexM3\ARM_GCC_541\Debug\GP2Y0E03.o
                                0x4f1 (size before relaxing)
 .debug_str     0x0000068c      0x1a9 .\CortexM3\ARM_GCC_541\Debug\cyfitter_cfg.o
                                0x354 (size before relaxing)
 .debug_str     0x00000835       0x75 .\CortexM3\ARM_GCC_541\Debug\cymetadata.o
                                0x1ea (size before relaxing)
 .debug_str     0x000008aa      0x13f .\CortexM3\ARM_GCC_541\Debug\Cm3Start.o
                                0x310 (size before relaxing)
 .debug_str     0x000009e9      0x1fa .\CortexM3\ARM_GCC_541\Debug\Prototipo.a(ADC.o)
                                0x42d (size before relaxing)
 .debug_str     0x00000be3       0x29 .\CortexM3\ARM_GCC_541\Debug\Prototipo.a(ADC_INT.o)
                                0x195 (size before relaxing)
 .debug_str     0x00000c0c      0x267 .\CortexM3\ARM_GCC_541\Debug\Prototipo.a(UART.o)
                                0x47b (size before relaxing)
 .debug_str     0x00000e73       0xf0 .\CortexM3\ARM_GCC_541\Debug\Prototipo.a(IRQRX.o)
                                0x2ac (size before relaxing)
 .debug_str     0x00000f63      0x1b9 .\CortexM3\ARM_GCC_541\Debug\Prototipo.a(ADC_theACLK.o)
                                0x367 (size before relaxing)
 .debug_str     0x0000111c      0x138 .\CortexM3\ARM_GCC_541\Debug\Prototipo.a(UART_IntClock.o)
                                0x33c (size before relaxing)
 .debug_str     0x00001254      0x7c8 .\CortexM3\ARM_GCC_541\Debug\Prototipo.a(CyLib.o)
                                0xa4d (size before relaxing)
 .debug_str     0x00001a1c      0x365 .\CortexM3\ARM_GCC_541\Debug\Prototipo.a(cyPm.o)
                                0x739 (size before relaxing)
 .debug_str     0x00001d81       0x49 .\CortexM3\ARM_GCC_541\Debug\Prototipo.a(LED.o)
                                0x1de (size before relaxing)
 .debug_str     0x00001dca       0xd9 .\CortexM3\ARM_GCC_541\Debug\Prototipo.a(I2C.o)
                                0x2e7 (size before relaxing)
 .debug_str     0x00001ea3       0x86 .\CortexM3\ARM_GCC_541\Debug\Prototipo.a(I2C_INT.o)
                                0x265 (size before relaxing)
 .debug_str     0x00001f29       0x56 .\CortexM3\ARM_GCC_541\Debug\Prototipo.a(I2C_PM.o)
                                0x283 (size before relaxing)
 .debug_str     0x00001f7f      0x122 .\CortexM3\ARM_GCC_541\Debug\Prototipo.a(I2C_MASTER.o)
                                0x3aa (size before relaxing)
 .debug_str     0x000020a1      0x13d .\CortexM3\ARM_GCC_541\Debug\Prototipo.a(PWM_Dir.o)
                                0x31f (size before relaxing)
 .debug_str     0x000021de      0x1d4 .\CortexM3\ARM_GCC_541\Debug\Prototipo.a(PWM_Motores.o)
                                0x3fe (size before relaxing)
 .debug_str     0x000023b2       0x4b .\CortexM3\ARM_GCC_541\Debug\Prototipo.a(INMI.o)
                                0x1e3 (size before relaxing)
 .debug_str     0x000023fd       0x4b .\CortexM3\ARM_GCC_541\Debug\Prototipo.a(INMD.o)
                                0x1e3 (size before relaxing)
 .debug_str     0x00002448       0x30 .\CortexM3\ARM_GCC_541\Debug\Prototipo.a(Ascensor.o)
                                0x1be (size before relaxing)
 .debug_str     0x00002478      0x118 .\CortexM3\ARM_GCC_541\Debug\Prototipo.a(PWM_Door.o)
                                0x301 (size before relaxing)
 .debug_str     0x00002590       0x4b .\CortexM3\ARM_GCC_541\Debug\Prototipo.a(INMA.o)
                                0x1e3 (size before relaxing)
 .debug_str     0x000025db      0x1b4 .\CortexM3\ARM_GCC_541\Debug\Prototipo.a(CyFlash.o)
                                0x3c6 (size before relaxing)
 .debug_str     0x0000278f       0xac .\CortexM3\ARM_GCC_541\Debug\Prototipo.a(CySpc.o)
                                0x33e (size before relaxing)

.debug_loc      0x00000000     0x2b7c
 *(.debug_loc)
 .debug_loc     0x00000000      0x25c .\CortexM3\ARM_GCC_541\Debug\GP2Y0E03.o
 .debug_loc     0x0000025c      0x280 .\CortexM3\ARM_GCC_541\Debug\cyfitter_cfg.o
 .debug_loc     0x000004dc      0x144 .\CortexM3\ARM_GCC_541\Debug\Cm3Start.o
 .debug_loc     0x00000620      0x295 .\CortexM3\ARM_GCC_541\Debug\Prototipo.a(ADC.o)
 .debug_loc     0x000008b5      0x258 .\CortexM3\ARM_GCC_541\Debug\Prototipo.a(UART.o)
 .debug_loc     0x00000b0d       0x56 .\CortexM3\ARM_GCC_541\Debug\Prototipo.a(IRQRX.o)
 .debug_loc     0x00000b63      0x14d .\CortexM3\ARM_GCC_541\Debug\Prototipo.a(ADC_theACLK.o)
 .debug_loc     0x00000cb0      0x128 .\CortexM3\ARM_GCC_541\Debug\Prototipo.a(UART_IntClock.o)
 .debug_loc     0x00000dd8      0xa11 .\CortexM3\ARM_GCC_541\Debug\Prototipo.a(CyLib.o)
 .debug_loc     0x000017e9      0x1e4 .\CortexM3\ARM_GCC_541\Debug\Prototipo.a(cyPm.o)
 .debug_loc     0x000019cd       0x42 .\CortexM3\ARM_GCC_541\Debug\Prototipo.a(LED.o)
 .debug_loc     0x00001a0f       0x39 .\CortexM3\ARM_GCC_541\Debug\Prototipo.a(I2C.o)
 .debug_loc     0x00001a48       0x29 .\CortexM3\ARM_GCC_541\Debug\Prototipo.a(I2C_INT.o)
 .debug_loc     0x00001a71       0x13 .\CortexM3\ARM_GCC_541\Debug\Prototipo.a(I2C_PM.o)
 .debug_loc     0x00001a84      0x52f .\CortexM3\ARM_GCC_541\Debug\Prototipo.a(I2C_MASTER.o)
 .debug_loc     0x00001fb3       0x13 .\CortexM3\ARM_GCC_541\Debug\Prototipo.a(PWM_Dir.o)
 .debug_loc     0x00001fc6       0x26 .\CortexM3\ARM_GCC_541\Debug\Prototipo.a(PWM_Motores.o)
 .debug_loc     0x00001fec       0x42 .\CortexM3\ARM_GCC_541\Debug\Prototipo.a(INMI.o)
 .debug_loc     0x0000202e       0x42 .\CortexM3\ARM_GCC_541\Debug\Prototipo.a(INMD.o)
 .debug_loc     0x00002070       0x13 .\CortexM3\ARM_GCC_541\Debug\Prototipo.a(PWM_Door.o)
 .debug_loc     0x00002083       0x42 .\CortexM3\ARM_GCC_541\Debug\Prototipo.a(INMA.o)
 .debug_loc     0x000020c5      0x3b2 .\CortexM3\ARM_GCC_541\Debug\Prototipo.a(CyFlash.o)
 .debug_loc     0x00002477      0x705 .\CortexM3\ARM_GCC_541\Debug\Prototipo.a(CySpc.o)

.debug_macinfo
 *(.debug_macinfo)

.debug_ranges   0x00000000      0xb88
 *(.debug_ranges)
 .debug_ranges  0x00000000       0x28 .\CortexM3\ARM_GCC_541\Debug\main.o
 .debug_ranges  0x00000028      0x108 .\CortexM3\ARM_GCC_541\Debug\GP2Y0E03.o
 .debug_ranges  0x00000130       0x48 .\CortexM3\ARM_GCC_541\Debug\cyfitter_cfg.o
 .debug_ranges  0x00000178       0x38 .\CortexM3\ARM_GCC_541\Debug\Cm3Start.o
 .debug_ranges  0x000001b0       0x98 .\CortexM3\ARM_GCC_541\Debug\Prototipo.a(ADC.o)
 .debug_ranges  0x00000248       0x10 .\CortexM3\ARM_GCC_541\Debug\Prototipo.a(ADC_INT.o)
 .debug_ranges  0x00000258       0xe0 .\CortexM3\ARM_GCC_541\Debug\Prototipo.a(UART.o)
 .debug_ranges  0x00000338       0x70 .\CortexM3\ARM_GCC_541\Debug\Prototipo.a(IRQRX.o)
 .debug_ranges  0x000003a8       0x70 .\CortexM3\ARM_GCC_541\Debug\Prototipo.a(ADC_theACLK.o)
 .debug_ranges  0x00000418       0x60 .\CortexM3\ARM_GCC_541\Debug\Prototipo.a(UART_IntClock.o)
 .debug_ranges  0x00000478      0x290 .\CortexM3\ARM_GCC_541\Debug\Prototipo.a(CyLib.o)
 .debug_ranges  0x00000708       0x88 .\CortexM3\ARM_GCC_541\Debug\Prototipo.a(cyPm.o)
 .debug_ranges  0x00000790       0x28 .\CortexM3\ARM_GCC_541\Debug\Prototipo.a(LED.o)
 .debug_ranges  0x000007b8       0x28 .\CortexM3\ARM_GCC_541\Debug\Prototipo.a(I2C.o)
 .debug_ranges  0x000007e0       0x10 .\CortexM3\ARM_GCC_541\Debug\Prototipo.a(I2C_INT.o)
 .debug_ranges  0x000007f0       0x28 .\CortexM3\ARM_GCC_541\Debug\Prototipo.a(I2C_PM.o)
 .debug_ranges  0x00000818       0x70 .\CortexM3\ARM_GCC_541\Debug\Prototipo.a(I2C_MASTER.o)
 .debug_ranges  0x00000888       0x80 .\CortexM3\ARM_GCC_541\Debug\Prototipo.a(PWM_Dir.o)
 .debug_ranges  0x00000908       0x98 .\CortexM3\ARM_GCC_541\Debug\Prototipo.a(PWM_Motores.o)
 .debug_ranges  0x000009a0       0x28 .\CortexM3\ARM_GCC_541\Debug\Prototipo.a(INMI.o)
 .debug_ranges  0x000009c8       0x28 .\CortexM3\ARM_GCC_541\Debug\Prototipo.a(INMD.o)
 .debug_ranges  0x000009f0       0x18 .\CortexM3\ARM_GCC_541\Debug\Prototipo.a(Ascensor.o)
 .debug_ranges  0x00000a08       0x70 .\CortexM3\ARM_GCC_541\Debug\Prototipo.a(PWM_Door.o)
 .debug_ranges  0x00000a78       0x28 .\CortexM3\ARM_GCC_541\Debug\Prototipo.a(INMA.o)
 .debug_ranges  0x00000aa0       0x78 .\CortexM3\ARM_GCC_541\Debug\Prototipo.a(CyFlash.o)
 .debug_ranges  0x00000b18       0x70 .\CortexM3\ARM_GCC_541\Debug\Prototipo.a(CySpc.o)

.comment        0x00000000       0x6e
 .comment       0x00000000       0x6e .\CortexM3\ARM_GCC_541\Debug\main.o
                                 0x6f (size before relaxing)
 .comment       0x0000006e       0x6f .\CortexM3\ARM_GCC_541\Debug\GP2Y0E03.o
 .comment       0x0000006e       0x6f .\CortexM3\ARM_GCC_541\Debug\cyfitter_cfg.o
 .comment       0x0000006e       0x6f .\CortexM3\ARM_GCC_541\Debug\cymetadata.o
 .comment       0x0000006e       0x6f .\CortexM3\ARM_GCC_541\Debug\Cm3Start.o
 .comment       0x0000006e       0x6f .\CortexM3\ARM_GCC_541\Debug\Prototipo.a(ADC.o)
 .comment       0x0000006e       0x6f .\CortexM3\ARM_GCC_541\Debug\Prototipo.a(ADC_INT.o)
 .comment       0x0000006e       0x6f .\CortexM3\ARM_GCC_541\Debug\Prototipo.a(UART.o)
 .comment       0x0000006e       0x6f .\CortexM3\ARM_GCC_541\Debug\Prototipo.a(IRQRX.o)
 .comment       0x0000006e       0x6f .\CortexM3\ARM_GCC_541\Debug\Prototipo.a(ADC_theACLK.o)
 .comment       0x0000006e       0x6f .\CortexM3\ARM_GCC_541\Debug\Prototipo.a(UART_IntClock.o)
 .comment       0x0000006e       0x6f .\CortexM3\ARM_GCC_541\Debug\Prototipo.a(CyLib.o)
 .comment       0x0000006e       0x6f .\CortexM3\ARM_GCC_541\Debug\Prototipo.a(cyPm.o)
 .comment       0x0000006e       0x6f .\CortexM3\ARM_GCC_541\Debug\Prototipo.a(LED.o)
 .comment       0x0000006e       0x6f .\CortexM3\ARM_GCC_541\Debug\Prototipo.a(I2C.o)
 .comment       0x0000006e       0x6f .\CortexM3\ARM_GCC_541\Debug\Prototipo.a(I2C_INT.o)
 .comment       0x0000006e       0x6f .\CortexM3\ARM_GCC_541\Debug\Prototipo.a(I2C_PM.o)
 .comment       0x0000006e       0x6f .\CortexM3\ARM_GCC_541\Debug\Prototipo.a(I2C_MASTER.o)
 .comment       0x0000006e       0x6f .\CortexM3\ARM_GCC_541\Debug\Prototipo.a(PWM_Dir.o)
 .comment       0x0000006e       0x6f .\CortexM3\ARM_GCC_541\Debug\Prototipo.a(PWM_Motores.o)
 .comment       0x0000006e       0x6f .\CortexM3\ARM_GCC_541\Debug\Prototipo.a(INMI.o)
 .comment       0x0000006e       0x6f .\CortexM3\ARM_GCC_541\Debug\Prototipo.a(INMD.o)
 .comment       0x0000006e       0x6f .\CortexM3\ARM_GCC_541\Debug\Prototipo.a(Ascensor.o)
 .comment       0x0000006e       0x6f .\CortexM3\ARM_GCC_541\Debug\Prototipo.a(PWM_Door.o)
 .comment       0x0000006e       0x6f .\CortexM3\ARM_GCC_541\Debug\Prototipo.a(INMA.o)
 .comment       0x0000006e       0x6f .\CortexM3\ARM_GCC_541\Debug\Prototipo.a(CyFlash.o)
 .comment       0x0000006e       0x6f .\CortexM3\ARM_GCC_541\Debug\Prototipo.a(CySpc.o)

.debug_weaknames
 *(.debug_weaknames)

.debug_funcnames
 *(.debug_funcnames)

.debug_typenames
 *(.debug_typenames)

.debug_varnames
 *(.debug_varnames)

.note.gnu.arm.ident
 *(.note.gnu.arm.ident)

.ARM.attributes
                0x00000000       0x29
 *(.ARM.attributes)
 .ARM.attributes
                0x00000000       0x1d c:/program files (x86)/cypress/psoc creator/4.2/psoc creator/import/gnu/arm/5.4.1/bin/../lib/gcc/arm-none-eabi/5.4.1/armv7-m/crti.o
 .ARM.attributes
                0x0000001d       0x2d c:/program files (x86)/cypress/psoc creator/4.2/psoc creator/import/gnu/arm/5.4.1/bin/../lib/gcc/arm-none-eabi/5.4.1/armv7-m/crtbegin.o
 .ARM.attributes
                0x0000004a       0x1b c:/program files (x86)/cypress/psoc creator/4.2/psoc creator/import/gnu/arm/5.4.1/bin/../lib/gcc/arm-none-eabi/5.4.1/../../../../arm-none-eabi/lib/armv7-m/crt0.o
 .ARM.attributes
                0x00000065       0x33 .\CortexM3\ARM_GCC_541\Debug\main.o
 .ARM.attributes
                0x00000098       0x33 .\CortexM3\ARM_GCC_541\Debug\GP2Y0E03.o
 .ARM.attributes
                0x000000cb       0x33 .\CortexM3\ARM_GCC_541\Debug\cyfitter_cfg.o
 .ARM.attributes
                0x000000fe       0x33 .\CortexM3\ARM_GCC_541\Debug\cymetadata.o
 .ARM.attributes
                0x00000131       0x33 .\CortexM3\ARM_GCC_541\Debug\Cm3Start.o
 .ARM.attributes
                0x00000164       0x33 .\CortexM3\ARM_GCC_541\Debug\Prototipo.a(ADC.o)
 .ARM.attributes
                0x00000197       0x33 .\CortexM3\ARM_GCC_541\Debug\Prototipo.a(ADC_INT.o)
 .ARM.attributes
                0x000001ca       0x33 .\CortexM3\ARM_GCC_541\Debug\Prototipo.a(UART.o)
 .ARM.attributes
                0x000001fd       0x33 .\CortexM3\ARM_GCC_541\Debug\Prototipo.a(IRQRX.o)
 .ARM.attributes
                0x00000230       0x33 .\CortexM3\ARM_GCC_541\Debug\Prototipo.a(ADC_theACLK.o)
 .ARM.attributes
                0x00000263       0x33 .\CortexM3\ARM_GCC_541\Debug\Prototipo.a(UART_IntClock.o)
 .ARM.attributes
                0x00000296       0x33 .\CortexM3\ARM_GCC_541\Debug\Prototipo.a(CyLib.o)
 .ARM.attributes
                0x000002c9       0x33 .\CortexM3\ARM_GCC_541\Debug\Prototipo.a(cyPm.o)
 .ARM.attributes
                0x000002fc       0x33 .\CortexM3\ARM_GCC_541\Debug\Prototipo.a(LED.o)
 .ARM.attributes
                0x0000032f       0x33 .\CortexM3\ARM_GCC_541\Debug\Prototipo.a(I2C.o)
 .ARM.attributes
                0x00000362       0x33 .\CortexM3\ARM_GCC_541\Debug\Prototipo.a(I2C_INT.o)
 .ARM.attributes
                0x00000395       0x33 .\CortexM3\ARM_GCC_541\Debug\Prototipo.a(I2C_PM.o)
 .ARM.attributes
                0x000003c8       0x33 .\CortexM3\ARM_GCC_541\Debug\Prototipo.a(I2C_MASTER.o)
 .ARM.attributes
                0x000003fb       0x33 .\CortexM3\ARM_GCC_541\Debug\Prototipo.a(PWM_Dir.o)
 .ARM.attributes
                0x0000042e       0x33 .\CortexM3\ARM_GCC_541\Debug\Prototipo.a(PWM_Motores.o)
 .ARM.attributes
                0x00000461       0x33 .\CortexM3\ARM_GCC_541\Debug\Prototipo.a(INMI.o)
 .ARM.attributes
                0x00000494       0x33 .\CortexM3\ARM_GCC_541\Debug\Prototipo.a(INMD.o)
 .ARM.attributes
                0x000004c7       0x33 .\CortexM3\ARM_GCC_541\Debug\Prototipo.a(Ascensor.o)
 .ARM.attributes
                0x000004fa       0x33 .\CortexM3\ARM_GCC_541\Debug\Prototipo.a(PWM_Door.o)
 .ARM.attributes
                0x0000052d       0x33 .\CortexM3\ARM_GCC_541\Debug\Prototipo.a(INMA.o)
 .ARM.attributes
                0x00000560       0x21 .\CortexM3\ARM_GCC_541\Debug\Prototipo.a(CyBootAsmGnu.o)
 .ARM.attributes
                0x00000581       0x33 .\CortexM3\ARM_GCC_541\Debug\Prototipo.a(CyFlash.o)
 .ARM.attributes
                0x000005b4       0x33 .\CortexM3\ARM_GCC_541\Debug\Prototipo.a(CySpc.o)
 .ARM.attributes
                0x000005e7       0x1d c:/program files (x86)/cypress/psoc creator/4.2/psoc creator/import/gnu/arm/5.4.1/bin/../lib/gcc/arm-none-eabi/5.4.1/armv7-m\libgcc.a(_arm_addsubsf3.o)
 .ARM.attributes
                0x00000604       0x1d c:/program files (x86)/cypress/psoc creator/4.2/psoc creator/import/gnu/arm/5.4.1/bin/../lib/gcc/arm-none-eabi/5.4.1/armv7-m\libgcc.a(_arm_muldivsf3.o)
 .ARM.attributes
                0x00000621       0x1d c:/program files (x86)/cypress/psoc creator/4.2/psoc creator/import/gnu/arm/5.4.1/bin/../lib/gcc/arm-none-eabi/5.4.1/armv7-m\libgcc.a(_aeabi_ldivmod.o)
 .ARM.attributes
                0x0000063e       0x2d c:/program files (x86)/cypress/psoc creator/4.2/psoc creator/import/gnu/arm/5.4.1/bin/../lib/gcc/arm-none-eabi/5.4.1/armv7-m\libgcc.a(_udivmoddi4.o)
 .ARM.attributes
                0x0000066b       0x1d c:/program files (x86)/cypress/psoc creator/4.2/psoc creator/import/gnu/arm/5.4.1/bin/../lib/gcc/arm-none-eabi/5.4.1/armv7-m\libgcc.a(_dvmd_tls.o)
 .ARM.attributes
                0x00000688       0x2d c:/program files (x86)/cypress/psoc creator/4.2/psoc creator/import/gnu/arm/5.4.1/bin/../lib/gcc/arm-none-eabi/5.4.1/../../../../arm-none-eabi/lib/armv7-m\libg_nano.a(lib_a-errno.o)
 .ARM.attributes
                0x000006b5       0x2d c:/program files (x86)/cypress/psoc creator/4.2/psoc creator/import/gnu/arm/5.4.1/bin/../lib/gcc/arm-none-eabi/5.4.1/../../../../arm-none-eabi/lib/armv7-m\libg_nano.a(lib_a-exit.o)
 .ARM.attributes
                0x000006e2       0x2d c:/program files (x86)/cypress/psoc creator/4.2/psoc creator/import/gnu/arm/5.4.1/bin/../lib/gcc/arm-none-eabi/5.4.1/../../../../arm-none-eabi/lib/armv7-m\libg_nano.a(lib_a-impure.o)
 .ARM.attributes
                0x0000070f       0x2d c:/program files (x86)/cypress/psoc creator/4.2/psoc creator/import/gnu/arm/5.4.1/bin/../lib/gcc/arm-none-eabi/5.4.1/../../../../arm-none-eabi/lib/armv7-m\libg_nano.a(lib_a-init.o)
 .ARM.attributes
                0x0000073c       0x2d c:/program files (x86)/cypress/psoc creator/4.2/psoc creator/import/gnu/arm/5.4.1/bin/../lib/gcc/arm-none-eabi/5.4.1/../../../../arm-none-eabi/lib/armv7-m\libg_nano.a(lib_a-memcpy-stub.o)
 .ARM.attributes
                0x00000769       0x2d c:/program files (x86)/cypress/psoc creator/4.2/psoc creator/import/gnu/arm/5.4.1/bin/../lib/gcc/arm-none-eabi/5.4.1/../../../../arm-none-eabi/lib/armv7-m\libg_nano.a(lib_a-memset.o)
 .ARM.attributes
                0x00000796       0x2d c:/program files (x86)/cypress/psoc creator/4.2/psoc creator/import/gnu/arm/5.4.1/bin/../lib/gcc/arm-none-eabi/5.4.1/../../../../arm-none-eabi/lib/armv7-m\libg_nano.a(lib_a-sprintf.o)
 .ARM.attributes
                0x000007c3       0x2d c:/program files (x86)/cypress/psoc creator/4.2/psoc creator/import/gnu/arm/5.4.1/bin/../lib/gcc/arm-none-eabi/5.4.1/../../../../arm-none-eabi/lib/armv7-m\libg_nano.a(lib_a-nano-svfprintf.o)
 .ARM.attributes
                0x000007f0       0x2d c:/program files (x86)/cypress/psoc creator/4.2/psoc creator/import/gnu/arm/5.4.1/bin/../lib/gcc/arm-none-eabi/5.4.1/../../../../arm-none-eabi/lib/armv7-m\libg_nano.a(lib_a-nano-vfprintf_i.o)
 .ARM.attributes
                0x0000081d       0x2d c:/program files (x86)/cypress/psoc creator/4.2/psoc creator/import/gnu/arm/5.4.1/bin/../lib/gcc/arm-none-eabi/5.4.1/../../../../arm-none-eabi/lib/armv7-m\libg_nano.a(lib_a-memchr-stub.o)
 .ARM.attributes
                0x0000084a       0x2d c:/program files (x86)/cypress/psoc creator/4.2/psoc creator/import/gnu/arm/5.4.1/bin/../lib/gcc/arm-none-eabi/5.4.1/../../../../arm-none-eabi/lib/armv7-m\libg_nano.a(lib_a-memmove.o)
 .ARM.attributes
                0x00000877       0x2d c:/program files (x86)/cypress/psoc creator/4.2/psoc creator/import/gnu/arm/5.4.1/bin/../lib/gcc/arm-none-eabi/5.4.1/../../../../arm-none-eabi/lib/armv7-m\libg_nano.a(lib_a-nano-freer.o)
 .ARM.attributes
                0x000008a4       0x2d c:/program files (x86)/cypress/psoc creator/4.2/psoc creator/import/gnu/arm/5.4.1/bin/../lib/gcc/arm-none-eabi/5.4.1/../../../../arm-none-eabi/lib/armv7-m\libg_nano.a(lib_a-nano-mallocr.o)
 .ARM.attributes
                0x000008d1       0x2d c:/program files (x86)/cypress/psoc creator/4.2/psoc creator/import/gnu/arm/5.4.1/bin/../lib/gcc/arm-none-eabi/5.4.1/../../../../arm-none-eabi/lib/armv7-m\libg_nano.a(lib_a-nano-reallocr.o)
 .ARM.attributes
                0x000008fe       0x2d c:/program files (x86)/cypress/psoc creator/4.2/psoc creator/import/gnu/arm/5.4.1/bin/../lib/gcc/arm-none-eabi/5.4.1/../../../../arm-none-eabi/lib/armv7-m\libg_nano.a(lib_a-sbrkr.o)
 .ARM.attributes
                0x0000092b       0x2d c:/program files (x86)/cypress/psoc creator/4.2/psoc creator/import/gnu/arm/5.4.1/bin/../lib/gcc/arm-none-eabi/5.4.1/../../../../arm-none-eabi/lib/armv7-m\libg_nano.a(lib_a-mlock.o)
 .ARM.attributes
                0x00000958       0x2d c:/program files (x86)/cypress/psoc creator/4.2/psoc creator/import/gnu/arm/5.4.1/bin/../lib/gcc/arm-none-eabi/5.4.1/../../../../arm-none-eabi/lib/armv7-m\libg_nano.a(lib_a-nano-msizer.o)
 .ARM.attributes
                0x00000985       0x2d c:/program files (x86)/cypress/psoc creator/4.2/psoc creator/import/gnu/arm/5.4.1/bin/../lib/gcc/arm-none-eabi/5.4.1/../../../../arm-none-eabi/lib/armv7-m\libg_nano.a(lib_a-reent.o)
 .ARM.attributes
                0x000009b2       0x2d c:/program files (x86)/cypress/psoc creator/4.2/psoc creator/import/gnu/arm/5.4.1/bin/../lib/gcc/arm-none-eabi/5.4.1/armv7-m/crtend.o
 .ARM.attributes
                0x000009df       0x1d c:/program files (x86)/cypress/psoc creator/4.2/psoc creator/import/gnu/arm/5.4.1/bin/../lib/gcc/arm-none-eabi/5.4.1/armv7-m/crtn.o

/DISCARD/
 *(.note.GNU-stack)
OUTPUT(C:\Users\LASER_2\Documents\PSoC Creator\Control-Mercury\Prototipo.cydsn\CortexM3\ARM_GCC_541\Debug\Prototipo.elf elf32-littlearm)
