Archive member included to satisfy reference by file (symbol)

.\CortexM3\ARM_GCC_541\Debug\Prototipo.a(ADC.o)
                              .\CortexM3\ARM_GCC_541\Debug\main.o (ADC_Start)
.\CortexM3\ARM_GCC_541\Debug\Prototipo.a(ADC_INT.o)
                              .\CortexM3\ARM_GCC_541\Debug\Prototipo.a(ADC.o) (ADC_ISR)
.\CortexM3\ARM_GCC_541\Debug\Prototipo.a(PWM.o)
                              .\CortexM3\ARM_GCC_541\Debug\main.o (PWM_WriteCompare1)
.\CortexM3\ARM_GCC_541\Debug\Prototipo.a(UART.o)
                              .\CortexM3\ARM_GCC_541\Debug\main.o (UART_Start)
.\CortexM3\ARM_GCC_541\Debug\Prototipo.a(IRQRX.o)
                              .\CortexM3\ARM_GCC_541\Debug\main.o (IRQRX_StartEx)
.\CortexM3\ARM_GCC_541\Debug\Prototipo.a(ADC_theACLK.o)
                              .\CortexM3\ARM_GCC_541\Debug\Prototipo.a(ADC.o) (ADC_theACLK_SetModeRegister)
.\CortexM3\ARM_GCC_541\Debug\Prototipo.a(UART_IntClock.o)
                              .\CortexM3\ARM_GCC_541\Debug\Prototipo.a(UART.o) (UART_IntClock_Start)
.\CortexM3\ARM_GCC_541\Debug\Prototipo.a(CyLib.o)
                              .\CortexM3\ARM_GCC_541\Debug\Cm3Start.o (CyHalt)
.\CortexM3\ARM_GCC_541\Debug\Prototipo.a(cyPm.o)
                              .\CortexM3\ARM_GCC_541\Debug\Prototipo.a(CyLib.o) (CyPmReadStatus)
.\CortexM3\ARM_GCC_541\Debug\Prototipo.a(LED.o)
                              .\CortexM3\ARM_GCC_541\Debug\main.o (LED_Write)
.\CortexM3\ARM_GCC_541\Debug\Prototipo.a(PWM2.o)
                              .\CortexM3\ARM_GCC_541\Debug\main.o (PWM2_WriteCompare)
.\CortexM3\ARM_GCC_541\Debug\Prototipo.a(I2C.o)
                              .\CortexM3\ARM_GCC_541\Debug\main.o (I2C_Start)
.\CortexM3\ARM_GCC_541\Debug\Prototipo.a(I2C_INT.o)
                              .\CortexM3\ARM_GCC_541\Debug\Prototipo.a(I2C.o) (I2C_ISR)
.\CortexM3\ARM_GCC_541\Debug\Prototipo.a(I2C_PM.o)
                              .\CortexM3\ARM_GCC_541\Debug\Prototipo.a(I2C.o) (I2C_backup)
.\CortexM3\ARM_GCC_541\Debug\Prototipo.a(I2C_MASTER.o)
                              .\CortexM3\ARM_GCC_541\Debug\Prototipo.a(I2C.o) (I2C_mstrStatus)
.\CortexM3\ARM_GCC_541\Debug\Prototipo.a(CyBootAsmGnu.o)
                              .\CortexM3\ARM_GCC_541\Debug\cyfitter_cfg.o (CyDelayCycles)
.\CortexM3\ARM_GCC_541\Debug\Prototipo.a(CyFlash.o)
                              .\CortexM3\ARM_GCC_541\Debug\Prototipo.a(cyPm.o) (CyFlash_SetWaitCycles)
.\CortexM3\ARM_GCC_541\Debug\Prototipo.a(CySpc.o)
                              .\CortexM3\ARM_GCC_541\Debug\Prototipo.a(CyFlash.o) (CySpcStart)
c:/program files (x86)/cypress/psoc creator/4.2/psoc creator/import/gnu/arm/5.4.1/bin/../lib/gcc/arm-none-eabi/5.4.1/armv7-m\libgcc.a(_arm_addsubsf3.o)
                              .\CortexM3\ARM_GCC_541\Debug\Prototipo.a(ADC.o) (__aeabi_i2f)
c:/program files (x86)/cypress/psoc creator/4.2/psoc creator/import/gnu/arm/5.4.1/bin/../lib/gcc/arm-none-eabi/5.4.1/armv7-m\libgcc.a(_arm_muldivsf3.o)
                              .\CortexM3\ARM_GCC_541\Debug\Prototipo.a(ADC.o) (__aeabi_fmul)
c:/program files (x86)/cypress/psoc creator/4.2/psoc creator/import/gnu/arm/5.4.1/bin/../lib/gcc/arm-none-eabi/5.4.1/armv7-m\libgcc.a(_aeabi_ldivmod.o)
                              .\CortexM3\ARM_GCC_541\Debug\Prototipo.a(ADC.o) (__aeabi_ldivmod)
c:/program files (x86)/cypress/psoc creator/4.2/psoc creator/import/gnu/arm/5.4.1/bin/../lib/gcc/arm-none-eabi/5.4.1/armv7-m\libgcc.a(_udivmoddi4.o)
                              c:/program files (x86)/cypress/psoc creator/4.2/psoc creator/import/gnu/arm/5.4.1/bin/../lib/gcc/arm-none-eabi/5.4.1/armv7-m\libgcc.a(_aeabi_ldivmod.o) (__udivmoddi4)
c:/program files (x86)/cypress/psoc creator/4.2/psoc creator/import/gnu/arm/5.4.1/bin/../lib/gcc/arm-none-eabi/5.4.1/armv7-m\libgcc.a(_dvmd_tls.o)
                              c:/program files (x86)/cypress/psoc creator/4.2/psoc creator/import/gnu/arm/5.4.1/bin/../lib/gcc/arm-none-eabi/5.4.1/armv7-m\libgcc.a(_aeabi_ldivmod.o) (__aeabi_ldiv0)
c:/program files (x86)/cypress/psoc creator/4.2/psoc creator/import/gnu/arm/5.4.1/bin/../lib/gcc/arm-none-eabi/5.4.1/../../../../arm-none-eabi/lib/armv7-m\libg_nano.a(lib_a-errno.o)
                              .\CortexM3\ARM_GCC_541\Debug\Cm3Start.o (__errno)
c:/program files (x86)/cypress/psoc creator/4.2/psoc creator/import/gnu/arm/5.4.1/bin/../lib/gcc/arm-none-eabi/5.4.1/../../../../arm-none-eabi/lib/armv7-m\libg_nano.a(lib_a-exit.o)
                              c:/program files (x86)/cypress/psoc creator/4.2/psoc creator/import/gnu/arm/5.4.1/bin/../lib/gcc/arm-none-eabi/5.4.1/../../../../arm-none-eabi/lib/armv7-m/crt0.o (exit)
c:/program files (x86)/cypress/psoc creator/4.2/psoc creator/import/gnu/arm/5.4.1/bin/../lib/gcc/arm-none-eabi/5.4.1/../../../../arm-none-eabi/lib/armv7-m\libg_nano.a(lib_a-impure.o)
[...]
Memory Configuration

Name             Origin             Length             Attributes
rom              0x00000000         0x00040000         xr
ram              0x1fff8000         0x00010000         xrw
*default*        0x00000000         0xffffffff

Linker script and memory map

LOAD c:/program files (x86)/cypress/psoc creator/4.2/psoc creator/import/gnu/arm/5.4.1/bin/../lib/gcc/arm-none-eabi/5.4.1/armv7-m/crti.o
LOAD c:/program files (x86)/cypress/psoc creator/4.2/psoc creator/import/gnu/arm/5.4.1/bin/../lib/gcc/arm-none-eabi/5.4.1/armv7-m/crtbegin.o
LOAD c:/program files (x86)/cypress/psoc creator/4.2/psoc creator/import/gnu/arm/5.4.1/bin/../lib/gcc/arm-none-eabi/5.4.1/../../../../arm-none-eabi/lib/armv7-m/crt0.o
START GROUP
LOAD .\CortexM3\ARM_GCC_541\Debug\main.o
LOAD .\CortexM3\ARM_GCC_541\Debug\cyfitter_cfg.o
LOAD .\CortexM3\ARM_GCC_541\Debug\cymetadata.o
LOAD .\CortexM3\ARM_GCC_541\Debug\Cm3Start.o
LOAD .\CortexM3\ARM_GCC_541\Debug\Prototipo.a
LOAD C:\Program Files (x86)\Cypress\PSoC Creator\4.2\PSoC Creator\psoc\content\cycomponentlibrary\CyComponentLibrary.cylib\CortexM3\ARM_GCC_541\Debug\CyComponentLibrary.a
END GROUP
START GROUP
LOAD c:/program files (x86)/cypress/psoc creator/4.2/psoc creator/import/gnu/arm/5.4.1/bin/../lib/gcc/arm-none-eabi/5.4.1/armv7-m\libgcc.a
LOAD c:/program files (x86)/cypress/psoc creator/4.2/psoc creator/import/gnu/arm/5.4.1/bin/../lib/gcc/arm-none-eabi/5.4.1/../../../../arm-none-eabi/lib/armv7-m\libg_nano.a
LOAD c:/program files (x86)/cypress/psoc creator/4.2/psoc creator/import/gnu/arm/5.4.1/bin/../lib/gcc/arm-none-eabi/5.4.1/../../../../arm-none-eabi/lib/armv7-m\libc_nano.a
END GROUP
START GROUP
LOAD c:/program files (x86)/cypress/psoc creator/4.2/psoc creator/import/gnu/arm/5.4.1/bin/../lib/gcc/arm-none-eabi/5.4.1/armv7-m\libgcc.a
LOAD c:/program files (x86)/cypress/psoc creator/4.2/psoc creator/import/gnu/arm/5.4.1/bin/../lib/gcc/arm-none-eabi/5.4.1/../../../../arm-none-eabi/lib/armv7-m\libc_nano.a
END GROUP
LOAD c:/program files (x86)/cypress/psoc creator/4.2/psoc creator/import/gnu/arm/5.4.1/bin/../lib/gcc/arm-none-eabi/5.4.1/armv7-m/crtend.o
LOAD c:/program files (x86)/cypress/psoc creator/4.2/psoc creator/import/gnu/arm/5.4.1/bin/../lib/gcc/arm-none-eabi/5.4.1/armv7-m/crtn.o
START GROUP
LOAD c:/program files (x86)/cypress/psoc creator/4.2/psoc creator/import/gnu/arm/5.4.1/bin/../lib/gcc/arm-none-eabi/5.4.1/armv7-m\libgcc.a
LOAD c:/program files (x86)/cypress/psoc creator/4.2/psoc creator/import/gnu/arm/5.4.1/bin/../lib/gcc/arm-none-eabi/5.4.1/../../../../arm-none-eabi/lib/armv7-m\libc.a
LOAD c:/program files (x86)/cypress/psoc creator/4.2/psoc creator/import/gnu/arm/5.4.1/bin/../lib/gcc/arm-none-eabi/5.4.1/../../../../arm-none-eabi/lib/armv7-m\libnosys.a
END GROUP
                0x00000000                CY_APPL_ORIGIN = 0x0
                0x00000100                CY_FLASH_ROW_SIZE = 0x100
                0x00000020                CY_ECC_ROW_SIZE = 0x20
                0x00000000                CY_EE_IN_BTLDR = 0x0
                0x00000000                CY_APPL_LOADABLE = 0x0
                0x00000800                CY_EE_SIZE = 0x800
                0x00000001                CY_APPL_NUM = 0x1
                0x00000001                CY_APPL_MAX = 0x1
                0x00000040                CY_METADATA_SIZE = 0x40
                0x00000000                CY_APPL_LOADABLE = 0x0
                0x00000000                CY_CHECKSUM_EXCLUDE_SIZE = ALIGN (0x0, CY_FLASH_ROW_SIZE)
                [!provide]                PROVIDE (__cy_heap_start, _end)
                0x00000001                PROVIDE (__cy_region_num, ((__cy_regions_end - __cy_regions) / 0x10))
                0x20008000                PROVIDE (__cy_stack, (ORIGIN (ram) + LENGTH (ram)))
                [!provide]                PROVIDE (__cy_heap_end, (__cy_stack - 0x800))

.cybootloader   0x00000000        0x0
 *(.cybootloader)
                0x00000000                appl1_start = CY_APPL_ORIGIN?CY_APPL_ORIGIN:ALIGN (CY_FLASH_ROW_SIZE)
                0x0001ff00                appl2_start = (appl1_start + ALIGN ((((LENGTH (rom) - appl1_start) - (0x2 * CY_FLASH_ROW_SIZE)) / 0x2), CY_FLASH_ROW_SIZE))
                0x00000000                appl_start = (CY_APPL_NUM == 0x1)?appl1_start:appl2_start
                0x00000000                ecc_offset = ((appl_start / CY_FLASH_ROW_SIZE) * CY_ECC_ROW_SIZE)
                0x00000000                ee_offset = (CY_APPL_LOADABLE && ! (CY_EE_IN_BTLDR))?((CY_EE_SIZE / CY_APPL_MAX) * (CY_APPL_NUM - 0x1)):0x0
                0x00000800                ee_size = (CY_APPL_LOADABLE && ! (CY_EE_IN_BTLDR))?(CY_EE_SIZE / CY_APPL_MAX):CY_EE_SIZE
                [!provide]                PROVIDE (CY_ECC_OFFSET, ecc_offset)

.text           0x00000000     0x1aa8
 CREATE_OBJECT_SYMBOLS
                0x00000000                PROVIDE (__cy_interrupt_vector, RomVectors)
 *(.romvectors)
 .romvectors    0x00000000       0x10 .\CortexM3\ARM_GCC_541\Debug\Cm3Start.o
                0x00000000                RomVectors
                0x00000001                ASSERT ((. != __cy_interrupt_vector), No interrupt vector)
                0x00000001                ASSERT (CY_APPL_ORIGIN?(SIZEOF (.cybootloader) <= CY_APPL_ORIGIN):0x1, Wrong image location)
                0x00000010                PROVIDE (__cy_reset, Reset)
 *(.text.Reset)
 .text.Reset    0x00000010       0x18 .\CortexM3\ARM_GCC_541\Debug\Cm3Start.o
                0x00000010                Reset
                0x00000001                ASSERT ((. != __cy_reset), No reset code)
 *(.dma_init)
                0x00000001                ASSERT ((((appl_start + .) <= 0x10000) || 0x1), DMA Init must be within the first 64k of flash)
 *(.text .text.* .gnu.linkonce.t.*)
 .text          0x00000028       0x5c c:/program files (x86)/cypress/psoc creator/4.2/psoc creator/import/gnu/arm/5.4.1/bin/../lib/gcc/arm-none-eabi/5.4.1/armv7-m/crtbegin.o
 .text.DS_begintx
                0x00000084       0x10 .\CortexM3\ARM_GCC_541\Debug\main.o
                0x00000084                DS_begintx
 .text.DS_init  0x00000094       0x18 .\CortexM3\ARM_GCC_541\Debug\main.o
                0x00000094                DS_init
 .text.DS_get_data
                0x000000ac       0x54 .\CortexM3\ARM_GCC_541\Debug\main.o
                0x000000ac                DS_get_data
 .text.TurnLefth
                0x00000100       0x4c .\CortexM3\ARM_GCC_541\Debug\main.o
                0x00000100                TurnLefth
 .text.TurnRight
                0x0000014c       0x4c .\CortexM3\ARM_GCC_541\Debug\main.o
                0x0000014c                TurnRight
 .text.InterrupRx
                0x00000198       0x84 .\CortexM3\ARM_GCC_541\Debug\main.o
                0x00000198                InterrupRx
 .text.main     0x0000021c       0xb8 .\CortexM3\ARM_GCC_541\Debug\main.o
                0x0000021c                main
 .text.CyClockStartupError
                0x000002d4        0x4 .\CortexM3\ARM_GCC_541\Debug\cyfitter_cfg.o
 .text.cfg_write_bytes32
                0x000002d8       0x34 .\CortexM3\ARM_GCC_541\Debug\cyfitter_cfg.o
 .text.CYMEMZERO
                0x0000030c        0xc .\CortexM3\ARM_GCC_541\Debug\cyfitter_cfg.o
 .text.AnalogSetDefault
                0x00000318       0x7c .\CortexM3\ARM_GCC_541\Debug\cyfitter_cfg.o
 .text.CYCONFIGCPY
                0x00000394        0x8 .\CortexM3\ARM_GCC_541\Debug\cyfitter_cfg.o
 .text.ClockSetup
                0x0000039c       0xfc .\CortexM3\ARM_GCC_541\Debug\cyfitter_cfg.o
 .text.cyfitter_cfg
                0x00000498      0x100 .\CortexM3\ARM_GCC_541\Debug\cyfitter_cfg.o
                0x00000498                cyfitter_cfg
 .text.IntDefaultHandler
                0x00000598       0x10 .\CortexM3\ARM_GCC_541\Debug\Cm3Start.o
                0x00000598                IntDefaultHandler
 .text._sbrk    0x000005a8       0x30 .\CortexM3\ARM_GCC_541\Debug\Cm3Start.o
                0x000005a8                _sbrk
 .text.Start_c  0x000005d8       0x4c .\CortexM3\ARM_GCC_541\Debug\Cm3Start.o
                0x000005d8                Start_c
 .text.initialize_psoc
                0x00000624       0x68 .\CortexM3\ARM_GCC_541\Debug\Cm3Start.o
                0x00000624                initialize_psoc
 .text.ADC_CalcGain
                0x0000068c       0x64 .\CortexM3\ARM_GCC_541\Debug\Prototipo.a(ADC.o)
 .text.ADC_Enable
                0x000006f0       0x94 .\CortexM3\ARM_GCC_541\Debug\Prototipo.a(ADC.o)
                0x000006f0                ADC_Enable
 .text.ADC_SetResolution
                0x00000784       0x38 .\CortexM3\ARM_GCC_541\Debug\Prototipo.a(ADC.o)
                0x00000784                ADC_SetResolution
 .text.ADC_Init
                0x000007bc       0x3c .\CortexM3\ARM_GCC_541\Debug\Prototipo.a(ADC.o)
                0x000007bc                ADC_Init
 .text.ADC_Start
                0x000007f8       0x1c .\CortexM3\ARM_GCC_541\Debug\Prototipo.a(ADC.o)
                0x000007f8                ADC_Start
 .text.ADC_StartConvert
                0x00000814       0x18 .\CortexM3\ARM_GCC_541\Debug\Prototipo.a(ADC.o)
                0x00000814                ADC_StartConvert
 .text.ADC_IsEndConversion
                0x0000082c       0x24 .\CortexM3\ARM_GCC_541\Debug\Prototipo.a(ADC.o)
                0x0000082c                ADC_IsEndConversion
 .text.ADC_GetResult16
                0x00000850       0x18 .\CortexM3\ARM_GCC_541\Debug\Prototipo.a(ADC.o)
                0x00000850                ADC_GetResult16
 .text.ADC_ISR  0x00000868        0x4 .\CortexM3\ARM_GCC_541\Debug\Prototipo.a(ADC_INT.o)
                0x00000868                ADC_ISR
 .text.PWM_Enable
                0x0000086c       0x10 .\CortexM3\ARM_GCC_541\Debug\Prototipo.a(PWM.o)
                0x0000086c                PWM_Enable
 .text.PWM_WriteCounter
                0x0000087c        0xc .\CortexM3\ARM_GCC_541\Debug\Prototipo.a(PWM.o)
                0x0000087c                PWM_WriteCounter
 .text.PWM_WritePeriod
                0x00000888        0xc .\CortexM3\ARM_GCC_541\Debug\Prototipo.a(PWM.o)
                0x00000888                PWM_WritePeriod
 .text.PWM_WriteCompare1
                0x00000894        0xc .\CortexM3\ARM_GCC_541\Debug\Prototipo.a(PWM.o)
                0x00000894                PWM_WriteCompare1
 .text.PWM_WriteCompare2
                0x000008a0        0xc .\CortexM3\ARM_GCC_541\Debug\Prototipo.a(PWM.o)
                0x000008a0                PWM_WriteCompare2
 .text.PWM_SetInterruptMode
                0x000008ac        0xc .\CortexM3\ARM_GCC_541\Debug\Prototipo.a(PWM.o)
                0x000008ac                PWM_SetInterruptMode
 .text.PWM_ReadStatusRegister
                0x000008b8        0xc .\CortexM3\ARM_GCC_541\Debug\Prototipo.a(PWM.o)
                0x000008b8                PWM_ReadStatusRegister
 .text.PWM_ReadCapture
                0x000008c4        0xc .\CortexM3\ARM_GCC_541\Debug\Prototipo.a(PWM.o)
                0x000008c4                PWM_ReadCapture
 .text.PWM_ClearFIFO
                0x000008d0       0x14 .\CortexM3\ARM_GCC_541\Debug\Prototipo.a(PWM.o)
                0x000008d0                PWM_ClearFIFO
 .text.PWM_Init
                0x000008e4       0x58 .\CortexM3\ARM_GCC_541\Debug\Prototipo.a(PWM.o)
                0x000008e4                PWM_Init
 .text.PWM_Start
                0x0000093c       0x1c .\CortexM3\ARM_GCC_541\Debug\Prototipo.a(PWM.o)
                0x0000093c                PWM_Start
 .text.UART_Init
                0x00000958       0x24 .\CortexM3\ARM_GCC_541\Debug\Prototipo.a(UART.o)
                0x00000958                UART_Init
 .text.UART_Enable
                0x0000097c       0x38 .\CortexM3\ARM_GCC_541\Debug\Prototipo.a(UART.o)
                0x0000097c                UART_Enable
 .text.UART_Start
                0x000009b4       0x1c .\CortexM3\ARM_GCC_541\Debug\Prototipo.a(UART.o)
                0x000009b4                UART_Start
 .text.UART_GetChar
                0x000009d0       0x2c .\CortexM3\ARM_GCC_541\Debug\Prototipo.a(UART.o)
                0x000009d0                UART_GetChar
 .text.UART_PutChar
                0x000009fc       0x18 .\CortexM3\ARM_GCC_541\Debug\Prototipo.a(UART.o)
                0x000009fc                UART_PutChar
 .text.UART_PutString
                0x00000a14       0x24 .\CortexM3\ARM_GCC_541\Debug\Prototipo.a(UART.o)
                0x00000a14                UART_PutString
 .text.IRQRX_SetVector
                0x00000a38        0xc .\CortexM3\ARM_GCC_541\Debug\Prototipo.a(IRQRX.o)
                0x00000a38                IRQRX_SetVector
 .text.IRQRX_SetPriority
                0x00000a44       0x10 .\CortexM3\ARM_GCC_541\Debug\Prototipo.a(IRQRX.o)
                0x00000a44                IRQRX_SetPriority
 .text.IRQRX_Enable
                0x00000a54        0xc .\CortexM3\ARM_GCC_541\Debug\Prototipo.a(IRQRX.o)
                0x00000a54                IRQRX_Enable
 .text.IRQRX_Disable
                0x00000a60        0xc .\CortexM3\ARM_GCC_541\Debug\Prototipo.a(IRQRX.o)
                0x00000a60                IRQRX_Disable
 .text.IRQRX_StartEx
                0x00000a6c       0x1c .\CortexM3\ARM_GCC_541\Debug\Prototipo.a(IRQRX.o)
                0x00000a6c                IRQRX_StartEx
 .text.ADC_theACLK_SetModeRegister
                0x00000a88       0x14 .\CortexM3\ARM_GCC_541\Debug\Prototipo.a(ADC_theACLK.o)
                0x00000a88                ADC_theACLK_SetModeRegister
 .text.UART_IntClock_Start
                0x00000a9c       0x1c .\CortexM3\ARM_GCC_541\Debug\Prototipo.a(UART_IntClock.o)
                0x00000a9c                UART_IntClock_Start
 .text.CyHalt   0x00000ab8        0x4 .\CortexM3\ARM_GCC_541\Debug\Prototipo.a(CyLib.o)
                0x00000ab8                CyHalt
 .text.CyDelay  0x00000abc       0x2c .\CortexM3\ARM_GCC_541\Debug\Prototipo.a(CyLib.o)
                0x00000abc                CyDelay
 .text.CyDelayUs
                0x00000ae8       0x14 .\CortexM3\ARM_GCC_541\Debug\Prototipo.a(CyLib.o)
                0x00000ae8                CyDelayUs
 .text.CyIntSetVector
                0x00000afc       0x28 .\CortexM3\ARM_GCC_541\Debug\Prototipo.a(CyLib.o)
                0x00000afc                CyIntSetVector
 .text.CyIntSetPriority
                0x00000b24       0x30 .\CortexM3\ARM_GCC_541\Debug\Prototipo.a(CyLib.o)
                0x00000b24                CyIntSetPriority
 .text.LED_Write
                0x00000b54       0x18 .\CortexM3\ARM_GCC_541\Debug\Prototipo.a(LED.o)
                0x00000b54                LED_Write
 .text.LED_Read
                0x00000b6c       0x10 .\CortexM3\ARM_GCC_541\Debug\Prototipo.a(LED.o)
                0x00000b6c                LED_Read
 .text.PWM2_Enable
                0x00000b7c       0x10 .\CortexM3\ARM_GCC_541\Debug\Prototipo.a(PWM2.o)
                0x00000b7c                PWM2_Enable
 .text.PWM2_WriteCounter
                0x00000b8c        0xc .\CortexM3\ARM_GCC_541\Debug\Prototipo.a(PWM2.o)
                0x00000b8c                PWM2_WriteCounter
 .text.PWM2_WritePeriod
                0x00000b98        0xc .\CortexM3\ARM_GCC_541\Debug\Prototipo.a(PWM2.o)
                0x00000b98                PWM2_WritePeriod
 .text.PWM2_WriteCompare
                0x00000ba4        0xc .\CortexM3\ARM_GCC_541\Debug\Prototipo.a(PWM2.o)
                0x00000ba4                PWM2_WriteCompare
 .text.PWM2_SetInterruptMode
                0x00000bb0        0xc .\CortexM3\ARM_GCC_541\Debug\Prototipo.a(PWM2.o)
                0x00000bb0                PWM2_SetInterruptMode
 .text.PWM2_ReadStatusRegister
                0x00000bbc        0xc .\CortexM3\ARM_GCC_541\Debug\Prototipo.a(PWM2.o)
                0x00000bbc                PWM2_ReadStatusRegister
 .text.PWM2_ReadCapture
                0x00000bc8        0xc .\CortexM3\ARM_GCC_541\Debug\Prototipo.a(PWM2.o)
                0x00000bc8                PWM2_ReadCapture
 .text.PWM2_ClearFIFO
                0x00000bd4       0x14 .\CortexM3\ARM_GCC_541\Debug\Prototipo.a(PWM2.o)
                0x00000bd4                PWM2_ClearFIFO
 .text.PWM2_Init
                0x00000be8       0x64 .\CortexM3\ARM_GCC_541\Debug\Prototipo.a(PWM2.o)
                0x00000be8                PWM2_Init
 .text.PWM2_Start
                0x00000c4c       0x1c .\CortexM3\ARM_GCC_541\Debug\Prototipo.a(PWM2.o)
                0x00000c4c                PWM2_Start
 .text.I2C_Init
                0x00000c68       0x68 .\CortexM3\ARM_GCC_541\Debug\Prototipo.a(I2C.o)
                0x00000c68                I2C_Init
 .text.I2C_Enable
                0x00000cd0       0x24 .\CortexM3\ARM_GCC_541\Debug\Prototipo.a(I2C.o)
                0x00000cd0                I2C_Enable
 .text.I2C_Start
                0x00000cf4       0x28 .\CortexM3\ARM_GCC_541\Debug\Prototipo.a(I2C.o)
                0x00000cf4                I2C_Start
 .text.I2C_ISR  0x00000d1c      0x2d0 .\CortexM3\ARM_GCC_541\Debug\Prototipo.a(I2C_INT.o)
                0x00000d1c                I2C_ISR
 .text.I2C_MasterSendStart
                0x00000fec       0x80 .\CortexM3\ARM_GCC_541\Debug\Prototipo.a(I2C_MASTER.o)
                0x00000fec                I2C_MasterSendStart
 .text.I2C_MasterSendRestart
                0x0000106c       0x6c .\CortexM3\ARM_GCC_541\Debug\Prototipo.a(I2C_MASTER.o)
                0x0000106c                I2C_MasterSendRestart
 .text.I2C_MasterSendStop
                0x000010d8       0x38 .\CortexM3\ARM_GCC_541\Debug\Prototipo.a(I2C_MASTER.o)
                0x000010d8                I2C_MasterSendStop
 .text.I2C_MasterWriteByte
                0x00001110       0x58 .\CortexM3\ARM_GCC_541\Debug\Prototipo.a(I2C_MASTER.o)
                0x00001110                I2C_MasterWriteByte
 .text.I2C_MasterReadByte
                0x00001168       0x58 .\CortexM3\ARM_GCC_541\Debug\Prototipo.a(I2C_MASTER.o)
                0x00001168                I2C_MasterReadByte
 .text          0x000011c0       0x20 .\CortexM3\ARM_GCC_541\Debug\Prototipo.a(CyBootAsmGnu.o)
                0x000011c0                CyDelayCycles
                0x000011d0                CyEnterCriticalSection
                0x000011d8                CyExitCriticalSection
 .text.__errno  0x000011e0        0xc c:/program files (x86)/cypress/psoc creator/4.2/psoc creator/import/gnu/arm/5.4.1/bin/../lib/gcc/arm-none-eabi/5.4.1/../../../../arm-none-eabi/lib/armv7-m\libg_nano.a(lib_a-errno.o)
                0x000011e0                __errno
 .text.__libc_init_array
                0x000011ec       0x4c c:/program files (x86)/cypress/psoc creator/4.2/psoc creator/import/gnu/arm/5.4.1/bin/../lib/gcc/arm-none-eabi/5.4.1/../../../../arm-none-eabi/lib/armv7-m\libg_nano.a(lib_a-init.o)
                0x000011ec                __libc_init_array
 .text.memcpy   0x00001238       0x16 c:/program files (x86)/cypress/psoc creator/4.2/psoc creator/import/gnu/arm/5.4.1/bin/../lib/gcc/arm-none-eabi/5.4.1/../../../../arm-none-eabi/lib/armv7-m\libg_nano.a(lib_a-memcpy-stub.o)
                0x00001238                memcpy
 .text.memset   0x0000124e       0x10 c:/program files (x86)/cypress/psoc creator/4.2/psoc creator/import/gnu/arm/5.4.1/bin/../lib/gcc/arm-none-eabi/5.4.1/../../../../arm-none-eabi/lib/armv7-m\libg_nano.a(lib_a-memset.o)
                0x0000124e                memset
 *fill*         0x0000125e        0x2 
 .text.sprintf  0x00001260       0x48 c:/program files (x86)/cypress/psoc creator/4.2/psoc creator/import/gnu/arm/5.4.1/bin/../lib/gcc/arm-none-eabi/5.4.1/../../../../arm-none-eabi/lib/armv7-m\libg_nano.a(lib_a-sprintf.o)
                0x00001260                siprintf
                0x00001260                sprintf
 .text.__ssputs_r
                0x000012a8       0xb2 c:/program files (x86)/cypress/psoc creator/4.2/psoc creator/import/gnu/arm/5.4.1/bin/../lib/gcc/arm-none-eabi/5.4.1/../../../../arm-none-eabi/lib/armv7-m\libg_nano.a(lib_a-nano-svfprintf.o)
                0x000012a8                __ssputs_r
 *fill*         0x0000135a        0x2 
 .text._svfprintf_r
                0x0000135c      0x1e8 c:/program files (x86)/cypress/psoc creator/4.2/psoc creator/import/gnu/arm/5.4.1/bin/../lib/gcc/arm-none-eabi/5.4.1/../../../../arm-none-eabi/lib/armv7-m\libg_nano.a(lib_a-nano-svfprintf.o)
                0x0000135c                _svfiprintf_r
                0x0000135c                _svfprintf_r
 .text._printf_common
                0x00001544       0xec c:/program files (x86)/cypress/psoc creator/4.2/psoc creator/import/gnu/arm/5.4.1/bin/../lib/gcc/arm-none-eabi/5.4.1/../../../../arm-none-eabi/lib/armv7-m\libg_nano.a(lib_a-nano-vfprintf_i.o)
                0x00001544                _printf_common
 .text._printf_i
                0x00001630      0x24c c:/program files (x86)/cypress/psoc creator/4.2/psoc creator/import/gnu/arm/5.4.1/bin/../lib/gcc/arm-none-eabi/5.4.1/../../../../arm-none-eabi/lib/armv7-m\libg_nano.a(lib_a-nano-vfprintf_i.o)
                0x00001630                _printf_i
 .text.memchr   0x0000187c       0x1c c:/program files (x86)/cypress/psoc creator/4.2/psoc creator/import/gnu/arm/5.4.1/bin/../lib/gcc/arm-none-eabi/5.4.1/../../../../arm-none-eabi/lib/armv7-m\libg_nano.a(lib_a-memchr-stub.o)
                0x0000187c                memchr
 .text.memmove  0x00001898       0x36 c:/program files (x86)/cypress/psoc creator/4.2/psoc creator/import/gnu/arm/5.4.1/bin/../lib/gcc/arm-none-eabi/5.4.1/../../../../arm-none-eabi/lib/armv7-m\libg_nano.a(lib_a-memmove.o)
                0x00001898                memmove
 *fill*         0x000018ce        0x2 
 .text._free_r  0x000018d0       0x98 c:/program files (x86)/cypress/psoc creator/4.2/psoc creator/import/gnu/arm/5.4.1/bin/../lib/gcc/arm-none-eabi/5.4.1/../../../../arm-none-eabi/lib/armv7-m\libg_nano.a(lib_a-nano-freer.o)
                0x000018d0                _free_r
 .text._malloc_r
                0x00001968       0xbc c:/program files (x86)/cypress/psoc creator/4.2/psoc creator/import/gnu/arm/5.4.1/bin/../lib/gcc/arm-none-eabi/5.4.1/../../../../arm-none-eabi/lib/armv7-m\libg_nano.a(lib_a-nano-mallocr.o)
                0x00001968                _malloc_r
 .text._realloc_r
                0x00001a24       0x4c c:/program files (x86)/cypress/psoc creator/4.2/psoc creator/import/gnu/arm/5.4.1/bin/../lib/gcc/arm-none-eabi/5.4.1/../../../../arm-none-eabi/lib/armv7-m\libg_nano.a(lib_a-nano-reallocr.o)
                0x00001a24                _realloc_r
 .text._sbrk_r  0x00001a70       0x20 c:/program files (x86)/cypress/psoc creator/4.2/psoc creator/import/gnu/arm/5.4.1/bin/../lib/gcc/arm-none-eabi/5.4.1/../../../../arm-none-eabi/lib/armv7-m\libg_nano.a(lib_a-sbrkr.o)
                0x00001a70                _sbrk_r
 .text.__malloc_lock
                0x00001a90        0x2 c:/program files (x86)/cypress/psoc creator/4.2/psoc creator/import/gnu/arm/5.4.1/bin/../lib/gcc/arm-none-eabi/5.4.1/../../../../arm-none-eabi/lib/armv7-m\libg_nano.a(lib_a-mlock.o)
                0x00001a90                __malloc_lock
 .text.__malloc_unlock
                0x00001a92        0x2 c:/program files (x86)/cypress/psoc creator/4.2/psoc creator/import/gnu/arm/5.4.1/bin/../lib/gcc/arm-none-eabi/5.4.1/../../../../arm-none-eabi/lib/armv7-m\libg_nano.a(lib_a-mlock.o)
                0x00001a92                __malloc_unlock
 .text._malloc_usable_size_r
                0x00001a94       0x14 c:/program files (x86)/cypress/psoc creator/4.2/psoc creator/import/gnu/arm/5.4.1/bin/../lib/gcc/arm-none-eabi/5.4.1/../../../../arm-none-eabi/lib/armv7-m\libg_nano.a(lib_a-nano-msizer.o)
                0x00001a94                _malloc_usable_size_r
 *(.plt)
 *(.gnu.warning)
 *(.glue_7t)
 .glue_7t       0x00001aa8        0x0 linker stubs
 *(.glue_7)
 .glue_7        0x00001aa8        0x0 linker stubs
 *(.vfp11_veneer)
 .vfp11_veneer  0x00001aa8        0x0 linker stubs
 *(.bootloader)
 *(.ARM.extab* .gnu.linkonce.armextab.*)
 *(.gcc_except_table)

.v4_bx          0x00001aa8        0x0
 .v4_bx         0x00001aa8        0x0 linker stubs

.iplt           0x00001aa8        0x0
 .iplt          0x00001aa8        0x0 c:/program files (x86)/cypress/psoc creator/4.2/psoc creator/import/gnu/arm/5.4.1/bin/../lib/gcc/arm-none-eabi/5.4.1/armv7-m/crtbegin.o

.eh_frame_hdr
 *(.eh_frame_hdr)

.eh_frame       0x00001aa8        0x4
 *(.eh_frame)
 .eh_frame      0x00001aa8        0x0 c:/program files (x86)/cypress/psoc creator/4.2/psoc creator/import/gnu/arm/5.4.1/bin/../lib/gcc/arm-none-eabi/5.4.1/armv7-m/crtbegin.o
 .eh_frame      0x00001aa8        0x4 c:/program files (x86)/cypress/psoc creator/4.2/psoc creator/import/gnu/arm/5.4.1/bin/../lib/gcc/arm-none-eabi/5.4.1/armv7-m/crtend.o
                [!provide]                PROVIDE (__exidx_start, .)

.ARM.exidx
 *(.ARM.exidx* .gnu.linkonce.armexidx.*)
                0x00001aac                __exidx_end = .

.rodata         0x00001aac       0xa4
 *(.rodata .rodata.* .gnu.linkonce.r.*)
 .rodata.str1.4
                0x00001aac        0x4 .\CortexM3\ARM_GCC_541\Debug\main.o
 .rodata        0x00001ab0       0x36 .\CortexM3\ARM_GCC_541\Debug\cyfitter_cfg.o
 .rodata.str1.1
                0x00001ae6        0x2 c:/program files (x86)/cypress/psoc creator/4.2/psoc creator/import/gnu/arm/5.4.1/bin/../lib/gcc/arm-none-eabi/5.4.1/../../../../arm-none-eabi/lib/armv7-m\libg_nano.a(lib_a-impure.o)
 .rodata.str1.1
                0x00001ae8       0x11 c:/program files (x86)/cypress/psoc creator/4.2/psoc creator/import/gnu/arm/5.4.1/bin/../lib/gcc/arm-none-eabi/5.4.1/../../../../arm-none-eabi/lib/armv7-m\libg_nano.a(lib_a-nano-svfprintf.o)
 .rodata.str1.1
                0x00001af9       0x22 c:/program files (x86)/cypress/psoc creator/4.2/psoc creator/import/gnu/arm/5.4.1/bin/../lib/gcc/arm-none-eabi/5.4.1/../../../../arm-none-eabi/lib/armv7-m\libg_nano.a(lib_a-nano-vfprintf_i.o)
                0x00001b1c                . = ALIGN (0x4)
 *fill*         0x00001b1b        0x1 
 *(.init)
 .init          0x00001b1c        0x4 c:/program files (x86)/cypress/psoc creator/4.2/psoc creator/import/gnu/arm/5.4.1/bin/../lib/gcc/arm-none-eabi/5.4.1/armv7-m/crti.o
                0x00001b1c                _init
 .init          0x00001b20        0x8 c:/program files (x86)/cypress/psoc creator/4.2/psoc creator/import/gnu/arm/5.4.1/bin/../lib/gcc/arm-none-eabi/5.4.1/armv7-m/crtn.o
                0x00001b28                . = ALIGN (0x4)
                0x00001b28                __preinit_array_start = .
 *(.preinit_array)
                0x00001b28                __preinit_array_end = .
                0x00001b28                . = ALIGN (0x4)
                0x00001b28                __init_array_start = .
 *(SORT(.init_array.*))
 *(.init_array)
 .init_array    0x00001b28        0x4 c:/program files (x86)/cypress/psoc creator/4.2/psoc creator/import/gnu/arm/5.4.1/bin/../lib/gcc/arm-none-eabi/5.4.1/armv7-m/crtbegin.o
 .init_array    0x00001b2c        0x4 .\CortexM3\ARM_GCC_541\Debug\Cm3Start.o
                0x00001b30                __init_array_end = .
                0x00001b30                . = ALIGN (0x4)
 *(.fini)
 .fini          0x00001b30        0x4 c:/program files (x86)/cypress/psoc creator/4.2/psoc creator/import/gnu/arm/5.4.1/bin/../lib/gcc/arm-none-eabi/5.4.1/armv7-m/crti.o
                0x00001b30                _fini
 .fini          0x00001b34        0x8 c:/program files (x86)/cypress/psoc creator/4.2/psoc creator/import/gnu/arm/5.4.1/bin/../lib/gcc/arm-none-eabi/5.4.1/armv7-m/crtn.o
                0x00001b3c                . = ALIGN (0x4)
                0x00001b3c                __fini_array_start = .
 *(.fini_array)
 .fini_array    0x00001b3c        0x4 c:/program files (x86)/cypress/psoc creator/4.2/psoc creator/import/gnu/arm/5.4.1/bin/../lib/gcc/arm-none-eabi/5.4.1/armv7-m/crtbegin.o
 *(SORT(.fini_array.*))
                0x00001b40                __fini_array_end = .
                0x00001b40                . = ALIGN (0x4)
 *crtbegin.o(.ctors)
 *(EXCLUDE_FILE(*crtend.o) .ctors)
 *(SORT(.ctors.*))
 *crtend.o(.ctors)
                0x00001b40                . = ALIGN (0x4)
 *crtbegin.o(.dtors)
 *(EXCLUDE_FILE(*crtend.o) .dtors)
 *(SORT(.dtors.*))
 *crtend.o(.dtors)
                0x00001b40                . = ALIGN (0x4)
                0x00001b40                __cy_regions = .
                0x00001b40        0x4 LONG 0x1b50 __cy_region_init_ram
                0x00001b44        0x4 LONG 0x1fff80c8 __cy_region_start_data
                0x00001b48        0x4 LONG 0x80 __cy_region_init_size_ram
                0x00001b4c        0x4 LONG 0x70 __cy_region_zero_size_ram
                0x00001b50                __cy_regions_end = .
                0x00001b50                . = ALIGN (0x8)
                0x00001b50                _etext = .

.cy_checksum_exclude
                0x00001b50        0x0
 *(.cy_checksum_exclude)

.ramvectors     0x1fff8000       0xc0
                0x1fff8000                __cy_region_start_ram = .
 *(.ramvectors)
 .ramvectors    0x1fff8000       0xc0 .\CortexM3\ARM_GCC_541\Debug\Cm3Start.o
                0x1fff8000                CyRamVectors

.noinit         0x1fff80c0        0x1
 *(.noinit)
 .noinit        0x1fff80c0        0x1 .\CortexM3\ARM_GCC_541\Debug\Prototipo.a(CyLib.o)
                0x1fff80c0                CyResetStatus

.data           0x1fff80c8       0x80 load address 0x00001b50
                0x1fff80c8                __cy_region_start_data = .
 *(.jcr)
 .jcr           0x1fff80c8        0x0 c:/program files (x86)/cypress/psoc creator/4.2/psoc creator/import/gnu/arm/5.4.1/bin/../lib/gcc/arm-none-eabi/5.4.1/armv7-m/crtbegin.o
 .jcr           0x1fff80c8        0x4 c:/program files (x86)/cypress/psoc creator/4.2/psoc creator/import/gnu/arm/5.4.1/bin/../lib/gcc/arm-none-eabi/5.4.1/armv7-m/crtend.o
 *(.got.plt)
 *(.got)
 *(.shdata)
 *(.data .data.* .gnu.linkonce.d.*)
 .data          0x1fff80cc        0x4 .\CortexM3\ARM_GCC_541\Debug\Cm3Start.o
 .data          0x1fff80d0       0x10 .\CortexM3\ARM_GCC_541\Debug\Prototipo.a(CyLib.o)
                0x1fff80d0                cydelay_32k_ms
                0x1fff80d4                cydelay_freq_khz
                0x1fff80d8                cydelay_freq_mhz
                0x1fff80dc                cydelay_freq_hz
 .data.impure_data
                0x1fff80e0       0x60 c:/program files (x86)/cypress/psoc creator/4.2/psoc creator/import/gnu/arm/5.4.1/bin/../lib/gcc/arm-none-eabi/5.4.1/../../../../arm-none-eabi/lib/armv7-m\libg_nano.a(lib_a-impure.o)
 .data._impure_ptr
                0x1fff8140        0x4 c:/program files (x86)/cypress/psoc creator/4.2/psoc creator/import/gnu/arm/5.4.1/bin/../lib/gcc/arm-none-eabi/5.4.1/../../../../arm-none-eabi/lib/armv7-m\libg_nano.a(lib_a-impure.o)
                0x1fff8140                _impure_ptr
                0x1fff8148                . = ALIGN (0x8)
 *fill*         0x1fff8144        0x4 
 *(.ram)
                0x1fff8148                _edata = .

.igot.plt       0x1fff8148        0x0 load address 0x00001bd0
 .igot.plt      0x1fff8148        0x0 c:/program files (x86)/cypress/psoc creator/4.2/psoc creator/import/gnu/arm/5.4.1/bin/../lib/gcc/arm-none-eabi/5.4.1/armv7-m/crtbegin.o

.bss            0x1fff8148       0x70 load address 0x00001bd0
                0x1fff8148                PROVIDE (__bss_start__, .)
 *(.shbss)
 *(.bss .bss.* .gnu.linkonce.b.*)
 .bss           0x1fff8148       0x1c c:/program files (x86)/cypress/psoc creator/4.2/psoc creator/import/gnu/arm/5.4.1/bin/../lib/gcc/arm-none-eabi/5.4.1/armv7-m/crtbegin.o
 .bss           0x1fff8164       0x15 .\CortexM3\ARM_GCC_541\Debug\main.o
                0x1fff8164                datai2c
                0x1fff8166                distance_cm
                0x1fff8167                banderag
                0x1fff8168                banderaS
                0x1fff816c                buffer
                0x1fff8178                bandera1
 .bss           0x1fff8179        0x1 .\CortexM3\ARM_GCC_541\Debug\Prototipo.a(ADC.o)
                0x1fff8179                ADC_initVar
 .bss           0x1fff817a        0x1 .\CortexM3\ARM_GCC_541\Debug\Prototipo.a(PWM.o)
                0x1fff817a                PWM_initVar
 .bss           0x1fff817b        0x2 .\CortexM3\ARM_GCC_541\Debug\Prototipo.a(UART.o)
                0x1fff817b                UART_initVar
 .bss           0x1fff817d        0x1 .\CortexM3\ARM_GCC_541\Debug\Prototipo.a(PWM2.o)
                0x1fff817d                PWM2_initVar
 .bss           0x1fff817e        0x1 .\CortexM3\ARM_GCC_541\Debug\Prototipo.a(I2C.o)
                0x1fff817e                I2C_initVar
 *fill*         0x1fff817f        0x1 
 .bss.__malloc_sbrk_start
                0x1fff8180        0x4 c:/program files (x86)/cypress/psoc creator/4.2/psoc creator/import/gnu/arm/5.4.1/bin/../lib/gcc/arm-none-eabi/5.4.1/../../../../arm-none-eabi/lib/armv7-m\libg_nano.a(lib_a-nano-mallocr.o)
                0x1fff8180                __malloc_sbrk_start
 .bss.__malloc_free_list
                0x1fff8184        0x4 c:/program files (x86)/cypress/psoc creator/4.2/psoc creator/import/gnu/arm/5.4.1/bin/../lib/gcc/arm-none-eabi/5.4.1/../../../../arm-none-eabi/lib/armv7-m\libg_nano.a(lib_a-nano-mallocr.o)
                0x1fff8184                __malloc_free_list
 *(COMMON)
 COMMON         0x1fff8188        0xa .\CortexM3\ARM_GCC_541\Debug\main.o
                0x1fff8188                direccion
                0x1fff818a                valor
                0x1fff818c                temp
                0x1fff818e                dato
                0x1fff8190                count
 *fill*         0x1fff8192        0x2 
 COMMON         0x1fff8194        0xa .\CortexM3\ARM_GCC_541\Debug\Prototipo.a(ADC.o)
                0x1fff8194                ADC_countsPer10Volt
                0x1fff8198                ADC_shift
                0x1fff819a                ADC_countsPerVolt
                0x1fff819c                ADC_offset
 COMMON         0x1fff819e        0x1 .\CortexM3\ARM_GCC_541\Debug\Prototipo.a(I2C.o)
                0x1fff819e                I2C_state
 *fill*         0x1fff819f        0x1 
 COMMON         0x1fff81a0       0x10 .\CortexM3\ARM_GCC_541\Debug\Prototipo.a(I2C_MASTER.o)
                0x1fff81a0                I2C_mstrWrBufIndex
                0x1fff81a1                I2C_mstrWrBufSize
                0x1fff81a2                I2C_mstrStatus
                0x1fff81a4                I2C_mstrRdBufPtr
                0x1fff81a8                I2C_mstrControl
                0x1fff81a9                I2C_mstrRdBufSize
                0x1fff81aa                I2C_mstrRdBufIndex
                0x1fff81ac                I2C_mstrWrBufPtr
 COMMON         0x1fff81b0        0x4 c:/program files (x86)/cypress/psoc creator/4.2/psoc creator/import/gnu/arm/5.4.1/bin/../lib/gcc/arm-none-eabi/5.4.1/../../../../arm-none-eabi/lib/armv7-m\libg_nano.a(lib_a-reent.o)
                0x1fff81b0                errno
                0x1fff81b8                . = ALIGN (0x8)
 *fill*         0x1fff81b4        0x4 
 *(.ram.b)
                0x1fff81b8                _end = .
                0x1fff81b8                __end = .
                0x1fff81b8                PROVIDE (end, .)
                0x1fff81b8                PROVIDE (__bss_end__, .)
                0x00001b50                __cy_region_init_ram = LOADADDR (.data)
                0x00000080                __cy_region_init_size_ram = (_edata - ADDR (.data))
                0x00000070                __cy_region_zero_size_ram = (_end - _edata)

.heap           0x1fff81b8       0x80 load address 0x00001bd0
                0x1fff81b8                . = _end
                0x1fff8238                . = (. + 0x80)
 *fill*         0x1fff81b8       0x80 
                0x1fff8238                __cy_heap_limit = .

.stack          0x20007800      0x800
                0x20007800                __cy_stack_limit = .
                0x20008000                . = (. + 0x800)
 *fill*         0x20007800      0x800 
                0x00000001                ASSERT ((__cy_stack_limit >= __cy_heap_limit), region RAM overflowed with stack)
                0x00000000                cy_checksum_exclude_size = (CY_APPL_LOADABLE == 0x1)?SIZEOF (.cy_checksum_exclude):0x0
                0x00000001                ASSERT ((cy_checksum_exclude_size <= CY_CHECKSUM_EXCLUDE_SIZE), CY_BOOT: Section .cy_checksum_exclude size exceedes specified limit.)

.cyloadermeta
 *(.cyloadermeta)

.cyloadablemeta
 *(.cyloadablemeta)

.cyconfigecc    0x80000000      0x5bc
 *(.cyconfigecc)
 .cyconfigecc   0x80000000      0x5bc .\CortexM3\ARM_GCC_541\Debug\cymetadata.o
                0x80000000                cy_meta_configecc

.cycustnvl      0x90000000        0x4
 *(.cycustnvl)
 .cycustnvl     0x90000000        0x4 .\CortexM3\ARM_GCC_541\Debug\cymetadata.o
                0x90000000                cy_meta_custnvl

.cywolatch      0x90100000        0x4
 *(.cywolatch)
 .cywolatch     0x90100000        0x4 .\CortexM3\ARM_GCC_541\Debug\cymetadata.o
                0x90100000                cy_meta_wonvl

.cyeeprom       0x90200000        0x0
 *(.cyeeprom)
                0x00000001                ASSERT ((. <= ((0x90200000 + ee_offset) + ee_size)), .cyeeprom data will not fit in EEPROM)

.cyflashprotect
                0x90400000      0x100
 *(.cyflashprotect)
 .cyflashprotect
                0x90400000      0x100 .\CortexM3\ARM_GCC_541\Debug\cymetadata.o
                0x90400000                cy_meta_flashprotect

.cymeta         0x90500000        0xc
 *(.cymeta)
 .cymeta        0x90500000        0xc .\CortexM3\ARM_GCC_541\Debug\cymetadata.o
                0x90500000                cy_metadata

.rel.dyn        0x00001bd0        0x0 load address 0x9050000c
 .rel.iplt      0x00001bd0        0x0 c:/program files (x86)/cypress/psoc creator/4.2/psoc creator/import/gnu/arm/5.4.1/bin/../lib/gcc/arm-none-eabi/5.4.1/armv7-m/crtbegin.o

.stab
 *(.stab)

.stabstr
 *(.stabstr)

.debug
 *(.debug)

.line
 *(.line)

.debug_srcinfo
 *(.debug_srcinfo)

.debug_sfnames
 *(.debug_sfnames)

.debug_aranges  0x00000000      0xb18
 *(.debug_aranges)
 .debug_aranges
                0x00000000       0x50 .\CortexM3\ARM_GCC_541\Debug\main.o
 .debug_aranges
                0x00000050       0x58 .\CortexM3\ARM_GCC_541\Debug\cyfitter_cfg.o
 .debug_aranges
                0x000000a8       0x18 .\CortexM3\ARM_GCC_541\Debug\cymetadata.o
 .debug_aranges
                0x000000c0       0x48 .\CortexM3\ARM_GCC_541\Debug\Cm3Start.o
 .debug_aranges
                0x00000108       0xa8 .\CortexM3\ARM_GCC_541\Debug\Prototipo.a(ADC.o)
 .debug_aranges
                0x000001b0       0x20 .\CortexM3\ARM_GCC_541\Debug\Prototipo.a(ADC_INT.o)
 .debug_aranges
                0x000001d0       0xa8 .\CortexM3\ARM_GCC_541\Debug\Prototipo.a(PWM.o)
 .debug_aranges
                0x00000278       0xf0 .\CortexM3\ARM_GCC_541\Debug\Prototipo.a(UART.o)
 .debug_aranges
                0x00000368       0x80 .\CortexM3\ARM_GCC_541\Debug\Prototipo.a(IRQRX.o)
 .debug_aranges
                0x000003e8       0x80 .\CortexM3\ARM_GCC_541\Debug\Prototipo.a(ADC_theACLK.o)
 .debug_aranges
                0x00000468       0x70 .\CortexM3\ARM_GCC_541\Debug\Prototipo.a(UART_IntClock.o)
 .debug_aranges
                0x000004d8      0x2a0 .\CortexM3\ARM_GCC_541\Debug\Prototipo.a(CyLib.o)
 .debug_aranges
                0x00000778       0x98 .\CortexM3\ARM_GCC_541\Debug\Prototipo.a(cyPm.o)
 .debug_aranges
                0x00000810       0x38 .\CortexM3\ARM_GCC_541\Debug\Prototipo.a(LED.o)
 .debug_aranges
                0x00000848       0x98 .\CortexM3\ARM_GCC_541\Debug\Prototipo.a(PWM2.o)
 .debug_aranges
                0x000008e0       0x38 .\CortexM3\ARM_GCC_541\Debug\Prototipo.a(I2C.o)
 .debug_aranges
                0x00000918       0x20 .\CortexM3\ARM_GCC_541\Debug\Prototipo.a(I2C_INT.o)
 .debug_aranges
                0x00000938       0x38 .\CortexM3\ARM_GCC_541\Debug\Prototipo.a(I2C_PM.o)
 .debug_aranges
                0x00000970       0x80 .\CortexM3\ARM_GCC_541\Debug\Prototipo.a(I2C_MASTER.o)
 .debug_aranges
                0x000009f0       0x20 .\CortexM3\ARM_GCC_541\Debug\Prototipo.a(CyBootAsmGnu.o)
 .debug_aranges
                0x00000a10       0x88 .\CortexM3\ARM_GCC_541\Debug\Prototipo.a(CyFlash.o)
 .debug_aranges
                0x00000a98       0x80 .\CortexM3\ARM_GCC_541\Debug\Prototipo.a(CySpc.o)

.debug_pubnames
 *(.debug_pubnames)

.debug_info     0x00000000     0x610f
 *(.debug_info .gnu.linkonce.wi.*)
 .debug_info    0x00000000      0x657 .\CortexM3\ARM_GCC_541\Debug\main.o
 .debug_info    0x00000657      0x54d .\CortexM3\ARM_GCC_541\Debug\cyfitter_cfg.o
 .debug_info    0x00000ba4      0x137 .\CortexM3\ARM_GCC_541\Debug\cymetadata.o
 .debug_info    0x00000cdb      0x3bb .\CortexM3\ARM_GCC_541\Debug\Cm3Start.o
 .debug_info    0x00001096      0x5c0 .\CortexM3\ARM_GCC_541\Debug\Prototipo.a(ADC.o)
 .debug_info    0x00001656       0x92 .\CortexM3\ARM_GCC_541\Debug\Prototipo.a(ADC_INT.o)
 .debug_info    0x000016e8      0x381 .\CortexM3\ARM_GCC_541\Debug\Prototipo.a(PWM.o)
 .debug_info    0x00001a69      0x60c .\CortexM3\ARM_GCC_541\Debug\Prototipo.a(UART.o)
 .debug_info    0x00002075      0x2d2 .\CortexM3\ARM_GCC_541\Debug\Prototipo.a(IRQRX.o)
 .debug_info    0x00002347      0x2c4 .\CortexM3\ARM_GCC_541\Debug\Prototipo.a(ADC_theACLK.o)
 .debug_info    0x0000260b      0x283 .\CortexM3\ARM_GCC_541\Debug\Prototipo.a(UART_IntClock.o)
 .debug_info    0x0000288e     0x1374 .\CortexM3\ARM_GCC_541\Debug\Prototipo.a(CyLib.o)
 .debug_info    0x00003c02      0xa2a .\CortexM3\ARM_GCC_541\Debug\Prototipo.a(cyPm.o)
 .debug_info    0x0000462c      0x11f .\CortexM3\ARM_GCC_541\Debug\Prototipo.a(LED.o)
 .debug_info    0x0000474b      0x354 .\CortexM3\ARM_GCC_541\Debug\Prototipo.a(PWM2.o)
 .debug_info    0x00004a9f      0x2ad .\CortexM3\ARM_GCC_541\Debug\Prototipo.a(I2C.o)
 .debug_info    0x00004d4c      0x184 .\CortexM3\ARM_GCC_541\Debug\Prototipo.a(I2C_INT.o)
 .debug_info    0x00004ed0      0x207 .\CortexM3\ARM_GCC_541\Debug\Prototipo.a(I2C_PM.o)
 .debug_info    0x000050d7      0x407 .\CortexM3\ARM_GCC_541\Debug\Prototipo.a(I2C_MASTER.o)
 .debug_info    0x000054de       0x94 .\CortexM3\ARM_GCC_541\Debug\Prototipo.a(CyBootAsmGnu.o)
 .debug_info    0x00005572      0x64d .\CortexM3\ARM_GCC_541\Debug\Prototipo.a(CyFlash.o)
 .debug_info    0x00005bbf      0x550 .\CortexM3\ARM_GCC_541\Debug\Prototipo.a(CySpc.o)

.debug_abbrev   0x00000000     0x1af3
 *(.debug_abbrev)
 .debug_abbrev  0x00000000      0x128 .\CortexM3\ARM_GCC_541\Debug\main.o
 .debug_abbrev  0x00000128      0x1fe .\CortexM3\ARM_GCC_541\Debug\cyfitter_cfg.o
 .debug_abbrev  0x00000326       0x77 .\CortexM3\ARM_GCC_541\Debug\cymetadata.o
 .debug_abbrev  0x0000039d      0x1e8 .\CortexM3\ARM_GCC_541\Debug\Cm3Start.o
 .debug_abbrev  0x00000585      0x1ac .\CortexM3\ARM_GCC_541\Debug\Prototipo.a(ADC.o)
 .debug_abbrev  0x00000731       0x42 .\CortexM3\ARM_GCC_541\Debug\Prototipo.a(ADC_INT.o)
 .debug_abbrev  0x00000773      0x133 .\CortexM3\ARM_GCC_541\Debug\Prototipo.a(PWM.o)
 .debug_abbrev  0x000008a6      0x175 .\CortexM3\ARM_GCC_541\Debug\Prototipo.a(UART.o)
 .debug_abbrev  0x00000a1b      0x173 .\CortexM3\ARM_GCC_541\Debug\Prototipo.a(IRQRX.o)
 .debug_abbrev  0x00000b8e      0x121 .\CortexM3\ARM_GCC_541\Debug\Prototipo.a(ADC_theACLK.o)
 .debug_abbrev  0x00000caf      0x139 .\CortexM3\ARM_GCC_541\Debug\Prototipo.a(UART_IntClock.o)
 .debug_abbrev  0x00000de8      0x254 .\CortexM3\ARM_GCC_541\Debug\Prototipo.a(CyLib.o)
 .debug_abbrev  0x0000103c      0x1ab .\CortexM3\ARM_GCC_541\Debug\Prototipo.a(cyPm.o)
 .debug_abbrev  0x000011e7       0x90 .\CortexM3\ARM_GCC_541\Debug\Prototipo.a(LED.o)
 .debug_abbrev  0x00001277      0x133 .\CortexM3\ARM_GCC_541\Debug\Prototipo.a(PWM2.o)
 .debug_abbrev  0x000013aa      0x10a .\CortexM3\ARM_GCC_541\Debug\Prototipo.a(I2C.o)
 .debug_abbrev  0x000014b4       0xb6 .\CortexM3\ARM_GCC_541\Debug\Prototipo.a(I2C_INT.o)
 .debug_abbrev  0x0000156a       0xfe .\CortexM3\ARM_GCC_541\Debug\Prototipo.a(I2C_PM.o)
 .debug_abbrev  0x00001668      0x13c .\CortexM3\ARM_GCC_541\Debug\Prototipo.a(I2C_MASTER.o)
 .debug_abbrev  0x000017a4       0x14 .\CortexM3\ARM_GCC_541\Debug\Prototipo.a(CyBootAsmGnu.o)
 .debug_abbrev  0x000017b8      0x1a7 .\CortexM3\ARM_GCC_541\Debug\Prototipo.a(CyFlash.o)
 .debug_abbrev  0x0000195f      0x194 .\CortexM3\ARM_GCC_541\Debug\Prototipo.a(CySpc.o)

.debug_line     0x00000000     0x2a84
 *(.debug_line)
 .debug_line    0x00000000      0x2f5 .\CortexM3\ARM_GCC_541\Debug\main.o
 .debug_line    0x000002f5      0x1ed .\CortexM3\ARM_GCC_541\Debug\cyfitter_cfg.o
 .debug_line    0x000004e2      0x141 .\CortexM3\ARM_GCC_541\Debug\cymetadata.o
 .debug_line    0x00000623      0x234 .\CortexM3\ARM_GCC_541\Debug\Cm3Start.o
 .debug_line    0x00000857      0x216 .\CortexM3\ARM_GCC_541\Debug\Prototipo.a(ADC.o)
 .debug_line    0x00000a6d       0x50 .\CortexM3\ARM_GCC_541\Debug\Prototipo.a(ADC_INT.o)
 .debug_line    0x00000abd      0x1a7 .\CortexM3\ARM_GCC_541\Debug\Prototipo.a(PWM.o)
 .debug_line    0x00000c64      0x2bc .\CortexM3\ARM_GCC_541\Debug\Prototipo.a(UART.o)
 .debug_line    0x00000f20      0x132 .\CortexM3\ARM_GCC_541\Debug\Prototipo.a(IRQRX.o)
 .debug_line    0x00001052      0x19d .\CortexM3\ARM_GCC_541\Debug\Prototipo.a(ADC_theACLK.o)
 .debug_line    0x000011ef      0x17c .\CortexM3\ARM_GCC_541\Debug\Prototipo.a(UART_IntClock.o)
 .debug_line    0x0000136b      0x816 .\CortexM3\ARM_GCC_541\Debug\Prototipo.a(CyLib.o)
 .debug_line    0x00001b81      0x367 .\CortexM3\ARM_GCC_541\Debug\Prototipo.a(cyPm.o)
 .debug_line    0x00001ee8       0x90 .\CortexM3\ARM_GCC_541\Debug\Prototipo.a(LED.o)
 .debug_line    0x00001f78      0x187 .\CortexM3\ARM_GCC_541\Debug\Prototipo.a(PWM2.o)
 .debug_line    0x000020ff       0xd9 .\CortexM3\ARM_GCC_541\Debug\Prototipo.a(I2C.o)
 .debug_line    0x000021d8      0x114 .\CortexM3\ARM_GCC_541\Debug\Prototipo.a(I2C_INT.o)
 .debug_line    0x000022ec       0xbb .\CortexM3\ARM_GCC_541\Debug\Prototipo.a(I2C_PM.o)
 .debug_line    0x000023a7      0x1fd .\CortexM3\ARM_GCC_541\Debug\Prototipo.a(I2C_MASTER.o)
 .debug_line    0x000025a4       0x66 .\CortexM3\ARM_GCC_541\Debug\Prototipo.a(CyBootAsmGnu.o)
 .debug_line    0x0000260a      0x21a .\CortexM3\ARM_GCC_541\Debug\Prototipo.a(CyFlash.o)
 .debug_line    0x00002824      0x260 .\CortexM3\ARM_GCC_541\Debug\Prototipo.a(CySpc.o)

.debug_frame    0x00000000     0x1f7c
 *(.debug_frame)
 .debug_frame   0x00000000       0xd4 .\CortexM3\ARM_GCC_541\Debug\main.o
 .debug_frame   0x000000d4       0xfc .\CortexM3\ARM_GCC_541\Debug\cyfitter_cfg.o
 .debug_frame   0x000001d0       0xb8 .\CortexM3\ARM_GCC_541\Debug\Cm3Start.o
 .debug_frame   0x00000288      0x1b4 .\CortexM3\ARM_GCC_541\Debug\Prototipo.a(ADC.o)
 .debug_frame   0x0000043c       0x20 .\CortexM3\ARM_GCC_541\Debug\Prototipo.a(ADC_INT.o)
 .debug_frame   0x0000045c      0x154 .\CortexM3\ARM_GCC_541\Debug\Prototipo.a(PWM.o)
 .debug_frame   0x000005b0      0x250 .\CortexM3\ARM_GCC_541\Debug\Prototipo.a(UART.o)
 .debug_frame   0x00000800      0x104 .\CortexM3\ARM_GCC_541\Debug\Prototipo.a(IRQRX.o)
 .debug_frame   0x00000904      0x100 .\CortexM3\ARM_GCC_541\Debug\Prototipo.a(ADC_theACLK.o)
 .debug_frame   0x00000a04       0xe0 .\CortexM3\ARM_GCC_541\Debug\Prototipo.a(UART_IntClock.o)
 .debug_frame   0x00000ae4      0x738 .\CortexM3\ARM_GCC_541\Debug\Prototipo.a(CyLib.o)
 .debug_frame   0x0000121c      0x1f8 .\CortexM3\ARM_GCC_541\Debug\Prototipo.a(cyPm.o)
 .debug_frame   0x00001414       0x50 .\CortexM3\ARM_GCC_541\Debug\Prototipo.a(LED.o)
 .debug_frame   0x00001464      0x134 .\CortexM3\ARM_GCC_541\Debug\Prototipo.a(PWM2.o)
 .debug_frame   0x00001598       0x94 .\CortexM3\ARM_GCC_541\Debug\Prototipo.a(I2C.o)
 .debug_frame   0x0000162c       0x30 .\CortexM3\ARM_GCC_541\Debug\Prototipo.a(I2C_INT.o)
 .debug_frame   0x0000165c       0x74 .\CortexM3\ARM_GCC_541\Debug\Prototipo.a(I2C_PM.o)
 .debug_frame   0x000016d0      0x138 .\CortexM3\ARM_GCC_541\Debug\Prototipo.a(I2C_MASTER.o)
 .debug_frame   0x00001808      0x194 .\CortexM3\ARM_GCC_541\Debug\Prototipo.a(CyFlash.o)
 .debug_frame   0x0000199c      0x180 .\CortexM3\ARM_GCC_541\Debug\Prototipo.a(CySpc.o)
 .debug_frame   0x00001b1c       0x44 c:/program files (x86)/cypress/psoc creator/4.2/psoc creator/import/gnu/arm/5.4.1/bin/../lib/gcc/arm-none-eabi/5.4.1/armv7-m\libgcc.a(_aeabi_ldivmod.o)
 .debug_frame   0x00001b60       0x38 c:/program files (x86)/cypress/psoc creator/4.2/psoc creator/import/gnu/arm/5.4.1/bin/../lib/gcc/arm-none-eabi/5.4.1/armv7-m\libgcc.a(_udivmoddi4.o)
 .debug_frame   0x00001b98       0x20 c:/program files (x86)/cypress/psoc creator/4.2/psoc creator/import/gnu/arm/5.4.1/bin/../lib/gcc/arm-none-eabi/5.4.1/../../../../arm-none-eabi/lib/armv7-m\libg_nano.a(lib_a-errno.o)
 .debug_frame   0x00001bb8       0x28 c:/program files (x86)/cypress/psoc creator/4.2/psoc creator/import/gnu/arm/5.4.1/bin/../lib/gcc/arm-none-eabi/5.4.1/../../../../arm-none-eabi/lib/armv7-m\libg_nano.a(lib_a-exit.o)
 .debug_frame   0x00001be0       0x2c c:/program files (x86)/cypress/psoc creator/4.2/psoc creator/import/gnu/arm/5.4.1/bin/../lib/gcc/arm-none-eabi/5.4.1/../../../../arm-none-eabi/lib/armv7-m\libg_nano.a(lib_a-init.o)
 .debug_frame   0x00001c0c       0x28 c:/program files (x86)/cypress/psoc creator/4.2/psoc creator/import/gnu/arm/5.4.1/bin/../lib/gcc/arm-none-eabi/5.4.1/../../../../arm-none-eabi/lib/armv7-m\libg_nano.a(lib_a-memcpy-stub.o)
 .debug_frame   0x00001c34       0x20 c:/program files (x86)/cypress/psoc creator/4.2/psoc creator/import/gnu/arm/5.4.1/bin/../lib/gcc/arm-none-eabi/5.4.1/../../../../arm-none-eabi/lib/armv7-m\libg_nano.a(lib_a-memset.o)
 .debug_frame   0x00001c54       0x70 c:/program files (x86)/cypress/psoc creator/4.2/psoc creator/import/gnu/arm/5.4.1/bin/../lib/gcc/arm-none-eabi/5.4.1/../../../../arm-none-eabi/lib/armv7-m\libg_nano.a(lib_a-sprintf.o)
 .debug_frame   0x00001cc4       0x90 c:/program files (x86)/cypress/psoc creator/4.2/psoc creator/import/gnu/arm/5.4.1/bin/../lib/gcc/arm-none-eabi/5.4.1/../../../../arm-none-eabi/lib/armv7-m\libg_nano.a(lib_a-nano-svfprintf.o)
 .debug_frame   0x00001d54       0x60 c:/program files (x86)/cypress/psoc creator/4.2/psoc creator/import/gnu/arm/5.4.1/bin/../lib/gcc/arm-none-eabi/5.4.1/../../../../arm-none-eabi/lib/armv7-m\libg_nano.a(lib_a-nano-vfprintf_i.o)
 .debug_frame   0x00001db4       0x28 c:/program files (x86)/cypress/psoc creator/4.2/psoc creator/import/gnu/arm/5.4.1/bin/../lib/gcc/arm-none-eabi/5.4.1/../../../../arm-none-eabi/lib/armv7-m\libg_nano.a(lib_a-memchr-stub.o)
 .debug_frame   0x00001ddc       0x28 c:/program files (x86)/cypress/psoc creator/4.2/psoc creator/import/gnu/arm/5.4.1/bin/../lib/gcc/arm-none-eabi/5.4.1/../../../../arm-none-eabi/lib/armv7-m\libg_nano.a(lib_a-memmove.o)
 .debug_frame   0x00001e04       0x38 c:/program files (x86)/cypress/psoc creator/4.2/psoc creator/import/gnu/arm/5.4.1/bin/../lib/gcc/arm-none-eabi/5.4.1/../../../../arm-none-eabi/lib/armv7-m\libg_nano.a(lib_a-nano-freer.o)
 .debug_frame   0x00001e3c       0x2c c:/program files (x86)/cypress/psoc creator/4.2/psoc creator/import/gnu/arm/5.4.1/bin/../lib/gcc/arm-none-eabi/5.4.1/../../../../arm-none-eabi/lib/armv7-m\libg_nano.a(lib_a-nano-mallocr.o)
 .debug_frame   0x00001e68       0x3c c:/program files (x86)/cypress/psoc creator/4.2/psoc creator/import/gnu/arm/5.4.1/bin/../lib/gcc/arm-none-eabi/5.4.1/../../../../arm-none-eabi/lib/armv7-m\libg_nano.a(lib_a-nano-reallocr.o)
 .debug_frame   0x00001ea4       0x2c c:/program files (x86)/cypress/psoc creator/4.2/psoc creator/import/gnu/arm/5.4.1/bin/../lib/gcc/arm-none-eabi/5.4.1/../../../../arm-none-eabi/lib/armv7-m\libg_nano.a(lib_a-sbrkr.o)
 .debug_frame   0x00001ed0       0x30 c:/program files (x86)/cypress/psoc creator/4.2/psoc creator/import/gnu/arm/5.4.1/bin/../lib/gcc/arm-none-eabi/5.4.1/../../../../arm-none-eabi/lib/armv7-m\libg_nano.a(lib_a-mlock.o)
 .debug_frame   0x00001f00       0x20 c:/program files (x86)/cypress/psoc creator/4.2/psoc creator/import/gnu/arm/5.4.1/bin/../lib/gcc/arm-none-eabi/5.4.1/../../../../arm-none-eabi/lib/armv7-m\libg_nano.a(lib_a-nano-msizer.o)
 .debug_frame   0x00001f20       0x5c c:/program files (x86)/cypress/psoc creator/4.2/psoc creator/import/gnu/arm/5.4.1/bin/../lib/gcc/arm-none-eabi/5.4.1/../../../../arm-none-eabi/lib/armv7-m\libg_nano.a(lib_a-reent.o)

.debug_str      0x00000000     0x222c
 *(.debug_str)
 .debug_str     0x00000000      0x353 .\CortexM3\ARM_GCC_541\Debug\main.o
                                0x3a1 (size before relaxing)
 .debug_str     0x00000353      0x17d .\CortexM3\ARM_GCC_541\Debug\cyfitter_cfg.o
                                0x31d (size before relaxing)
 .debug_str     0x000004d0       0x7f .\CortexM3\ARM_GCC_541\Debug\cymetadata.o
                                0x1e8 (size before relaxing)
 .debug_str     0x0000054f      0x13f .\CortexM3\ARM_GCC_541\Debug\Cm3Start.o
                                0x30e (size before relaxing)
 .debug_str     0x0000068e      0x1fa .\CortexM3\ARM_GCC_541\Debug\Prototipo.a(ADC.o)
                                0x42b (size before relaxing)
 .debug_str     0x00000888       0x29 .\CortexM3\ARM_GCC_541\Debug\Prototipo.a(ADC_INT.o)
                                0x193 (size before relaxing)
 .debug_str     0x000008b1      0x16f .\CortexM3\ARM_GCC_541\Debug\Prototipo.a(PWM.o)
                                0x354 (size before relaxing)
 .debug_str     0x00000a20      0x25f .\CortexM3\ARM_GCC_541\Debug\Prototipo.a(UART.o)
                                0x479 (size before relaxing)
 .debug_str     0x00000c7f       0xf0 .\CortexM3\ARM_GCC_541\Debug\Prototipo.a(IRQRX.o)
                                0x2aa (size before relaxing)
 .debug_str     0x00000d6f      0x1b9 .\CortexM3\ARM_GCC_541\Debug\Prototipo.a(ADC_theACLK.o)
                                0x365 (size before relaxing)
 .debug_str     0x00000f28      0x138 .\CortexM3\ARM_GCC_541\Debug\Prototipo.a(UART_IntClock.o)
                                0x33a (size before relaxing)
 .debug_str     0x00001060      0x7c8 .\CortexM3\ARM_GCC_541\Debug\Prototipo.a(CyLib.o)
                                0xa4b (size before relaxing)
 .debug_str     0x00001828      0x365 .\CortexM3\ARM_GCC_541\Debug\Prototipo.a(cyPm.o)
                                0x737 (size before relaxing)
 .debug_str     0x00001b8d       0x49 .\CortexM3\ARM_GCC_541\Debug\Prototipo.a(LED.o)
                                0x1dc (size before relaxing)
 .debug_str     0x00001bd6      0x135 .\CortexM3\ARM_GCC_541\Debug\Prototipo.a(PWM2.o)
                                0x34f (size before relaxing)
 .debug_str     0x00001d0b       0xd9 .\CortexM3\ARM_GCC_541\Debug\Prototipo.a(I2C.o)
                                0x2e5 (size before relaxing)
 .debug_str     0x00001de4       0x86 .\CortexM3\ARM_GCC_541\Debug\Prototipo.a(I2C_INT.o)
                                0x263 (size before relaxing)
 .debug_str     0x00001e6a       0x56 .\CortexM3\ARM_GCC_541\Debug\Prototipo.a(I2C_PM.o)
                                0x281 (size before relaxing)
 .debug_str     0x00001ec0      0x10c .\CortexM3\ARM_GCC_541\Debug\Prototipo.a(I2C_MASTER.o)
                                0x3a8 (size before relaxing)
 .debug_str     0x00001fcc      0x1b4 .\CortexM3\ARM_GCC_541\Debug\Prototipo.a(CyFlash.o)
                                0x3c4 (size before relaxing)
 .debug_str     0x00002180       0xac .\CortexM3\ARM_GCC_541\Debug\Prototipo.a(CySpc.o)
                                0x33c (size before relaxing)

.debug_loc      0x00000000     0x2829
 *(.debug_loc)
 .debug_loc     0x00000000       0x52 .\CortexM3\ARM_GCC_541\Debug\main.o
 .debug_loc     0x00000052      0x1fd .\CortexM3\ARM_GCC_541\Debug\cyfitter_cfg.o
 .debug_loc     0x0000024f      0x144 .\CortexM3\ARM_GCC_541\Debug\Cm3Start.o
 .debug_loc     0x00000393      0x295 .\CortexM3\ARM_GCC_541\Debug\Prototipo.a(ADC.o)
 .debug_loc     0x00000628       0x26 .\CortexM3\ARM_GCC_541\Debug\Prototipo.a(PWM.o)
 .debug_loc     0x0000064e      0x258 .\CortexM3\ARM_GCC_541\Debug\Prototipo.a(UART.o)
 .debug_loc     0x000008a6       0x56 .\CortexM3\ARM_GCC_541\Debug\Prototipo.a(IRQRX.o)
 .debug_loc     0x000008fc      0x14d .\CortexM3\ARM_GCC_541\Debug\Prototipo.a(ADC_theACLK.o)
 .debug_loc     0x00000a49      0x128 .\CortexM3\ARM_GCC_541\Debug\Prototipo.a(UART_IntClock.o)
 .debug_loc     0x00000b71      0xa11 .\CortexM3\ARM_GCC_541\Debug\Prototipo.a(CyLib.o)
 .debug_loc     0x00001582      0x1e4 .\CortexM3\ARM_GCC_541\Debug\Prototipo.a(cyPm.o)
 .debug_loc     0x00001766       0x42 .\CortexM3\ARM_GCC_541\Debug\Prototipo.a(LED.o)
 .debug_loc     0x000017a8       0x26 .\CortexM3\ARM_GCC_541\Debug\Prototipo.a(PWM2.o)
 .debug_loc     0x000017ce       0x39 .\CortexM3\ARM_GCC_541\Debug\Prototipo.a(I2C.o)
 .debug_loc     0x00001807       0x29 .\CortexM3\ARM_GCC_541\Debug\Prototipo.a(I2C_INT.o)
 .debug_loc     0x00001830       0x13 .\CortexM3\ARM_GCC_541\Debug\Prototipo.a(I2C_PM.o)
 .debug_loc     0x00001843      0x52f .\CortexM3\ARM_GCC_541\Debug\Prototipo.a(I2C_MASTER.o)
 .debug_loc     0x00001d72      0x3b2 .\CortexM3\ARM_GCC_541\Debug\Prototipo.a(CyFlash.o)
 .debug_loc     0x00002124      0x705 .\CortexM3\ARM_GCC_541\Debug\Prototipo.a(CySpc.o)

.debug_macinfo
 *(.debug_macinfo)

.debug_ranges   0x00000000      0x9d0
 *(.debug_ranges)
 .debug_ranges  0x00000000       0x70 .\CortexM3\ARM_GCC_541\Debug\main.o
 .debug_ranges  0x00000070       0x48 .\CortexM3\ARM_GCC_541\Debug\cyfitter_cfg.o
 .debug_ranges  0x000000b8       0x38 .\CortexM3\ARM_GCC_541\Debug\Cm3Start.o
 .debug_ranges  0x000000f0       0x98 .\CortexM3\ARM_GCC_541\Debug\Prototipo.a(ADC.o)
 .debug_ranges  0x00000188       0x10 .\CortexM3\ARM_GCC_541\Debug\Prototipo.a(ADC_INT.o)
 .debug_ranges  0x00000198       0x98 .\CortexM3\ARM_GCC_541\Debug\Prototipo.a(PWM.o)
 .debug_ranges  0x00000230       0xe0 .\CortexM3\ARM_GCC_541\Debug\Prototipo.a(UART.o)
 .debug_ranges  0x00000310       0x70 .\CortexM3\ARM_GCC_541\Debug\Prototipo.a(IRQRX.o)
 .debug_ranges  0x00000380       0x70 .\CortexM3\ARM_GCC_541\Debug\Prototipo.a(ADC_theACLK.o)
 .debug_ranges  0x000003f0       0x60 .\CortexM3\ARM_GCC_541\Debug\Prototipo.a(UART_IntClock.o)
 .debug_ranges  0x00000450      0x290 .\CortexM3\ARM_GCC_541\Debug\Prototipo.a(CyLib.o)
 .debug_ranges  0x000006e0       0x88 .\CortexM3\ARM_GCC_541\Debug\Prototipo.a(cyPm.o)
 .debug_ranges  0x00000768       0x28 .\CortexM3\ARM_GCC_541\Debug\Prototipo.a(LED.o)
 .debug_ranges  0x00000790       0x88 .\CortexM3\ARM_GCC_541\Debug\Prototipo.a(PWM2.o)
 .debug_ranges  0x00000818       0x28 .\CortexM3\ARM_GCC_541\Debug\Prototipo.a(I2C.o)
 .debug_ranges  0x00000840       0x10 .\CortexM3\ARM_GCC_541\Debug\Prototipo.a(I2C_INT.o)
 .debug_ranges  0x00000850       0x28 .\CortexM3\ARM_GCC_541\Debug\Prototipo.a(I2C_PM.o)
 .debug_ranges  0x00000878       0x70 .\CortexM3\ARM_GCC_541\Debug\Prototipo.a(I2C_MASTER.o)
 .debug_ranges  0x000008e8       0x78 .\CortexM3\ARM_GCC_541\Debug\Prototipo.a(CyFlash.o)
 .debug_ranges  0x00000960       0x70 .\CortexM3\ARM_GCC_541\Debug\Prototipo.a(CySpc.o)

.comment        0x00000000       0x6e
 .comment       0x00000000       0x6e .\CortexM3\ARM_GCC_541\Debug\main.o
                                 0x6f (size before relaxing)
 .comment       0x0000006e       0x6f .\CortexM3\ARM_GCC_541\Debug\cyfitter_cfg.o
 .comment       0x0000006e       0x6f .\CortexM3\ARM_GCC_541\Debug\cymetadata.o
 .comment       0x0000006e       0x6f .\CortexM3\ARM_GCC_541\Debug\Cm3Start.o
 .comment       0x0000006e       0x6f .\CortexM3\ARM_GCC_541\Debug\Prototipo.a(ADC.o)
 .comment       0x0000006e       0x6f .\CortexM3\ARM_GCC_541\Debug\Prototipo.a(ADC_INT.o)
 .comment       0x0000006e       0x6f .\CortexM3\ARM_GCC_541\Debug\Prototipo.a(PWM.o)
 .comment       0x0000006e       0x6f .\CortexM3\ARM_GCC_541\Debug\Prototipo.a(UART.o)
 .comment       0x0000006e       0x6f .\CortexM3\ARM_GCC_541\Debug\Prototipo.a(IRQRX.o)
 .comment       0x0000006e       0x6f .\CortexM3\ARM_GCC_541\Debug\Prototipo.a(ADC_theACLK.o)
 .comment       0x0000006e       0x6f .\CortexM3\ARM_GCC_541\Debug\Prototipo.a(UART_IntClock.o)
 .comment       0x0000006e       0x6f .\CortexM3\ARM_GCC_541\Debug\Prototipo.a(CyLib.o)
 .comment       0x0000006e       0x6f .\CortexM3\ARM_GCC_541\Debug\Prototipo.a(cyPm.o)
 .comment       0x0000006e       0x6f .\CortexM3\ARM_GCC_541\Debug\Prototipo.a(LED.o)
 .comment       0x0000006e       0x6f .\CortexM3\ARM_GCC_541\Debug\Prototipo.a(PWM2.o)
 .comment       0x0000006e       0x6f .\CortexM3\ARM_GCC_541\Debug\Prototipo.a(I2C.o)
 .comment       0x0000006e       0x6f .\CortexM3\ARM_GCC_541\Debug\Prototipo.a(I2C_INT.o)
 .comment       0x0000006e       0x6f .\CortexM3\ARM_GCC_541\Debug\Prototipo.a(I2C_PM.o)
 .comment       0x0000006e       0x6f .\CortexM3\ARM_GCC_541\Debug\Prototipo.a(I2C_MASTER.o)
 .comment       0x0000006e       0x6f .\CortexM3\ARM_GCC_541\Debug\Prototipo.a(CyFlash.o)
 .comment       0x0000006e       0x6f .\CortexM3\ARM_GCC_541\Debug\Prototipo.a(CySpc.o)

.debug_weaknames
 *(.debug_weaknames)

.debug_funcnames
 *(.debug_funcnames)

.debug_typenames
 *(.debug_typenames)

.debug_varnames
 *(.debug_varnames)

.note.gnu.arm.ident
 *(.note.gnu.arm.ident)

.ARM.attributes
                0x00000000       0x29
 *(.ARM.attributes)
 .ARM.attributes
                0x00000000       0x1d c:/program files (x86)/cypress/psoc creator/4.2/psoc creator/import/gnu/arm/5.4.1/bin/../lib/gcc/arm-none-eabi/5.4.1/armv7-m/crti.o
 .ARM.attributes
                0x0000001d       0x2d c:/program files (x86)/cypress/psoc creator/4.2/psoc creator/import/gnu/arm/5.4.1/bin/../lib/gcc/arm-none-eabi/5.4.1/armv7-m/crtbegin.o
 .ARM.attributes
                0x0000004a       0x1b c:/program files (x86)/cypress/psoc creator/4.2/psoc creator/import/gnu/arm/5.4.1/bin/../lib/gcc/arm-none-eabi/5.4.1/../../../../arm-none-eabi/lib/armv7-m/crt0.o
 .ARM.attributes
                0x00000065       0x33 .\CortexM3\ARM_GCC_541\Debug\main.o
 .ARM.attributes
                0x00000098       0x33 .\CortexM3\ARM_GCC_541\Debug\cyfitter_cfg.o
 .ARM.attributes
                0x000000cb       0x33 .\CortexM3\ARM_GCC_541\Debug\cymetadata.o
 .ARM.attributes
                0x000000fe       0x33 .\CortexM3\ARM_GCC_541\Debug\Cm3Start.o
 .ARM.attributes
                0x00000131       0x33 .\CortexM3\ARM_GCC_541\Debug\Prototipo.a(ADC.o)
 .ARM.attributes
                0x00000164       0x33 .\CortexM3\ARM_GCC_541\Debug\Prototipo.a(ADC_INT.o)
 .ARM.attributes
                0x00000197       0x33 .\CortexM3\ARM_GCC_541\Debug\Prototipo.a(PWM.o)
 .ARM.attributes
                0x000001ca       0x33 .\CortexM3\ARM_GCC_541\Debug\Prototipo.a(UART.o)
 .ARM.attributes
                0x000001fd       0x33 .\CortexM3\ARM_GCC_541\Debug\Prototipo.a(IRQRX.o)
 .ARM.attributes
                0x00000230       0x33 .\CortexM3\ARM_GCC_541\Debug\Prototipo.a(ADC_theACLK.o)
 .ARM.attributes
                0x00000263       0x33 .\CortexM3\ARM_GCC_541\Debug\Prototipo.a(UART_IntClock.o)
 .ARM.attributes
                0x00000296       0x33 .\CortexM3\ARM_GCC_541\Debug\Prototipo.a(CyLib.o)
 .ARM.attributes
                0x000002c9       0x33 .\CortexM3\ARM_GCC_541\Debug\Prototipo.a(cyPm.o)
 .ARM.attributes
                0x000002fc       0x33 .\CortexM3\ARM_GCC_541\Debug\Prototipo.a(LED.o)
 .ARM.attributes
                0x0000032f       0x33 .\CortexM3\ARM_GCC_541\Debug\Prototipo.a(PWM2.o)
 .ARM.attributes
                0x00000362       0x33 .\CortexM3\ARM_GCC_541\Debug\Prototipo.a(I2C.o)
 .ARM.attributes
                0x00000395       0x33 .\CortexM3\ARM_GCC_541\Debug\Prototipo.a(I2C_INT.o)
 .ARM.attributes
                0x000003c8       0x33 .\CortexM3\ARM_GCC_541\Debug\Prototipo.a(I2C_PM.o)
 .ARM.attributes
                0x000003fb       0x33 .\CortexM3\ARM_GCC_541\Debug\Prototipo.a(I2C_MASTER.o)
 .ARM.attributes
                0x0000042e       0x21 .\CortexM3\ARM_GCC_541\Debug\Prototipo.a(CyBootAsmGnu.o)
 .ARM.attributes
                0x0000044f       0x33 .\CortexM3\ARM_GCC_541\Debug\Prototipo.a(CyFlash.o)
 .ARM.attributes
                0x00000482       0x33 .\CortexM3\ARM_GCC_541\Debug\Prototipo.a(CySpc.o)
 .ARM.attributes
                0x000004b5       0x1d c:/program files (x86)/cypress/psoc creator/4.2/psoc creator/import/gnu/arm/5.4.1/bin/../lib/gcc/arm-none-eabi/5.4.1/armv7-m\libgcc.a(_arm_addsubsf3.o)
 .ARM.attributes
                0x000004d2       0x1d c:/program files (x86)/cypress/psoc creator/4.2/psoc creator/import/gnu/arm/5.4.1/bin/../lib/gcc/arm-none-eabi/5.4.1/armv7-m\libgcc.a(_arm_muldivsf3.o)
 .ARM.attributes
                0x000004ef       0x1d c:/program files (x86)/cypress/psoc creator/4.2/psoc creator/import/gnu/arm/5.4.1/bin/../lib/gcc/arm-none-eabi/5.4.1/armv7-m\libgcc.a(_aeabi_ldivmod.o)
 .ARM.attributes
                0x0000050c       0x2d c:/program files (x86)/cypress/psoc creator/4.2/psoc creator/import/gnu/arm/5.4.1/bin/../lib/gcc/arm-none-eabi/5.4.1/armv7-m\libgcc.a(_udivmoddi4.o)
 .ARM.attributes
                0x00000539       0x1d c:/program files (x86)/cypress/psoc creator/4.2/psoc creator/import/gnu/arm/5.4.1/bin/../lib/gcc/arm-none-eabi/5.4.1/armv7-m\libgcc.a(_dvmd_tls.o)
 .ARM.attributes
                0x00000556       0x2d c:/program files (x86)/cypress/psoc creator/4.2/psoc creator/import/gnu/arm/5.4.1/bin/../lib/gcc/arm-none-eabi/5.4.1/../../../../arm-none-eabi/lib/armv7-m\libg_nano.a(lib_a-errno.o)
 .ARM.attributes
                0x00000583       0x2d c:/program files (x86)/cypress/psoc creator/4.2/psoc creator/import/gnu/arm/5.4.1/bin/../lib/gcc/arm-none-eabi/5.4.1/../../../../arm-none-eabi/lib/armv7-m\libg_nano.a(lib_a-exit.o)
 .ARM.attributes
                0x000005b0       0x2d c:/program files (x86)/cypress/psoc creator/4.2/psoc creator/import/gnu/arm/5.4.1/bin/../lib/gcc/arm-none-eabi/5.4.1/../../../../arm-none-eabi/lib/armv7-m\libg_nano.a(lib_a-impure.o)
 .ARM.attributes
                0x000005dd       0x2d c:/program files (x86)/cypress/psoc creator/4.2/psoc creator/import/gnu/arm/5.4.1/bin/../lib/gcc/arm-none-eabi/5.4.1/../../../../arm-none-eabi/lib/armv7-m\libg_nano.a(lib_a-init.o)
 .ARM.attributes
                0x0000060a       0x2d c:/program files (x86)/cypress/psoc creator/4.2/psoc creator/import/gnu/arm/5.4.1/bin/../lib/gcc/arm-none-eabi/5.4.1/../../../../arm-none-eabi/lib/armv7-m\libg_nano.a(lib_a-memcpy-stub.o)
 .ARM.attributes
                0x00000637       0x2d c:/program files (x86)/cypress/psoc creator/4.2/psoc creator/import/gnu/arm/5.4.1/bin/../lib/gcc/arm-none-eabi/5.4.1/../../../../arm-none-eabi/lib/armv7-m\libg_nano.a(lib_a-memset.o)
 .ARM.attributes
                0x00000664       0x2d c:/program files (x86)/cypress/psoc creator/4.2/psoc creator/import/gnu/arm/5.4.1/bin/../lib/gcc/arm-none-eabi/5.4.1/../../../../arm-none-eabi/lib/armv7-m\libg_nano.a(lib_a-sprintf.o)
 .ARM.attributes
                0x00000691       0x2d c:/program files (x86)/cypress/psoc creator/4.2/psoc creator/import/gnu/arm/5.4.1/bin/../lib/gcc/arm-none-eabi/5.4.1/../../../../arm-none-eabi/lib/armv7-m\libg_nano.a(lib_a-nano-svfprintf.o)
 .ARM.attributes
                0x000006be       0x2d c:/program files (x86)/cypress/psoc creator/4.2/psoc creator/import/gnu/arm/5.4.1/bin/../lib/gcc/arm-none-eabi/5.4.1/../../../../arm-none-eabi/lib/armv7-m\libg_nano.a(lib_a-nano-vfprintf_i.o)
 .ARM.attributes
                0x000006eb       0x2d c:/program files (x86)/cypress/psoc creator/4.2/psoc creator/import/gnu/arm/5.4.1/bin/../lib/gcc/arm-none-eabi/5.4.1/../../../../arm-none-eabi/lib/armv7-m\libg_nano.a(lib_a-memchr-stub.o)
 .ARM.attributes
                0x00000718       0x2d c:/program files (x86)/cypress/psoc creator/4.2/psoc creator/import/gnu/arm/5.4.1/bin/../lib/gcc/arm-none-eabi/5.4.1/../../../../arm-none-eabi/lib/armv7-m\libg_nano.a(lib_a-memmove.o)
 .ARM.attributes
                0x00000745       0x2d c:/program files (x86)/cypress/psoc creator/4.2/psoc creator/import/gnu/arm/5.4.1/bin/../lib/gcc/arm-none-eabi/5.4.1/../../../../arm-none-eabi/lib/armv7-m\libg_nano.a(lib_a-nano-freer.o)
 .ARM.attributes
                0x00000772       0x2d c:/program files (x86)/cypress/psoc creator/4.2/psoc creator/import/gnu/arm/5.4.1/bin/../lib/gcc/arm-none-eabi/5.4.1/../../../../arm-none-eabi/lib/armv7-m\libg_nano.a(lib_a-nano-mallocr.o)
 .ARM.attributes
                0x0000079f       0x2d c:/program files (x86)/cypress/psoc creator/4.2/psoc creator/import/gnu/arm/5.4.1/bin/../lib/gcc/arm-none-eabi/5.4.1/../../../../arm-none-eabi/lib/armv7-m\libg_nano.a(lib_a-nano-reallocr.o)
 .ARM.attributes
                0x000007cc       0x2d c:/program files (x86)/cypress/psoc creator/4.2/psoc creator/import/gnu/arm/5.4.1/bin/../lib/gcc/arm-none-eabi/5.4.1/../../../../arm-none-eabi/lib/armv7-m\libg_nano.a(lib_a-sbrkr.o)
 .ARM.attributes
                0x000007f9       0x2d c:/program files (x86)/cypress/psoc creator/4.2/psoc creator/import/gnu/arm/5.4.1/bin/../lib/gcc/arm-none-eabi/5.4.1/../../../../arm-none-eabi/lib/armv7-m\libg_nano.a(lib_a-mlock.o)
 .ARM.attributes
                0x00000826       0x2d c:/program files (x86)/cypress/psoc creator/4.2/psoc creator/import/gnu/arm/5.4.1/bin/../lib/gcc/arm-none-eabi/5.4.1/../../../../arm-none-eabi/lib/armv7-m\libg_nano.a(lib_a-nano-msizer.o)
 .ARM.attributes
                0x00000853       0x2d c:/program files (x86)/cypress/psoc creator/4.2/psoc creator/import/gnu/arm/5.4.1/bin/../lib/gcc/arm-none-eabi/5.4.1/../../../../arm-none-eabi/lib/armv7-m\libg_nano.a(lib_a-reent.o)
 .ARM.attributes
                0x00000880       0x2d c:/program files (x86)/cypress/psoc creator/4.2/psoc creator/import/gnu/arm/5.4.1/bin/../lib/gcc/arm-none-eabi/5.4.1/armv7-m/crtend.o
 .ARM.attributes
                0x000008ad       0x1d c:/program files (x86)/cypress/psoc creator/4.2/psoc creator/import/gnu/arm/5.4.1/bin/../lib/gcc/arm-none-eabi/5.4.1/armv7-m/crtn.o

/DISCARD/
 *(.note.GNU-stack)
OUTPUT(C:\Users\nikod\Documents\PSoC Creator\Control-Mercury\Prototipo.cydsn\CortexM3\ARM_GCC_541\Debug\Prototipo.elf elf32-littlearm)
